Archive member included to satisfy reference by file (symbol)

z:/downloads/nucleistudio_ide_202204-win64/nucleistudio/toolchain/gcc/bin/../lib/gcc/riscv-nuclei-elf/10.2.0/rv32imac/ilp32\libgcc.a(_divdi3.o)
                              ./hbird_sdk/SoC/hbirdv2/Common/Source/Stubs/gettimeofday.o (__divdi3)
z:/downloads/nucleistudio_ide_202204-win64/nucleistudio/toolchain/gcc/bin/../lib/gcc/riscv-nuclei-elf/10.2.0/rv32imac/ilp32\libgcc.a(_udivdi3.o)
                              ./hbird_sdk/SoC/hbirdv2/Common/Source/Stubs/gettimeofday.o (__udivdi3)
z:/downloads/nucleistudio_ide_202204-win64/nucleistudio/toolchain/gcc/bin/../lib/gcc/riscv-nuclei-elf/10.2.0/rv32imac/ilp32\libgcc.a(_umoddi3.o)
                              ./hbird_sdk/SoC/hbirdv2/Common/Source/Stubs/gettimeofday.o (__umoddi3)
z:/downloads/nucleistudio_ide_202204-win64/nucleistudio/toolchain/gcc/bin/../lib/gcc/riscv-nuclei-elf/10.2.0/rv32imac/ilp32\libgcc.a(_clz.o)
                              z:/downloads/nucleistudio_ide_202204-win64/nucleistudio/toolchain/gcc/bin/../lib/gcc/riscv-nuclei-elf/10.2.0/rv32imac/ilp32\libgcc.a(_divdi3.o) (__clz_tab)
z:/downloads/nucleistudio_ide_202204-win64/nucleistudio/toolchain/gcc/bin/../lib/gcc/riscv-nuclei-elf/10.2.0/../../../../riscv-nuclei-elf/lib/rv32imac/ilp32\libg_nano.a(lib_a-atexit.o)
                              ./hbird_sdk/SoC/hbirdv2/Common/Source/GCC/startup_hbirdv2.o (atexit)
z:/downloads/nucleistudio_ide_202204-win64/nucleistudio/toolchain/gcc/bin/../lib/gcc/riscv-nuclei-elf/10.2.0/../../../../riscv-nuclei-elf/lib/rv32imac/ilp32\libg_nano.a(lib_a-fini.o)
                              ./hbird_sdk/SoC/hbirdv2/Common/Source/GCC/startup_hbirdv2.o (__libc_fini_array)
z:/downloads/nucleistudio_ide_202204-win64/nucleistudio/toolchain/gcc/bin/../lib/gcc/riscv-nuclei-elf/10.2.0/../../../../riscv-nuclei-elf/lib/rv32imac/ilp32\libg_nano.a(lib_a-init.o)
                              ./hbird_sdk/SoC/hbirdv2/Common/Source/GCC/startup_hbirdv2.o (__libc_init_array)
z:/downloads/nucleistudio_ide_202204-win64/nucleistudio/toolchain/gcc/bin/../lib/gcc/riscv-nuclei-elf/10.2.0/../../../../riscv-nuclei-elf/lib/rv32imac/ilp32\libg_nano.a(lib_a-nano-vfprintf_float.o)
                              (_printf_float)
z:/downloads/nucleistudio_ide_202204-win64/nucleistudio/toolchain/gcc/bin/../lib/gcc/riscv-nuclei-elf/10.2.0/../../../../riscv-nuclei-elf/lib/rv32imac/ilp32\libg_nano.a(lib_a-nano-vfprintf_i.o)
                              z:/downloads/nucleistudio_ide_202204-win64/nucleistudio/toolchain/gcc/bin/../lib/gcc/riscv-nuclei-elf/10.2.0/../../../../riscv-nuclei-elf/lib/rv32imac/ilp32\libg_nano.a(lib_a-nano-vfprintf_float.o) (_printf_common)
z:/downloads/nucleistudio_ide_202204-win64/nucleistudio/toolchain/gcc/bin/../lib/gcc/riscv-nuclei-elf/10.2.0/../../../../riscv-nuclei-elf/lib/rv32imac/ilp32\libg_nano.a(lib_a-printf.o)
                              ./hbird_sdk/SoC/hbirdv2/Common/Source/system_hbirdv2.o (printf)
z:/downloads/nucleistudio_ide_202204-win64/nucleistudio/toolchain/gcc/bin/../lib/gcc/riscv-nuclei-elf/10.2.0/../../../../riscv-nuclei-elf/lib/rv32imac/ilp32\libg_nano.a(lib_a-puts.o)
                              ./hbird_sdk/SoC/hbirdv2/Common/Source/system_hbirdv2.o (puts)
z:/downloads/nucleistudio_ide_202204-win64/nucleistudio/toolchain/gcc/bin/../lib/gcc/riscv-nuclei-elf/10.2.0/../../../../riscv-nuclei-elf/lib/rv32imac/ilp32\libg_nano.a(lib_a-reent.o)
                              ./hbird_sdk/SoC/hbirdv2/Common/Source/Stubs/close.o (errno)
z:/downloads/nucleistudio_ide_202204-win64/nucleistudio/toolchain/gcc/bin/../lib/gcc/riscv-nuclei-elf/10.2.0/../../../../riscv-nuclei-elf/lib/rv32imac/ilp32\libg_nano.a(lib_a-strlen.o)
                              z:/downloads/nucleistudio_ide_202204-win64/nucleistudio/toolchain/gcc/bin/../lib/gcc/riscv-nuclei-elf/10.2.0/../../../../riscv-nuclei-elf/lib/rv32imac/ilp32\libg_nano.a(lib_a-nano-vfprintf_float.o) (strlen)
z:/downloads/nucleistudio_ide_202204-win64/nucleistudio/toolchain/gcc/bin/../lib/gcc/riscv-nuclei-elf/10.2.0/../../../../riscv-nuclei-elf/lib/rv32imac/ilp32\libg_nano.a(lib_a-sysisatty.o)
                              ./hbird_sdk/SoC/hbirdv2/Common/Source/Stubs/write.o (isatty)
z:/downloads/nucleistudio_ide_202204-win64/nucleistudio/toolchain/gcc/bin/../lib/gcc/riscv-nuclei-elf/10.2.0/../../../../riscv-nuclei-elf/lib/rv32imac/ilp32\libg_nano.a(lib_a-wbuf.o)
                              z:/downloads/nucleistudio_ide_202204-win64/nucleistudio/toolchain/gcc/bin/../lib/gcc/riscv-nuclei-elf/10.2.0/../../../../riscv-nuclei-elf/lib/rv32imac/ilp32\libg_nano.a(lib_a-puts.o) (__swbuf_r)
z:/downloads/nucleistudio_ide_202204-win64/nucleistudio/toolchain/gcc/bin/../lib/gcc/riscv-nuclei-elf/10.2.0/../../../../riscv-nuclei-elf/lib/rv32imac/ilp32\libg_nano.a(lib_a-wsetup.o)
[...]
Memory Configuration

Name             Origin             Length             Attributes
ilm              0x0000000080000000 0x0000000000010000 axrl !w
ram              0x0000000090000000 0x0000000000010000 axw !rl
*default*        0x0000000000000000 0xffffffffffffffff

Linker script and memory map

LOAD ./hbird_sdk/SoC/hbirdv2/Common/Source/Stubs/clock_getres.o
LOAD ./hbird_sdk/SoC/hbirdv2/Common/Source/Stubs/clock_gettime.o
LOAD ./hbird_sdk/SoC/hbirdv2/Common/Source/Stubs/clock_settime.o
LOAD ./hbird_sdk/SoC/hbirdv2/Common/Source/Stubs/close.o
LOAD ./hbird_sdk/SoC/hbirdv2/Common/Source/Stubs/execve.o
LOAD ./hbird_sdk/SoC/hbirdv2/Common/Source/Stubs/exit.o
LOAD ./hbird_sdk/SoC/hbirdv2/Common/Source/Stubs/fork.o
LOAD ./hbird_sdk/SoC/hbirdv2/Common/Source/Stubs/fstat.o
LOAD ./hbird_sdk/SoC/hbirdv2/Common/Source/Stubs/getpid.o
LOAD ./hbird_sdk/SoC/hbirdv2/Common/Source/Stubs/gettimeofday.o
LOAD ./hbird_sdk/SoC/hbirdv2/Common/Source/Stubs/isatty.o
LOAD ./hbird_sdk/SoC/hbirdv2/Common/Source/Stubs/kill.o
LOAD ./hbird_sdk/SoC/hbirdv2/Common/Source/Stubs/link.o
LOAD ./hbird_sdk/SoC/hbirdv2/Common/Source/Stubs/lseek.o
LOAD ./hbird_sdk/SoC/hbirdv2/Common/Source/Stubs/open.o
LOAD ./hbird_sdk/SoC/hbirdv2/Common/Source/Stubs/read.o
LOAD ./hbird_sdk/SoC/hbirdv2/Common/Source/Stubs/sbrk.o
LOAD ./hbird_sdk/SoC/hbirdv2/Common/Source/Stubs/stat.o
LOAD ./hbird_sdk/SoC/hbirdv2/Common/Source/Stubs/times.o
LOAD ./hbird_sdk/SoC/hbirdv2/Common/Source/Stubs/unlink.o
LOAD ./hbird_sdk/SoC/hbirdv2/Common/Source/Stubs/wait.o
LOAD ./hbird_sdk/SoC/hbirdv2/Common/Source/Stubs/write.o
LOAD ./hbird_sdk/SoC/hbirdv2/Common/Source/GCC/intexc_hbirdv2.o
LOAD ./hbird_sdk/SoC/hbirdv2/Common/Source/GCC/startup_hbirdv2.o
LOAD ./hbird_sdk/SoC/hbirdv2/Common/Source/Drivers/hbirdv2_gpio.o
LOAD ./hbird_sdk/SoC/hbirdv2/Common/Source/Drivers/hbirdv2_i2c.o
LOAD ./hbird_sdk/SoC/hbirdv2/Common/Source/Drivers/hbirdv2_pwm.o
LOAD ./hbird_sdk/SoC/hbirdv2/Common/Source/Drivers/hbirdv2_spi.o
LOAD ./hbird_sdk/SoC/hbirdv2/Common/Source/Drivers/hbirdv2_uart.o
LOAD ./hbird_sdk/SoC/hbirdv2/Common/Source/Drivers/htif.o
LOAD ./hbird_sdk/SoC/hbirdv2/Common/Source/hbirdv2_common.o
LOAD ./hbird_sdk/SoC/hbirdv2/Common/Source/system_hbirdv2.o
LOAD ./application/main.o
LOAD z:/downloads/nucleistudio_ide_202204-win64/nucleistudio/toolchain/gcc/bin/../lib/gcc/riscv-nuclei-elf/10.2.0/../../../../riscv-nuclei-elf/lib/rv32imac/ilp32\libstdc++.a
LOAD z:/downloads/nucleistudio_ide_202204-win64/nucleistudio/toolchain/gcc/bin/../lib/gcc/riscv-nuclei-elf/10.2.0/../../../../riscv-nuclei-elf/lib/rv32imac/ilp32\libstdc++.a
LOAD z:/downloads/nucleistudio_ide_202204-win64/nucleistudio/toolchain/gcc/bin/../lib/gcc/riscv-nuclei-elf/10.2.0/../../../../riscv-nuclei-elf/lib/rv32imac/ilp32\libm_nano.a
LOAD z:/downloads/nucleistudio_ide_202204-win64/nucleistudio/toolchain/gcc/bin/../lib/gcc/riscv-nuclei-elf/10.2.0/rv32imac/ilp32\libgcc.a
LOAD z:/downloads/nucleistudio_ide_202204-win64/nucleistudio/toolchain/gcc/bin/../lib/gcc/riscv-nuclei-elf/10.2.0/../../../../riscv-nuclei-elf/lib/rv32imac/ilp32\libg_nano.a
LOAD z:/downloads/nucleistudio_ide_202204-win64/nucleistudio/toolchain/gcc/bin/../lib/gcc/riscv-nuclei-elf/10.2.0/../../../../riscv-nuclei-elf/lib/rv32imac/ilp32\libc_nano.a
LOAD z:/downloads/nucleistudio_ide_202204-win64/nucleistudio/toolchain/gcc/bin/../lib/gcc/riscv-nuclei-elf/10.2.0/rv32imac/ilp32\libgcc.a
START GROUP
LOAD z:/downloads/nucleistudio_ide_202204-win64/nucleistudio/toolchain/gcc/bin/../lib/gcc/riscv-nuclei-elf/10.2.0/rv32imac/ilp32\libgcc.a
LOAD z:/downloads/nucleistudio_ide_202204-win64/nucleistudio/toolchain/gcc/bin/../lib/gcc/riscv-nuclei-elf/10.2.0/../../../../riscv-nuclei-elf/lib/rv32imac/ilp32\libc_nano.a
LOAD z:/downloads/nucleistudio_ide_202204-win64/nucleistudio/toolchain/gcc/bin/../lib/gcc/riscv-nuclei-elf/10.2.0/../../../../riscv-nuclei-elf/lib/rv32imac/ilp32\libnosys.a
END GROUP
START GROUP
LOAD z:/downloads/nucleistudio_ide_202204-win64/nucleistudio/toolchain/gcc/bin/../lib/gcc/riscv-nuclei-elf/10.2.0/rv32imac/ilp32\libgcc.a
LOAD z:/downloads/nucleistudio_ide_202204-win64/nucleistudio/toolchain/gcc/bin/../lib/gcc/riscv-nuclei-elf/10.2.0/../../../../riscv-nuclei-elf/lib/rv32imac/ilp32\libc_nano.a
LOAD z:/downloads/nucleistudio_ide_202204-win64/nucleistudio/toolchain/gcc/bin/../lib/gcc/riscv-nuclei-elf/10.2.0/../../../../riscv-nuclei-elf/lib/rv32imac/ilp32\libnosys.a
END GROUP
                0x0000000000000800                __stack_size = DEFINED (__stack_size)?__stack_size:0x800

.init           0x0000000080000000       0xba
 *(.vtable)
 *(SORT_NONE(.init))
 .init          0x0000000080000000       0xba ./hbird_sdk/SoC/hbirdv2/Common/Source/GCC/startup_hbirdv2.o
                0x0000000080000000                _start

.ilalign        0x00000000800000ba        0x2
                0x00000000800000bc                . = ALIGN (0x4)
 *fill*         0x00000000800000ba        0x2 
                0x00000000800000bc                PROVIDE (_ilm_lma = .)

.ialign         0x00000000800000bc        0x0
                0x00000000800000bc                PROVIDE (_ilm = .)

.text           0x00000000800000bc     0x5d5e
 *(.text.unlikely .text.unlikely.*)
 *(.text.startup .text.startup.*)
 .text.startup.main
                0x00000000800000bc       0x4a ./application/main.o
                0x00000000800000bc                main
 *(.text .text.*)
 *fill*         0x0000000080000106        0x2 
 .text._close   0x0000000080000108        0xa ./hbird_sdk/SoC/hbirdv2/Common/Source/Stubs/close.o
                0x0000000080000108                _close
 *fill*         0x0000000080000112        0x2 
 .text._exit    0x0000000080000114       0x24 ./hbird_sdk/SoC/hbirdv2/Common/Source/Stubs/exit.o
                0x0000000080000114                _exit
 .text._fstat   0x0000000080000138       0x1e ./hbird_sdk/SoC/hbirdv2/Common/Source/Stubs/fstat.o
                0x0000000080000138                _fstat
 *fill*         0x0000000080000156        0x2 
 .text._getpid  0x0000000080000158        0x6 ./hbird_sdk/SoC/hbirdv2/Common/Source/Stubs/getpid.o
                0x0000000080000158                _getpid
 *fill*         0x000000008000015e        0x2 
 .text._isatty  0x0000000080000160        0x6 ./hbird_sdk/SoC/hbirdv2/Common/Source/Stubs/isatty.o
                0x0000000080000160                _isatty
 *fill*         0x0000000080000166        0x2 
 .text._kill    0x0000000080000168        0xa ./hbird_sdk/SoC/hbirdv2/Common/Source/Stubs/kill.o
                0x0000000080000168                _kill
 *fill*         0x0000000080000172        0x2 
 .text._lseek   0x0000000080000174        0x6 ./hbird_sdk/SoC/hbirdv2/Common/Source/Stubs/lseek.o
                0x0000000080000174                _lseek
 *fill*         0x000000008000017a        0x2 
 .text._read    0x000000008000017c       0x28 ./hbird_sdk/SoC/hbirdv2/Common/Source/Stubs/read.o
                0x000000008000017c                _read
 *fill*         0x00000000800001a4        0x0 
 .text._sbrk    0x00000000800001a4       0x2e ./hbird_sdk/SoC/hbirdv2/Common/Source/Stubs/sbrk.o
                0x00000000800001a4                _sbrk
 *fill*         0x00000000800001d2        0x2 
 .text._write   0x00000000800001d4      0x28e ./hbird_sdk/SoC/hbirdv2/Common/Source/Stubs/write.o
                0x00000000800001d4                _write
 *fill*         0x0000000080000462        0x2 
 .text.trap     0x0000000080000464       0x78 ./hbird_sdk/SoC/hbirdv2/Common/Source/GCC/intexc_hbirdv2.o
                0x0000000080000464                trap_entry
 *fill*         0x00000000800004dc        0x0 
 .text.gpio_iof_config
                0x00000000800004dc       0x16 ./hbird_sdk/SoC/hbirdv2/Common/Source/Drivers/hbirdv2_gpio.o
                0x00000000800004dc                gpio_iof_config
 *fill*         0x00000000800004f2        0x2 
 .text.uart_init
                0x00000000800004f4       0x46 ./hbird_sdk/SoC/hbirdv2/Common/Source/Drivers/hbirdv2_uart.o
                0x00000000800004f4                uart_init
 *fill*         0x000000008000053a        0x2 
 .text.uart_write
                0x000000008000053c       0x64 ./hbird_sdk/SoC/hbirdv2/Common/Source/Drivers/hbirdv2_uart.o
                0x000000008000053c                uart_write
 .text.uart_read
                0x00000000800005a0       0x66 ./hbird_sdk/SoC/hbirdv2/Common/Source/Drivers/hbirdv2_uart.o
                0x00000000800005a0                uart_read
 *fill*         0x0000000080000606        0x2 
 .text.get_cpu_freq
                0x0000000080000608      0x280 ./hbird_sdk/SoC/hbirdv2/Common/Source/hbirdv2_common.o
                0x0000000080000608                get_cpu_freq
 *fill*         0x0000000080000888        0x0 
 .text.system_default_exception_handler
                0x0000000080000888       0x46 ./hbird_sdk/SoC/hbirdv2/Common/Source/system_hbirdv2.o
 *fill*         0x00000000800008ce        0x2 
 .text.system_default_interrupt_handler
                0x00000000800008d0       0x4a ./hbird_sdk/SoC/hbirdv2/Common/Source/system_hbirdv2.o
 *fill*         0x000000008000091a        0x2 
 .text.SystemInit
                0x000000008000091c       0x12 ./hbird_sdk/SoC/hbirdv2/Common/Source/system_hbirdv2.o
                0x000000008000091c                SystemInit
 *fill*         0x000000008000092e        0x2 
 .text.core_trap_handler
                0x0000000080000930       0xcc ./hbird_sdk/SoC/hbirdv2/Common/Source/system_hbirdv2.o
                0x0000000080000930                core_trap_handler
 .text._premain_init
                0x00000000800009fc      0x314 ./hbird_sdk/SoC/hbirdv2/Common/Source/system_hbirdv2.o
                0x00000000800009fc                _premain_init
 *fill*         0x0000000080000d10        0x0 
 .text._postmain_fini
                0x0000000080000d10        0x2 ./hbird_sdk/SoC/hbirdv2/Common/Source/system_hbirdv2.o
                0x0000000080000d10                _postmain_fini
 *fill*         0x0000000080000d12        0x2 
 .text._init    0x0000000080000d14        0x2 ./hbird_sdk/SoC/hbirdv2/Common/Source/system_hbirdv2.o
                0x0000000080000d14                _init
 *fill*         0x0000000080000d16        0x2 
 .text._fini    0x0000000080000d18        0x2 ./hbird_sdk/SoC/hbirdv2/Common/Source/system_hbirdv2.o
                0x0000000080000d18                _fini
 .text          0x0000000080000d1a      0x360 z:/downloads/nucleistudio_ide_202204-win64/nucleistudio/toolchain/gcc/bin/../lib/gcc/riscv-nuclei-elf/10.2.0/rv32imac/ilp32\libgcc.a(_udivdi3.o)
                0x0000000080000d1a                __udivdi3
 .text.atexit   0x000000008000107a        0xc z:/downloads/nucleistudio_ide_202204-win64/nucleistudio/toolchain/gcc/bin/../lib/gcc/riscv-nuclei-elf/10.2.0/../../../../riscv-nuclei-elf/lib/rv32imac/ilp32\libg_nano.a(lib_a-atexit.o)
                0x000000008000107a                atexit
 .text.__libc_fini_array
                0x0000000080001086       0x36 z:/downloads/nucleistudio_ide_202204-win64/nucleistudio/toolchain/gcc/bin/../lib/gcc/riscv-nuclei-elf/10.2.0/../../../../riscv-nuclei-elf/lib/rv32imac/ilp32\libg_nano.a(lib_a-fini.o)
                0x0000000080001086                __libc_fini_array
 .text.__libc_init_array
                0x00000000800010bc       0x5e z:/downloads/nucleistudio_ide_202204-win64/nucleistudio/toolchain/gcc/bin/../lib/gcc/riscv-nuclei-elf/10.2.0/../../../../riscv-nuclei-elf/lib/rv32imac/ilp32\libg_nano.a(lib_a-init.o)
                0x00000000800010bc                __libc_init_array
 .text.__cvt    0x000000008000111a       0xec z:/downloads/nucleistudio_ide_202204-win64/nucleistudio/toolchain/gcc/bin/../lib/gcc/riscv-nuclei-elf/10.2.0/../../../../riscv-nuclei-elf/lib/rv32imac/ilp32\libg_nano.a(lib_a-nano-vfprintf_float.o)
                0x000000008000111a                __cvt
 .text.__exponent
                0x0000000080001206       0x9c z:/downloads/nucleistudio_ide_202204-win64/nucleistudio/toolchain/gcc/bin/../lib/gcc/riscv-nuclei-elf/10.2.0/../../../../riscv-nuclei-elf/lib/rv32imac/ilp32\libg_nano.a(lib_a-nano-vfprintf_float.o)
                0x0000000080001206                __exponent
 .text._printf_float
                0x00000000800012a2      0x4d4 z:/downloads/nucleistudio_ide_202204-win64/nucleistudio/toolchain/gcc/bin/../lib/gcc/riscv-nuclei-elf/10.2.0/../../../../riscv-nuclei-elf/lib/rv32imac/ilp32\libg_nano.a(lib_a-nano-vfprintf_float.o)
                0x00000000800012a2                _printf_float
 .text._printf_common
                0x0000000080001776      0x10c z:/downloads/nucleistudio_ide_202204-win64/nucleistudio/toolchain/gcc/bin/../lib/gcc/riscv-nuclei-elf/10.2.0/../../../../riscv-nuclei-elf/lib/rv32imac/ilp32\libg_nano.a(lib_a-nano-vfprintf_i.o)
                0x0000000080001776                _printf_common
 .text._printf_i
                0x0000000080001882      0x272 z:/downloads/nucleistudio_ide_202204-win64/nucleistudio/toolchain/gcc/bin/../lib/gcc/riscv-nuclei-elf/10.2.0/../../../../riscv-nuclei-elf/lib/rv32imac/ilp32\libg_nano.a(lib_a-nano-vfprintf_i.o)
                0x0000000080001882                _printf_i
 .text.printf   0x0000000080001af4       0x40 z:/downloads/nucleistudio_ide_202204-win64/nucleistudio/toolchain/gcc/bin/../lib/gcc/riscv-nuclei-elf/10.2.0/../../../../riscv-nuclei-elf/lib/rv32imac/ilp32\libg_nano.a(lib_a-printf.o)
                0x0000000080001af4                iprintf
                0x0000000080001af4                printf
 .text._puts_r  0x0000000080001b34       0xde z:/downloads/nucleistudio_ide_202204-win64/nucleistudio/toolchain/gcc/bin/../lib/gcc/riscv-nuclei-elf/10.2.0/../../../../riscv-nuclei-elf/lib/rv32imac/ilp32\libg_nano.a(lib_a-puts.o)
                0x0000000080001b34                _puts_r
 .text.puts     0x0000000080001c12        0xc z:/downloads/nucleistudio_ide_202204-win64/nucleistudio/toolchain/gcc/bin/../lib/gcc/riscv-nuclei-elf/10.2.0/../../../../riscv-nuclei-elf/lib/rv32imac/ilp32\libg_nano.a(lib_a-puts.o)
                0x0000000080001c12                puts
 .text.strlen   0x0000000080001c1e       0x12 z:/downloads/nucleistudio_ide_202204-win64/nucleistudio/toolchain/gcc/bin/../lib/gcc/riscv-nuclei-elf/10.2.0/../../../../riscv-nuclei-elf/lib/rv32imac/ilp32\libg_nano.a(lib_a-strlen.o)
                0x0000000080001c1e                strlen
 .text.isatty   0x0000000080001c30        0x4 z:/downloads/nucleistudio_ide_202204-win64/nucleistudio/toolchain/gcc/bin/../lib/gcc/riscv-nuclei-elf/10.2.0/../../../../riscv-nuclei-elf/lib/rv32imac/ilp32\libg_nano.a(lib_a-sysisatty.o)
                0x0000000080001c30                isatty
 .text.__swbuf_r
                0x0000000080001c34       0xc6 z:/downloads/nucleistudio_ide_202204-win64/nucleistudio/toolchain/gcc/bin/../lib/gcc/riscv-nuclei-elf/10.2.0/../../../../riscv-nuclei-elf/lib/rv32imac/ilp32\libg_nano.a(lib_a-wbuf.o)
                0x0000000080001c34                __swbuf_r
 .text.__swsetup_r
                0x0000000080001cfa      0x110 z:/downloads/nucleistudio_ide_202204-win64/nucleistudio/toolchain/gcc/bin/../lib/gcc/riscv-nuclei-elf/10.2.0/../../../../riscv-nuclei-elf/lib/rv32imac/ilp32\libg_nano.a(lib_a-wsetup.o)
                0x0000000080001cfa                __swsetup_r
 .text.__register_exitproc
                0x0000000080001e0a       0x74 z:/downloads/nucleistudio_ide_202204-win64/nucleistudio/toolchain/gcc/bin/../lib/gcc/riscv-nuclei-elf/10.2.0/../../../../riscv-nuclei-elf/lib/rv32imac/ilp32\libg_nano.a(lib_a-__atexit.o)
                0x0000000080001e0a                __register_exitproc
 .text.quorem   0x0000000080001e7e      0x12c z:/downloads/nucleistudio_ide_202204-win64/nucleistudio/toolchain/gcc/bin/../lib/gcc/riscv-nuclei-elf/10.2.0/../../../../riscv-nuclei-elf/lib/rv32imac/ilp32\libg_nano.a(lib_a-dtoa.o)
 .text._dtoa_r  0x0000000080001faa      0xc54 z:/downloads/nucleistudio_ide_202204-win64/nucleistudio/toolchain/gcc/bin/../lib/gcc/riscv-nuclei-elf/10.2.0/../../../../riscv-nuclei-elf/lib/rv32imac/ilp32\libg_nano.a(lib_a-dtoa.o)
                0x0000000080001faa                _dtoa_r
 .text.__sflush_r
                0x0000000080002bfe      0x148 z:/downloads/nucleistudio_ide_202204-win64/nucleistudio/toolchain/gcc/bin/../lib/gcc/riscv-nuclei-elf/10.2.0/../../../../riscv-nuclei-elf/lib/rv32imac/ilp32\libg_nano.a(lib_a-fflush.o)
                0x0000000080002bfe                __sflush_r
 .text._fflush_r
                0x0000000080002d46       0x64 z:/downloads/nucleistudio_ide_202204-win64/nucleistudio/toolchain/gcc/bin/../lib/gcc/riscv-nuclei-elf/10.2.0/../../../../riscv-nuclei-elf/lib/rv32imac/ilp32\libg_nano.a(lib_a-fflush.o)
                0x0000000080002d46                _fflush_r
 .text.std      0x0000000080002daa       0x68 z:/downloads/nucleistudio_ide_202204-win64/nucleistudio/toolchain/gcc/bin/../lib/gcc/riscv-nuclei-elf/10.2.0/../../../../riscv-nuclei-elf/lib/rv32imac/ilp32\libg_nano.a(lib_a-findfp.o)
 .text._cleanup_r
                0x0000000080002e12        0xa z:/downloads/nucleistudio_ide_202204-win64/nucleistudio/toolchain/gcc/bin/../lib/gcc/riscv-nuclei-elf/10.2.0/../../../../riscv-nuclei-elf/lib/rv32imac/ilp32\libg_nano.a(lib_a-findfp.o)
                0x0000000080002e12                _cleanup_r
 .text.__sfmoreglue
                0x0000000080002e1c       0x46 z:/downloads/nucleistudio_ide_202204-win64/nucleistudio/toolchain/gcc/bin/../lib/gcc/riscv-nuclei-elf/10.2.0/../../../../riscv-nuclei-elf/lib/rv32imac/ilp32\libg_nano.a(lib_a-findfp.o)
                0x0000000080002e1c                __sfmoreglue
 .text.__sinit  0x0000000080002e62       0x66 z:/downloads/nucleistudio_ide_202204-win64/nucleistudio/toolchain/gcc/bin/../lib/gcc/riscv-nuclei-elf/10.2.0/../../../../riscv-nuclei-elf/lib/rv32imac/ilp32\libg_nano.a(lib_a-findfp.o)
                0x0000000080002e62                __sinit
 .text.__sfp    0x0000000080002ec8       0x98 z:/downloads/nucleistudio_ide_202204-win64/nucleistudio/toolchain/gcc/bin/../lib/gcc/riscv-nuclei-elf/10.2.0/../../../../riscv-nuclei-elf/lib/rv32imac/ilp32\libg_nano.a(lib_a-findfp.o)
                0x0000000080002ec8                __sfp
 .text._fwalk_reent
                0x0000000080002f60       0x6a z:/downloads/nucleistudio_ide_202204-win64/nucleistudio/toolchain/gcc/bin/../lib/gcc/riscv-nuclei-elf/10.2.0/../../../../riscv-nuclei-elf/lib/rv32imac/ilp32\libg_nano.a(lib_a-fwalk.o)
                0x0000000080002f60                _fwalk_reent
 .text._localeconv_r
                0x0000000080002fca        0xa z:/downloads/nucleistudio_ide_202204-win64/nucleistudio/toolchain/gcc/bin/../lib/gcc/riscv-nuclei-elf/10.2.0/../../../../riscv-nuclei-elf/lib/rv32imac/ilp32\libg_nano.a(lib_a-localeconv.o)
                0x0000000080002fca                _localeconv_r
 .text.__swhatbuf_r
                0x0000000080002fd4       0x5c z:/downloads/nucleistudio_ide_202204-win64/nucleistudio/toolchain/gcc/bin/../lib/gcc/riscv-nuclei-elf/10.2.0/../../../../riscv-nuclei-elf/lib/rv32imac/ilp32\libg_nano.a(lib_a-makebuf.o)
                0x0000000080002fd4                __swhatbuf_r
 .text.__smakebuf_r
                0x0000000080003030       0xa0 z:/downloads/nucleistudio_ide_202204-win64/nucleistudio/toolchain/gcc/bin/../lib/gcc/riscv-nuclei-elf/10.2.0/../../../../riscv-nuclei-elf/lib/rv32imac/ilp32\libg_nano.a(lib_a-makebuf.o)
                0x0000000080003030                __smakebuf_r
 .text.malloc   0x00000000800030d0        0xe z:/downloads/nucleistudio_ide_202204-win64/nucleistudio/toolchain/gcc/bin/../lib/gcc/riscv-nuclei-elf/10.2.0/../../../../riscv-nuclei-elf/lib/rv32imac/ilp32\libg_nano.a(lib_a-malloc.o)
                0x00000000800030d0                malloc
 .text.memchr   0x00000000800030de       0x1a z:/downloads/nucleistudio_ide_202204-win64/nucleistudio/toolchain/gcc/bin/../lib/gcc/riscv-nuclei-elf/10.2.0/../../../../riscv-nuclei-elf/lib/rv32imac/ilp32\libg_nano.a(lib_a-memchr.o)
                0x00000000800030de                memchr
 .text.memcpy   0x00000000800030f8       0xdc z:/downloads/nucleistudio_ide_202204-win64/nucleistudio/toolchain/gcc/bin/../lib/gcc/riscv-nuclei-elf/10.2.0/../../../../riscv-nuclei-elf/lib/rv32imac/ilp32\libg_nano.a(lib_a-memcpy.o)
                0x00000000800030f8                memcpy
 .text          0x00000000800031d4       0xa8 z:/downloads/nucleistudio_ide_202204-win64/nucleistudio/toolchain/gcc/bin/../lib/gcc/riscv-nuclei-elf/10.2.0/../../../../riscv-nuclei-elf/lib/rv32imac/ilp32\libg_nano.a(lib_a-memset.o)
                0x00000000800031d4                memset
 .text._Balloc  0x000000008000327c       0xac z:/downloads/nucleistudio_ide_202204-win64/nucleistudio/toolchain/gcc/bin/../lib/gcc/riscv-nuclei-elf/10.2.0/../../../../riscv-nuclei-elf/lib/rv32imac/ilp32\libg_nano.a(lib_a-mprec.o)
                0x000000008000327c                _Balloc
 .text._Bfree   0x0000000080003328       0x60 z:/downloads/nucleistudio_ide_202204-win64/nucleistudio/toolchain/gcc/bin/../lib/gcc/riscv-nuclei-elf/10.2.0/../../../../riscv-nuclei-elf/lib/rv32imac/ilp32\libg_nano.a(lib_a-mprec.o)
                0x0000000080003328                _Bfree
 .text.__multadd
                0x0000000080003388       0xba z:/downloads/nucleistudio_ide_202204-win64/nucleistudio/toolchain/gcc/bin/../lib/gcc/riscv-nuclei-elf/10.2.0/../../../../riscv-nuclei-elf/lib/rv32imac/ilp32\libg_nano.a(lib_a-mprec.o)
                0x0000000080003388                __multadd
 .text.__hi0bits
                0x0000000080003442       0x46 z:/downloads/nucleistudio_ide_202204-win64/nucleistudio/toolchain/gcc/bin/../lib/gcc/riscv-nuclei-elf/10.2.0/../../../../riscv-nuclei-elf/lib/rv32imac/ilp32\libg_nano.a(lib_a-mprec.o)
                0x0000000080003442                __hi0bits
 .text.__lo0bits
                0x0000000080003488       0x6a z:/downloads/nucleistudio_ide_202204-win64/nucleistudio/toolchain/gcc/bin/../lib/gcc/riscv-nuclei-elf/10.2.0/../../../../riscv-nuclei-elf/lib/rv32imac/ilp32\libg_nano.a(lib_a-mprec.o)
                0x0000000080003488                __lo0bits
 .text.__i2b    0x00000000800034f2       0x36 z:/downloads/nucleistudio_ide_202204-win64/nucleistudio/toolchain/gcc/bin/../lib/gcc/riscv-nuclei-elf/10.2.0/../../../../riscv-nuclei-elf/lib/rv32imac/ilp32\libg_nano.a(lib_a-mprec.o)
                0x00000000800034f2                __i2b
 .text.__multiply
                0x0000000080003528      0x17e z:/downloads/nucleistudio_ide_202204-win64/nucleistudio/toolchain/gcc/bin/../lib/gcc/riscv-nuclei-elf/10.2.0/../../../../riscv-nuclei-elf/lib/rv32imac/ilp32\libg_nano.a(lib_a-mprec.o)
                0x0000000080003528                __multiply
 .text.__pow5mult
                0x00000000800036a6       0xd2 z:/downloads/nucleistudio_ide_202204-win64/nucleistudio/toolchain/gcc/bin/../lib/gcc/riscv-nuclei-elf/10.2.0/../../../../riscv-nuclei-elf/lib/rv32imac/ilp32\libg_nano.a(lib_a-mprec.o)
                0x00000000800036a6                __pow5mult
 .text.__lshift
                0x0000000080003778      0x104 z:/downloads/nucleistudio_ide_202204-win64/nucleistudio/toolchain/gcc/bin/../lib/gcc/riscv-nuclei-elf/10.2.0/../../../../riscv-nuclei-elf/lib/rv32imac/ilp32\libg_nano.a(lib_a-mprec.o)
                0x0000000080003778                __lshift
 .text.__mcmp   0x000000008000387c       0x36 z:/downloads/nucleistudio_ide_202204-win64/nucleistudio/toolchain/gcc/bin/../lib/gcc/riscv-nuclei-elf/10.2.0/../../../../riscv-nuclei-elf/lib/rv32imac/ilp32\libg_nano.a(lib_a-mprec.o)
                0x000000008000387c                __mcmp
 .text.__mdiff  0x00000000800038b2      0x15c z:/downloads/nucleistudio_ide_202204-win64/nucleistudio/toolchain/gcc/bin/../lib/gcc/riscv-nuclei-elf/10.2.0/../../../../riscv-nuclei-elf/lib/rv32imac/ilp32\libg_nano.a(lib_a-mprec.o)
                0x00000000800038b2                __mdiff
 .text.__d2b    0x0000000080003a0e       0xee z:/downloads/nucleistudio_ide_202204-win64/nucleistudio/toolchain/gcc/bin/../lib/gcc/riscv-nuclei-elf/10.2.0/../../../../riscv-nuclei-elf/lib/rv32imac/ilp32\libg_nano.a(lib_a-mprec.o)
                0x0000000080003a0e                __d2b
 .text._calloc_r
                0x0000000080003afc       0x36 z:/downloads/nucleistudio_ide_202204-win64/nucleistudio/toolchain/gcc/bin/../lib/gcc/riscv-nuclei-elf/10.2.0/../../../../riscv-nuclei-elf/lib/rv32imac/ilp32\libg_nano.a(lib_a-nano-callocr.o)
                0x0000000080003afc                _calloc_r
 .text._free_r  0x0000000080003b32       0x9e z:/downloads/nucleistudio_ide_202204-win64/nucleistudio/toolchain/gcc/bin/../lib/gcc/riscv-nuclei-elf/10.2.0/../../../../riscv-nuclei-elf/lib/rv32imac/ilp32\libg_nano.a(lib_a-nano-freer.o)
                0x0000000080003b32                _free_r
 .text._malloc_r
                0x0000000080003bd0       0xd0 z:/downloads/nucleistudio_ide_202204-win64/nucleistudio/toolchain/gcc/bin/../lib/gcc/riscv-nuclei-elf/10.2.0/../../../../riscv-nuclei-elf/lib/rv32imac/ilp32\libg_nano.a(lib_a-nano-mallocr.o)
                0x0000000080003bd0                _malloc_r
 .text.__sfputc_r
                0x0000000080003ca0       0x2a z:/downloads/nucleistudio_ide_202204-win64/nucleistudio/toolchain/gcc/bin/../lib/gcc/riscv-nuclei-elf/10.2.0/../../../../riscv-nuclei-elf/lib/rv32imac/ilp32\libg_nano.a(lib_a-nano-vfprintf.o)
 .text.__sfputs_r
                0x0000000080003cca       0x42 z:/downloads/nucleistudio_ide_202204-win64/nucleistudio/toolchain/gcc/bin/../lib/gcc/riscv-nuclei-elf/10.2.0/../../../../riscv-nuclei-elf/lib/rv32imac/ilp32\libg_nano.a(lib_a-nano-vfprintf.o)
                0x0000000080003cca                __sfputs_r
 .text._vfprintf_r
                0x0000000080003d0c      0x29e z:/downloads/nucleistudio_ide_202204-win64/nucleistudio/toolchain/gcc/bin/../lib/gcc/riscv-nuclei-elf/10.2.0/../../../../riscv-nuclei-elf/lib/rv32imac/ilp32\libg_nano.a(lib_a-nano-vfprintf.o)
                0x0000000080003d0c                _vfprintf_r
                0x0000000080003d0c                _vfiprintf_r
 .text._sbrk_r  0x0000000080003faa       0x28 z:/downloads/nucleistudio_ide_202204-win64/nucleistudio/toolchain/gcc/bin/../lib/gcc/riscv-nuclei-elf/10.2.0/../../../../riscv-nuclei-elf/lib/rv32imac/ilp32\libg_nano.a(lib_a-sbrkr.o)
                0x0000000080003faa                _sbrk_r
 .text.__sread  0x0000000080003fd2       0x30 z:/downloads/nucleistudio_ide_202204-win64/nucleistudio/toolchain/gcc/bin/../lib/gcc/riscv-nuclei-elf/10.2.0/../../../../riscv-nuclei-elf/lib/rv32imac/ilp32\libg_nano.a(lib_a-stdio.o)
                0x0000000080003fd2                __sread
 .text.__swrite
                0x0000000080004002       0x4e z:/downloads/nucleistudio_ide_202204-win64/nucleistudio/toolchain/gcc/bin/../lib/gcc/riscv-nuclei-elf/10.2.0/../../../../riscv-nuclei-elf/lib/rv32imac/ilp32\libg_nano.a(lib_a-stdio.o)
                0x0000000080004002                __swrite
 .text.__sseek  0x0000000080004050       0x36 z:/downloads/nucleistudio_ide_202204-win64/nucleistudio/toolchain/gcc/bin/../lib/gcc/riscv-nuclei-elf/10.2.0/../../../../riscv-nuclei-elf/lib/rv32imac/ilp32\libg_nano.a(lib_a-stdio.o)
                0x0000000080004050                __sseek
 .text.__sclose
                0x0000000080004086        0x6 z:/downloads/nucleistudio_ide_202204-win64/nucleistudio/toolchain/gcc/bin/../lib/gcc/riscv-nuclei-elf/10.2.0/../../../../riscv-nuclei-elf/lib/rv32imac/ilp32\libg_nano.a(lib_a-stdio.o)
                0x0000000080004086                __sclose
 .text._write_r
                0x000000008000408c       0x2c z:/downloads/nucleistudio_ide_202204-win64/nucleistudio/toolchain/gcc/bin/../lib/gcc/riscv-nuclei-elf/10.2.0/../../../../riscv-nuclei-elf/lib/rv32imac/ilp32\libg_nano.a(lib_a-writer.o)
                0x000000008000408c                _write_r
 .text.__assert_func
                0x00000000800040b8       0x3a z:/downloads/nucleistudio_ide_202204-win64/nucleistudio/toolchain/gcc/bin/../lib/gcc/riscv-nuclei-elf/10.2.0/../../../../riscv-nuclei-elf/lib/rv32imac/ilp32\libg_nano.a(lib_a-assert.o)
                0x00000000800040b8                __assert_func
 .text._close_r
                0x00000000800040f2       0x28 z:/downloads/nucleistudio_ide_202204-win64/nucleistudio/toolchain/gcc/bin/../lib/gcc/riscv-nuclei-elf/10.2.0/../../../../riscv-nuclei-elf/lib/rv32imac/ilp32\libg_nano.a(lib_a-closer.o)
                0x00000000800040f2                _close_r
 .text.fprintf  0x000000008000411a       0x2a z:/downloads/nucleistudio_ide_202204-win64/nucleistudio/toolchain/gcc/bin/../lib/gcc/riscv-nuclei-elf/10.2.0/../../../../riscv-nuclei-elf/lib/rv32imac/ilp32\libg_nano.a(lib_a-fprintf.o)
                0x000000008000411a                fiprintf
                0x000000008000411a                fprintf
 .text._fstat_r
                0x0000000080004144       0x2a z:/downloads/nucleistudio_ide_202204-win64/nucleistudio/toolchain/gcc/bin/../lib/gcc/riscv-nuclei-elf/10.2.0/../../../../riscv-nuclei-elf/lib/rv32imac/ilp32\libg_nano.a(lib_a-fstatr.o)
                0x0000000080004144                _fstat_r
 .text._isatty_r
                0x000000008000416e       0x28 z:/downloads/nucleistudio_ide_202204-win64/nucleistudio/toolchain/gcc/bin/../lib/gcc/riscv-nuclei-elf/10.2.0/../../../../riscv-nuclei-elf/lib/rv32imac/ilp32\libg_nano.a(lib_a-isattyr.o)
                0x000000008000416e                _isatty_r
 .text._lseek_r
                0x0000000080004196       0x2c z:/downloads/nucleistudio_ide_202204-win64/nucleistudio/toolchain/gcc/bin/../lib/gcc/riscv-nuclei-elf/10.2.0/../../../../riscv-nuclei-elf/lib/rv32imac/ilp32\libg_nano.a(lib_a-lseekr.o)
                0x0000000080004196                _lseek_r
 .text.__ascii_mbtowc
                0x00000000800041c2       0x3a z:/downloads/nucleistudio_ide_202204-win64/nucleistudio/toolchain/gcc/bin/../lib/gcc/riscv-nuclei-elf/10.2.0/../../../../riscv-nuclei-elf/lib/rv32imac/ilp32\libg_nano.a(lib_a-mbtowc_r.o)
                0x00000000800041c2                __ascii_mbtowc
 .text.__malloc_lock
                0x00000000800041fc        0x2 z:/downloads/nucleistudio_ide_202204-win64/nucleistudio/toolchain/gcc/bin/../lib/gcc/riscv-nuclei-elf/10.2.0/../../../../riscv-nuclei-elf/lib/rv32imac/ilp32\libg_nano.a(lib_a-mlock.o)
                0x00000000800041fc                __malloc_lock
 .text.__malloc_unlock
                0x00000000800041fe        0x2 z:/downloads/nucleistudio_ide_202204-win64/nucleistudio/toolchain/gcc/bin/../lib/gcc/riscv-nuclei-elf/10.2.0/../../../../riscv-nuclei-elf/lib/rv32imac/ilp32\libg_nano.a(lib_a-mlock.o)
                0x00000000800041fe                __malloc_unlock
 .text._read_r  0x0000000080004200       0x2c z:/downloads/nucleistudio_ide_202204-win64/nucleistudio/toolchain/gcc/bin/../lib/gcc/riscv-nuclei-elf/10.2.0/../../../../riscv-nuclei-elf/lib/rv32imac/ilp32\libg_nano.a(lib_a-readr.o)
                0x0000000080004200                _read_r
 .text.__ascii_wctomb
                0x000000008000422c       0x20 z:/downloads/nucleistudio_ide_202204-win64/nucleistudio/toolchain/gcc/bin/../lib/gcc/riscv-nuclei-elf/10.2.0/../../../../riscv-nuclei-elf/lib/rv32imac/ilp32\libg_nano.a(lib_a-wctomb_r.o)
                0x000000008000422c                __ascii_wctomb
 .text.abort    0x000000008000424c        0xe z:/downloads/nucleistudio_ide_202204-win64/nucleistudio/toolchain/gcc/bin/../lib/gcc/riscv-nuclei-elf/10.2.0/../../../../riscv-nuclei-elf/lib/rv32imac/ilp32\libg_nano.a(lib_a-abort.o)
                0x000000008000424c                abort
 .text._raise_r
                0x000000008000425a       0x62 z:/downloads/nucleistudio_ide_202204-win64/nucleistudio/toolchain/gcc/bin/../lib/gcc/riscv-nuclei-elf/10.2.0/../../../../riscv-nuclei-elf/lib/rv32imac/ilp32\libg_nano.a(lib_a-signal.o)
                0x000000008000425a                _raise_r
 .text.raise    0x00000000800042bc        0xc z:/downloads/nucleistudio_ide_202204-win64/nucleistudio/toolchain/gcc/bin/../lib/gcc/riscv-nuclei-elf/10.2.0/../../../../riscv-nuclei-elf/lib/rv32imac/ilp32\libg_nano.a(lib_a-signal.o)
                0x00000000800042bc                raise
 .text._kill_r  0x00000000800042c8       0x2a z:/downloads/nucleistudio_ide_202204-win64/nucleistudio/toolchain/gcc/bin/../lib/gcc/riscv-nuclei-elf/10.2.0/../../../../riscv-nuclei-elf/lib/rv32imac/ilp32\libg_nano.a(lib_a-signalr.o)
                0x00000000800042c8                _kill_r
 .text._getpid_r
                0x00000000800042f2        0x4 z:/downloads/nucleistudio_ide_202204-win64/nucleistudio/toolchain/gcc/bin/../lib/gcc/riscv-nuclei-elf/10.2.0/../../../../riscv-nuclei-elf/lib/rv32imac/ilp32\libg_nano.a(lib_a-signalr.o)
                0x00000000800042f2                _getpid_r
 .text          0x00000000800042f6      0x60a z:/downloads/nucleistudio_ide_202204-win64/nucleistudio/toolchain/gcc/bin/../lib/gcc/riscv-nuclei-elf/10.2.0/rv32imac/ilp32\libgcc.a(adddf3.o)
                0x00000000800042f6                __adddf3
 .text          0x0000000080004900      0x540 z:/downloads/nucleistudio_ide_202204-win64/nucleistudio/toolchain/gcc/bin/../lib/gcc/riscv-nuclei-elf/10.2.0/rv32imac/ilp32\libgcc.a(divdf3.o)
                0x0000000080004900                __divdf3
 .text          0x0000000080004e40       0x6a z:/downloads/nucleistudio_ide_202204-win64/nucleistudio/toolchain/gcc/bin/../lib/gcc/riscv-nuclei-elf/10.2.0/rv32imac/ilp32\libgcc.a(eqdf2.o)
                0x0000000080004e40                __nedf2
                0x0000000080004e40                __eqdf2
 .text          0x0000000080004eaa       0xa6 z:/downloads/nucleistudio_ide_202204-win64/nucleistudio/toolchain/gcc/bin/../lib/gcc/riscv-nuclei-elf/10.2.0/rv32imac/ilp32\libgcc.a(gedf2.o)
                0x0000000080004eaa                __gedf2
                0x0000000080004eaa                __gtdf2
 .text          0x0000000080004f50       0xa6 z:/downloads/nucleistudio_ide_202204-win64/nucleistudio/toolchain/gcc/bin/../lib/gcc/riscv-nuclei-elf/10.2.0/rv32imac/ilp32\libgcc.a(ledf2.o)
                0x0000000080004f50                __ledf2
                0x0000000080004f50                __ltdf2
 .text          0x0000000080004ff6      0x442 z:/downloads/nucleistudio_ide_202204-win64/nucleistudio/toolchain/gcc/bin/../lib/gcc/riscv-nuclei-elf/10.2.0/rv32imac/ilp32\libgcc.a(muldf3.o)
                0x0000000080004ff6                __muldf3
 .text          0x0000000080005438      0x618 z:/downloads/nucleistudio_ide_202204-win64/nucleistudio/toolchain/gcc/bin/../lib/gcc/riscv-nuclei-elf/10.2.0/rv32imac/ilp32\libgcc.a(subdf3.o)
                0x0000000080005438                __subdf3
 .text          0x0000000080005a50       0x3a z:/downloads/nucleistudio_ide_202204-win64/nucleistudio/toolchain/gcc/bin/../lib/gcc/riscv-nuclei-elf/10.2.0/rv32imac/ilp32\libgcc.a(unorddf2.o)
                0x0000000080005a50                __unorddf2
 .text          0x0000000080005a8a       0x64 z:/downloads/nucleistudio_ide_202204-win64/nucleistudio/toolchain/gcc/bin/../lib/gcc/riscv-nuclei-elf/10.2.0/rv32imac/ilp32\libgcc.a(fixdfsi.o)
                0x0000000080005a8a                __fixdfsi
 .text          0x0000000080005aee       0x66 z:/downloads/nucleistudio_ide_202204-win64/nucleistudio/toolchain/gcc/bin/../lib/gcc/riscv-nuclei-elf/10.2.0/rv32imac/ilp32\libgcc.a(floatsidf.o)
                0x0000000080005aee                __floatsidf
 .text          0x0000000080005b54       0x4e z:/downloads/nucleistudio_ide_202204-win64/nucleistudio/toolchain/gcc/bin/../lib/gcc/riscv-nuclei-elf/10.2.0/rv32imac/ilp32\libgcc.a(floatunsidf.o)
                0x0000000080005b54                __floatunsidf
 .text          0x0000000080005ba2      0x23c z:/downloads/nucleistudio_ide_202204-win64/nucleistudio/toolchain/gcc/bin/../lib/gcc/riscv-nuclei-elf/10.2.0/rv32imac/ilp32\libgcc.a(trunctfdf2.o)
                0x0000000080005ba2                __trunctfdf2
 .text          0x0000000080005dde       0x3c z:/downloads/nucleistudio_ide_202204-win64/nucleistudio/toolchain/gcc/bin/../lib/gcc/riscv-nuclei-elf/10.2.0/rv32imac/ilp32\libgcc.a(_clzsi2.o)
                0x0000000080005dde                __clzsi2
 *(.gnu.linkonce.t.*)

.rodata         0x0000000080005e20      0x694
                0x0000000080005e20                . = ALIGN (0x4)
 *(.rdata)
 *(.rodata .rodata.*)
 .rodata.system_default_exception_handler.str1.4
                0x0000000080005e20       0x44 ./hbird_sdk/SoC/hbirdv2/Common/Source/system_hbirdv2.o
 .rodata.system_default_interrupt_handler.str1.4
                0x0000000080005e64       0x13 ./hbird_sdk/SoC/hbirdv2/Common/Source/system_hbirdv2.o
 *fill*         0x0000000080005e77        0x1 
 .rodata.SystemBannerPrint.str1.4
                0x0000000080005e78       0x6f ./hbird_sdk/SoC/hbirdv2/Common/Source/system_hbirdv2.o
 *fill*         0x0000000080005ee7        0x1 
 .rodata.main.str1.4
                0x0000000080005ee8       0x14 ./application/main.o
 .rodata        0x0000000080005efc      0x100 z:/downloads/nucleistudio_ide_202204-win64/nucleistudio/toolchain/gcc/bin/../lib/gcc/riscv-nuclei-elf/10.2.0/rv32imac/ilp32\libgcc.a(_clz.o)
                0x0000000080005efc                __clz_tab
 .rodata._printf_float.str1.4
                0x0000000080005ffc       0x12 z:/downloads/nucleistudio_ide_202204-win64/nucleistudio/toolchain/gcc/bin/../lib/gcc/riscv-nuclei-elf/10.2.0/../../../../riscv-nuclei-elf/lib/rv32imac/ilp32\libg_nano.a(lib_a-nano-vfprintf_float.o)
 *fill*         0x000000008000600e        0x2 
 .rodata._printf_i.str1.4
                0x0000000080006010       0x25 z:/downloads/nucleistudio_ide_202204-win64/nucleistudio/toolchain/gcc/bin/../lib/gcc/riscv-nuclei-elf/10.2.0/../../../../riscv-nuclei-elf/lib/rv32imac/ilp32\libg_nano.a(lib_a-nano-vfprintf_i.o)
 *fill*         0x0000000080006035        0x3 
 .rodata._printf_i
                0x0000000080006038       0x58 z:/downloads/nucleistudio_ide_202204-win64/nucleistudio/toolchain/gcc/bin/../lib/gcc/riscv-nuclei-elf/10.2.0/../../../../riscv-nuclei-elf/lib/rv32imac/ilp32\libg_nano.a(lib_a-nano-vfprintf_i.o)
 .rodata._dtoa_r.str1.4
                0x0000000080006090       0x8d z:/downloads/nucleistudio_ide_202204-win64/nucleistudio/toolchain/gcc/bin/../lib/gcc/riscv-nuclei-elf/10.2.0/../../../../riscv-nuclei-elf/lib/rv32imac/ilp32\libg_nano.a(lib_a-dtoa.o)
                                         0x91 (size before relaxing)
 *fill*         0x000000008000611d        0x3 
 .rodata.__sf_fake_stderr
                0x0000000080006120       0x20 z:/downloads/nucleistudio_ide_202204-win64/nucleistudio/toolchain/gcc/bin/../lib/gcc/riscv-nuclei-elf/10.2.0/../../../../riscv-nuclei-elf/lib/rv32imac/ilp32\libg_nano.a(lib_a-findfp.o)
                0x0000000080006120                __sf_fake_stderr
 .rodata.__sf_fake_stdin
                0x0000000080006140       0x20 z:/downloads/nucleistudio_ide_202204-win64/nucleistudio/toolchain/gcc/bin/../lib/gcc/riscv-nuclei-elf/10.2.0/../../../../riscv-nuclei-elf/lib/rv32imac/ilp32\libg_nano.a(lib_a-findfp.o)
                0x0000000080006140                __sf_fake_stdin
 .rodata.__sf_fake_stdout
                0x0000000080006160       0x20 z:/downloads/nucleistudio_ide_202204-win64/nucleistudio/toolchain/gcc/bin/../lib/gcc/riscv-nuclei-elf/10.2.0/../../../../riscv-nuclei-elf/lib/rv32imac/ilp32\libg_nano.a(lib_a-findfp.o)
                0x0000000080006160                __sf_fake_stdout
 .rodata._Balloc.str1.4
                0x0000000080006180       0x52 z:/downloads/nucleistudio_ide_202204-win64/nucleistudio/toolchain/gcc/bin/../lib/gcc/riscv-nuclei-elf/10.2.0/../../../../riscv-nuclei-elf/lib/rv32imac/ilp32\libg_nano.a(lib_a-mprec.o)
                                         0x6a (size before relaxing)
 .rodata.__multadd.str1.4
                0x00000000800061d2       0x11 z:/downloads/nucleistudio_ide_202204-win64/nucleistudio/toolchain/gcc/bin/../lib/gcc/riscv-nuclei-elf/10.2.0/../../../../riscv-nuclei-elf/lib/rv32imac/ilp32\libg_nano.a(lib_a-mprec.o)
 *fill*         0x00000000800061d2        0x6 
 .rodata.__mprec_bigtens
                0x00000000800061d8       0x28 z:/downloads/nucleistudio_ide_202204-win64/nucleistudio/toolchain/gcc/bin/../lib/gcc/riscv-nuclei-elf/10.2.0/../../../../riscv-nuclei-elf/lib/rv32imac/ilp32\libg_nano.a(lib_a-mprec.o)
                0x00000000800061d8                __mprec_bigtens
 .rodata.__mprec_tens
                0x0000000080006200       0xc8 z:/downloads/nucleistudio_ide_202204-win64/nucleistudio/toolchain/gcc/bin/../lib/gcc/riscv-nuclei-elf/10.2.0/../../../../riscv-nuclei-elf/lib/rv32imac/ilp32\libg_nano.a(lib_a-mprec.o)
                0x0000000080006200                __mprec_tens
 .rodata.p05.0  0x00000000800062c8        0xc z:/downloads/nucleistudio_ide_202204-win64/nucleistudio/toolchain/gcc/bin/../lib/gcc/riscv-nuclei-elf/10.2.0/../../../../riscv-nuclei-elf/lib/rv32imac/ilp32\libg_nano.a(lib_a-mprec.o)
 .rodata._vfprintf_r.str1.4
                0x00000000800062d4       0x13 z:/downloads/nucleistudio_ide_202204-win64/nucleistudio/toolchain/gcc/bin/../lib/gcc/riscv-nuclei-elf/10.2.0/../../../../riscv-nuclei-elf/lib/rv32imac/ilp32\libg_nano.a(lib_a-nano-vfprintf.o)
 *fill*         0x00000000800062e7        0x1 
 .rodata.__assert_func.str1.4
                0x00000000800062e8       0x3f z:/downloads/nucleistudio_ide_202204-win64/nucleistudio/toolchain/gcc/bin/../lib/gcc/riscv-nuclei-elf/10.2.0/../../../../riscv-nuclei-elf/lib/rv32imac/ilp32\libg_nano.a(lib_a-assert.o)
                                         0x43 (size before relaxing)
 *fill*         0x0000000080006327        0x1 
 .rodata._setlocale_r.str1.4
                0x0000000080006328        0xa z:/downloads/nucleistudio_ide_202204-win64/nucleistudio/toolchain/gcc/bin/../lib/gcc/riscv-nuclei-elf/10.2.0/../../../../riscv-nuclei-elf/lib/rv32imac/ilp32\libg_nano.a(lib_a-locale.o)
                                          0xd (size before relaxing)
 *fill*         0x0000000080006332        0x2 
 .rodata.str1.4
                0x0000000080006334        0x2 z:/downloads/nucleistudio_ide_202204-win64/nucleistudio/toolchain/gcc/bin/../lib/gcc/riscv-nuclei-elf/10.2.0/../../../../riscv-nuclei-elf/lib/rv32imac/ilp32\libg_nano.a(lib_a-locale.o)
 *fill*         0x0000000080006336        0x2 
 .rodata._ctype_
                0x0000000080006338      0x101 z:/downloads/nucleistudio_ide_202204-win64/nucleistudio/toolchain/gcc/bin/../lib/gcc/riscv-nuclei-elf/10.2.0/../../../../riscv-nuclei-elf/lib/rv32imac/ilp32\libg_nano.a(lib_a-ctype_.o)
                0x0000000080006338                _ctype_
 *fill*         0x0000000080006439        0x3 
 .rodata        0x000000008000643c       0x3c z:/downloads/nucleistudio_ide_202204-win64/nucleistudio/toolchain/gcc/bin/../lib/gcc/riscv-nuclei-elf/10.2.0/rv32imac/ilp32\libgcc.a(divdf3.o)
 .rodata        0x0000000080006478       0x3c z:/downloads/nucleistudio_ide_202204-win64/nucleistudio/toolchain/gcc/bin/../lib/gcc/riscv-nuclei-elf/10.2.0/rv32imac/ilp32\libgcc.a(muldf3.o)
                0x00000000800064b4                . = ALIGN (0x4)
                0x00000000800064b4                __rt_init_start = .
 *(SORT_BY_NAME(.rti_fn*))
                0x00000000800064b4                __rt_init_end = .
                0x00000000800064b4                . = ALIGN (0x4)
                0x00000000800064b4                __fsymtab_start = .
 *(FSymTab)
                0x00000000800064b4                __fsymtab_end = .
                0x00000000800064b4                . = ALIGN (0x4)
                0x00000000800064b4                __vsymtab_start = .
 *(VSymTab)
                0x00000000800064b4                __vsymtab_end = .
 *(.gnu.linkonce.r.*)

.rela.dyn       0x00000000800064b4        0x0
 .rela.text._sbrk
                0x00000000800064b4        0x0 ./hbird_sdk/SoC/hbirdv2/Common/Source/Stubs/close.o
 .rela.sdata.curbrk.0
                0x00000000800064b4        0x0 ./hbird_sdk/SoC/hbirdv2/Common/Source/Stubs/close.o
 .rela.init     0x00000000800064b4        0x0 ./hbird_sdk/SoC/hbirdv2/Common/Source/Stubs/close.o
 .rela.text.__libc_fini_array
                0x00000000800064b4        0x0 ./hbird_sdk/SoC/hbirdv2/Common/Source/Stubs/close.o
 .rela.text.__libc_init_array
                0x00000000800064b4        0x0 ./hbird_sdk/SoC/hbirdv2/Common/Source/Stubs/close.o
 .rela.text.__register_exitproc
                0x00000000800064b4        0x0 ./hbird_sdk/SoC/hbirdv2/Common/Source/Stubs/close.o
 .rela.text._vfprintf_r
                0x00000000800064b4        0x0 ./hbird_sdk/SoC/hbirdv2/Common/Source/Stubs/close.o

.fini
 *(SORT_NONE(.fini))
                0x00000000800064b4                . = ALIGN (0x4)
                [!provide]                        PROVIDE (__etext = .)
                [!provide]                        PROVIDE (_etext = .)
                [!provide]                        PROVIDE (etext = .)
                0x00000000800064b4                PROVIDE (_eilm = .)

.preinit_array  0x00000000800064b4        0x0
                0x00000000800064b4                PROVIDE (__preinit_array_start = .)
 *(.preinit_array)
                0x00000000800064b4                PROVIDE (__preinit_array_end = .)

.init_array     0x00000000800064b4        0x0
                0x00000000800064b4                PROVIDE (__init_array_start = .)
 *(SORT_BY_INIT_PRIORITY(.init_array.*) SORT_BY_INIT_PRIORITY(.ctors.*))
 *(.init_array EXCLUDE_FILE(*crtend?.o *crtend.o *crtbegin?.o *crtbegin.o) .ctors)
                0x00000000800064b4                PROVIDE (__init_array_end = .)

.fini_array     0x00000000800064b4        0x0
                0x00000000800064b4                PROVIDE (__fini_array_start = .)
 *(SORT_BY_INIT_PRIORITY(.fini_array.*) SORT_BY_INIT_PRIORITY(.dtors.*))
 *(.fini_array EXCLUDE_FILE(*crtend?.o *crtend.o *crtbegin?.o *crtbegin.o) .dtors)
                0x00000000800064b4                PROVIDE (__fini_array_end = .)

.ctors
 *crtbegin.o(.ctors)
 *crtbegin?.o(.ctors)
 *(EXCLUDE_FILE(*crtend?.o *crtend.o) .ctors)
 *(SORT_BY_NAME(.ctors.*))
 *(.ctors)

.dtors
 *crtbegin.o(.dtors)
 *crtbegin?.o(.dtors)
 *(EXCLUDE_FILE(*crtend?.o *crtend.o) .dtors)
 *(SORT_BY_NAME(.dtors.*))
 *(.dtors)

.lalign         0x00000000800064b4        0x0
                0x00000000800064b4                . = ALIGN (0x4)
                0x00000000800064b4                PROVIDE (_data_lma = .)

.dalign         0x0000000090000000        0x0 load address 0x00000000800064b4
                0x0000000090000000                . = ALIGN (0x4)
                0x0000000090000000                PROVIDE (_data = .)

.data           0x0000000090000000      0x234 load address 0x00000000800064b4
 *(.data .data.*)
 .data.impure_data
                0x0000000090000000       0x60 z:/downloads/nucleistudio_ide_202204-win64/nucleistudio/toolchain/gcc/bin/../lib/gcc/riscv-nuclei-elf/10.2.0/../../../../riscv-nuclei-elf/lib/rv32imac/ilp32\libg_nano.a(lib_a-impure.o)
 .data.__global_locale
                0x0000000090000060      0x16c z:/downloads/nucleistudio_ide_202204-win64/nucleistudio/toolchain/gcc/bin/../lib/gcc/riscv-nuclei-elf/10.2.0/../../../../riscv-nuclei-elf/lib/rv32imac/ilp32\libg_nano.a(lib_a-locale.o)
                0x0000000090000060                __global_locale
 *(.gnu.linkonce.d.*)
                0x00000000900001d0                . = ALIGN (0x8)
 *fill*         0x00000000900001cc        0x4 
                0x00000000900009d0                PROVIDE (__global_pointer$ = (. + 0x800))
 *(.sdata .sdata.* .sdata*)
 .sdata.curbrk.0
                0x00000000900001d0        0x4 ./hbird_sdk/SoC/hbirdv2/Common/Source/Stubs/sbrk.o
 .sdata.SystemCoreClock
                0x00000000900001d4        0x4 ./hbird_sdk/SoC/hbirdv2/Common/Source/system_hbirdv2.o
                0x00000000900001d4                SystemCoreClock
 .sdata._impure_ptr
                0x00000000900001d8        0x4 z:/downloads/nucleistudio_ide_202204-win64/nucleistudio/toolchain/gcc/bin/../lib/gcc/riscv-nuclei-elf/10.2.0/../../../../riscv-nuclei-elf/lib/rv32imac/ilp32\libg_nano.a(lib_a-impure.o)
                0x00000000900001d8                _impure_ptr
 *(.gnu.linkonce.s.*)
                0x00000000900001e0                . = ALIGN (0x8)
 *fill*         0x00000000900001dc        0x4 
 *(.srodata.cst16)
 *(.srodata.cst8)
 .srodata.cst8  0x00000000900001e0        0x8 z:/downloads/nucleistudio_ide_202204-win64/nucleistudio/toolchain/gcc/bin/../lib/gcc/riscv-nuclei-elf/10.2.0/../../../../riscv-nuclei-elf/lib/rv32imac/ilp32\libg_nano.a(lib_a-nano-vfprintf_float.o)
 .srodata.cst8  0x00000000900001e8       0x48 z:/downloads/nucleistudio_ide_202204-win64/nucleistudio/toolchain/gcc/bin/../lib/gcc/riscv-nuclei-elf/10.2.0/../../../../riscv-nuclei-elf/lib/rv32imac/ilp32\libg_nano.a(lib_a-dtoa.o)
 *(.srodata.cst4)
 *(.srodata.cst2)
 *(.srodata .srodata.*)
 .srodata._global_impure_ptr
                0x0000000090000230        0x4 z:/downloads/nucleistudio_ide_202204-win64/nucleistudio/toolchain/gcc/bin/../lib/gcc/riscv-nuclei-elf/10.2.0/../../../../riscv-nuclei-elf/lib/rv32imac/ilp32\libg_nano.a(lib_a-impure.o)
                0x0000000090000230                _global_impure_ptr
                0x0000000090000234                . = ALIGN (0x4)
                0x0000000090000234                PROVIDE (_edata = .)
                [!provide]                        PROVIDE (edata = .)
                [!provide]                        PROVIDE (_fbss = .)
                0x0000000090000234                PROVIDE (__bss_start = .)

.bss            0x0000000090000234      0x134
 *(.sbss*)
 .sbss.errno    0x0000000090000234        0x4 z:/downloads/nucleistudio_ide_202204-win64/nucleistudio/toolchain/gcc/bin/../lib/gcc/riscv-nuclei-elf/10.2.0/../../../../riscv-nuclei-elf/lib/rv32imac/ilp32\libg_nano.a(lib_a-reent.o)
                0x0000000090000234                errno
 .sbss._global_atexit
                0x0000000090000238        0x4 z:/downloads/nucleistudio_ide_202204-win64/nucleistudio/toolchain/gcc/bin/../lib/gcc/riscv-nuclei-elf/10.2.0/../../../../riscv-nuclei-elf/lib/rv32imac/ilp32\libg_nano.a(lib_a-__call_atexit.o)
                0x0000000090000238                _global_atexit
 .sbss.__malloc_free_list
                0x000000009000023c        0x4 z:/downloads/nucleistudio_ide_202204-win64/nucleistudio/toolchain/gcc/bin/../lib/gcc/riscv-nuclei-elf/10.2.0/../../../../riscv-nuclei-elf/lib/rv32imac/ilp32\libg_nano.a(lib_a-nano-mallocr.o)
                0x000000009000023c                __malloc_free_list
 .sbss.__malloc_sbrk_start
                0x0000000090000240        0x4 z:/downloads/nucleistudio_ide_202204-win64/nucleistudio/toolchain/gcc/bin/../lib/gcc/riscv-nuclei-elf/10.2.0/../../../../riscv-nuclei-elf/lib/rv32imac/ilp32\libg_nano.a(lib_a-nano-mallocr.o)
                0x0000000090000240                __malloc_sbrk_start
 *(.gnu.linkonce.sb.*)
 *(.bss .bss.*)
 .bss.SystemCoreInterruptHandlers
                0x0000000090000244       0x28 ./hbird_sdk/SoC/hbirdv2/Common/Source/system_hbirdv2.o
 .bss.SystemExceptionHandlers
                0x000000009000026c       0x2c ./hbird_sdk/SoC/hbirdv2/Common/Source/system_hbirdv2.o
 .bss.SystemExtInterruptHandlers
                0x0000000090000298       0x44 ./hbird_sdk/SoC/hbirdv2/Common/Source/system_hbirdv2.o
 .bss._global_atexit0
                0x00000000900002dc       0x8c z:/downloads/nucleistudio_ide_202204-win64/nucleistudio/toolchain/gcc/bin/../lib/gcc/riscv-nuclei-elf/10.2.0/../../../../riscv-nuclei-elf/lib/rv32imac/ilp32\libg_nano.a(lib_a-__atexit.o)
 *(.gnu.linkonce.b.*)
 *(COMMON)
                0x0000000090000368                . = ALIGN (0x4)
                0x0000000090000368                . = ALIGN (0x8)
                0x0000000090000368                PROVIDE (_end = .)
                [!provide]                        PROVIDE (end = .)

.stack          0x000000009000f800      0x800 load address 0x0000000090000368
                0x000000009000f800                PROVIDE (_heap_end = .)
                0x0000000000000800                . = __stack_size
 *fill*         0x000000009000f800      0x800 
                0x0000000090010000                PROVIDE (_sp = .)
OUTPUT(axi_ddr200.elf elf32-littleriscv)

.debug_info     0x0000000000000000     0x62ef
 .debug_info    0x0000000000000000       0xac ./hbird_sdk/SoC/hbirdv2/Common/Source/Stubs/close.o
 .debug_info    0x00000000000000ac       0xb1 ./hbird_sdk/SoC/hbirdv2/Common/Source/Stubs/exit.o
 .debug_info    0x000000000000015d      0x2c8 ./hbird_sdk/SoC/hbirdv2/Common/Source/Stubs/fstat.o
 .debug_info    0x0000000000000425       0x90 ./hbird_sdk/SoC/hbirdv2/Common/Source/Stubs/getpid.o
 .debug_info    0x00000000000004b5       0xa0 ./hbird_sdk/SoC/hbirdv2/Common/Source/Stubs/isatty.o
 .debug_info    0x0000000000000555       0xbb ./hbird_sdk/SoC/hbirdv2/Common/Source/Stubs/kill.o
 .debug_info    0x0000000000000610       0xbd ./hbird_sdk/SoC/hbirdv2/Common/Source/Stubs/lseek.o
 .debug_info    0x00000000000006cd      0x232 ./hbird_sdk/SoC/hbirdv2/Common/Source/Stubs/read.o
 .debug_info    0x00000000000008ff       0xea ./hbird_sdk/SoC/hbirdv2/Common/Source/Stubs/sbrk.o
 .debug_info    0x00000000000009e9      0x3a9 ./hbird_sdk/SoC/hbirdv2/Common/Source/Stubs/write.o
 .debug_info    0x0000000000000d92       0x26 ./hbird_sdk/SoC/hbirdv2/Common/Source/GCC/intexc_hbirdv2.o
 .debug_info    0x0000000000000db8       0x26 ./hbird_sdk/SoC/hbirdv2/Common/Source/GCC/startup_hbirdv2.o
 .debug_info    0x0000000000000dde      0x388 ./hbird_sdk/SoC/hbirdv2/Common/Source/Drivers/hbirdv2_gpio.o
 .debug_info    0x0000000000001166      0x539 ./hbird_sdk/SoC/hbirdv2/Common/Source/Drivers/hbirdv2_uart.o
 .debug_info    0x000000000000169f      0x48d ./hbird_sdk/SoC/hbirdv2/Common/Source/hbirdv2_common.o
 .debug_info    0x0000000000001b2c      0xdef ./hbird_sdk/SoC/hbirdv2/Common/Source/system_hbirdv2.o
 .debug_info    0x000000000000291b       0xd4 ./application/main.o
 .debug_info    0x00000000000029ef      0x7c0 z:/downloads/nucleistudio_ide_202204-win64/nucleistudio/toolchain/gcc/bin/../lib/gcc/riscv-nuclei-elf/10.2.0/rv32imac/ilp32\libgcc.a(_udivdi3.o)
 .debug_info    0x00000000000031af       0xe5 z:/downloads/nucleistudio_ide_202204-win64/nucleistudio/toolchain/gcc/bin/../lib/gcc/riscv-nuclei-elf/10.2.0/rv32imac/ilp32\libgcc.a(_clz.o)
 .debug_info    0x0000000000003294      0x581 z:/downloads/nucleistudio_ide_202204-win64/nucleistudio/toolchain/gcc/bin/../lib/gcc/riscv-nuclei-elf/10.2.0/rv32imac/ilp32\libgcc.a(adddf3.o)
 .debug_info    0x0000000000003815      0x72a z:/downloads/nucleistudio_ide_202204-win64/nucleistudio/toolchain/gcc/bin/../lib/gcc/riscv-nuclei-elf/10.2.0/rv32imac/ilp32\libgcc.a(divdf3.o)
 .debug_info    0x0000000000003f3f      0x255 z:/downloads/nucleistudio_ide_202204-win64/nucleistudio/toolchain/gcc/bin/../lib/gcc/riscv-nuclei-elf/10.2.0/rv32imac/ilp32\libgcc.a(eqdf2.o)
 .debug_info    0x0000000000004194      0x253 z:/downloads/nucleistudio_ide_202204-win64/nucleistudio/toolchain/gcc/bin/../lib/gcc/riscv-nuclei-elf/10.2.0/rv32imac/ilp32\libgcc.a(gedf2.o)
 .debug_info    0x00000000000043e7      0x253 z:/downloads/nucleistudio_ide_202204-win64/nucleistudio/toolchain/gcc/bin/../lib/gcc/riscv-nuclei-elf/10.2.0/rv32imac/ilp32\libgcc.a(ledf2.o)
 .debug_info    0x000000000000463a      0x766 z:/downloads/nucleistudio_ide_202204-win64/nucleistudio/toolchain/gcc/bin/../lib/gcc/riscv-nuclei-elf/10.2.0/rv32imac/ilp32\libgcc.a(muldf3.o)
 .debug_info    0x0000000000004da0      0x581 z:/downloads/nucleistudio_ide_202204-win64/nucleistudio/toolchain/gcc/bin/../lib/gcc/riscv-nuclei-elf/10.2.0/rv32imac/ilp32\libgcc.a(subdf3.o)
 .debug_info    0x0000000000005321      0x256 z:/downloads/nucleistudio_ide_202204-win64/nucleistudio/toolchain/gcc/bin/../lib/gcc/riscv-nuclei-elf/10.2.0/rv32imac/ilp32\libgcc.a(unorddf2.o)
 .debug_info    0x0000000000005577      0x1e7 z:/downloads/nucleistudio_ide_202204-win64/nucleistudio/toolchain/gcc/bin/../lib/gcc/riscv-nuclei-elf/10.2.0/rv32imac/ilp32\libgcc.a(fixdfsi.o)
 .debug_info    0x000000000000575e      0x29b z:/downloads/nucleistudio_ide_202204-win64/nucleistudio/toolchain/gcc/bin/../lib/gcc/riscv-nuclei-elf/10.2.0/rv32imac/ilp32\libgcc.a(floatsidf.o)
 .debug_info    0x00000000000059f9      0x28e z:/downloads/nucleistudio_ide_202204-win64/nucleistudio/toolchain/gcc/bin/../lib/gcc/riscv-nuclei-elf/10.2.0/rv32imac/ilp32\libgcc.a(floatunsidf.o)
 .debug_info    0x0000000000005c87      0x516 z:/downloads/nucleistudio_ide_202204-win64/nucleistudio/toolchain/gcc/bin/../lib/gcc/riscv-nuclei-elf/10.2.0/rv32imac/ilp32\libgcc.a(trunctfdf2.o)
 .debug_info    0x000000000000619d      0x152 z:/downloads/nucleistudio_ide_202204-win64/nucleistudio/toolchain/gcc/bin/../lib/gcc/riscv-nuclei-elf/10.2.0/rv32imac/ilp32\libgcc.a(_clzsi2.o)

.debug_abbrev   0x0000000000000000     0x2340
 .debug_abbrev  0x0000000000000000       0x6a ./hbird_sdk/SoC/hbirdv2/Common/Source/Stubs/close.o
 .debug_abbrev  0x000000000000006a       0x7c ./hbird_sdk/SoC/hbirdv2/Common/Source/Stubs/exit.o
 .debug_abbrev  0x00000000000000e6       0xc9 ./hbird_sdk/SoC/hbirdv2/Common/Source/Stubs/fstat.o
 .debug_abbrev  0x00000000000001af       0x46 ./hbird_sdk/SoC/hbirdv2/Common/Source/Stubs/getpid.o
 .debug_abbrev  0x00000000000001f5       0x57 ./hbird_sdk/SoC/hbirdv2/Common/Source/Stubs/isatty.o
 .debug_abbrev  0x000000000000024c       0x7b ./hbird_sdk/SoC/hbirdv2/Common/Source/Stubs/kill.o
 .debug_abbrev  0x00000000000002c7       0x68 ./hbird_sdk/SoC/hbirdv2/Common/Source/Stubs/lseek.o
 .debug_abbrev  0x000000000000032f      0x102 ./hbird_sdk/SoC/hbirdv2/Common/Source/Stubs/read.o
 .debug_abbrev  0x0000000000000431       0xa8 ./hbird_sdk/SoC/hbirdv2/Common/Source/Stubs/sbrk.o
 .debug_abbrev  0x00000000000004d9      0x11f ./hbird_sdk/SoC/hbirdv2/Common/Source/Stubs/write.o
 .debug_abbrev  0x00000000000005f8       0x14 ./hbird_sdk/SoC/hbirdv2/Common/Source/GCC/intexc_hbirdv2.o
 .debug_abbrev  0x000000000000060c       0x14 ./hbird_sdk/SoC/hbirdv2/Common/Source/GCC/startup_hbirdv2.o
 .debug_abbrev  0x0000000000000620       0xf2 ./hbird_sdk/SoC/hbirdv2/Common/Source/Drivers/hbirdv2_gpio.o
 .debug_abbrev  0x0000000000000712      0x15f ./hbird_sdk/SoC/hbirdv2/Common/Source/Drivers/hbirdv2_uart.o
 .debug_abbrev  0x0000000000000871      0x1ed ./hbird_sdk/SoC/hbirdv2/Common/Source/hbirdv2_common.o
 .debug_abbrev  0x0000000000000a5e      0x47d ./hbird_sdk/SoC/hbirdv2/Common/Source/system_hbirdv2.o
 .debug_abbrev  0x0000000000000edb       0x92 ./application/main.o
 .debug_abbrev  0x0000000000000f6d      0x19d z:/downloads/nucleistudio_ide_202204-win64/nucleistudio/toolchain/gcc/bin/../lib/gcc/riscv-nuclei-elf/10.2.0/rv32imac/ilp32\libgcc.a(_udivdi3.o)
 .debug_abbrev  0x000000000000110a       0x70 z:/downloads/nucleistudio_ide_202204-win64/nucleistudio/toolchain/gcc/bin/../lib/gcc/riscv-nuclei-elf/10.2.0/rv32imac/ilp32\libgcc.a(_clz.o)
 .debug_abbrev  0x000000000000117a      0x173 z:/downloads/nucleistudio_ide_202204-win64/nucleistudio/toolchain/gcc/bin/../lib/gcc/riscv-nuclei-elf/10.2.0/rv32imac/ilp32\libgcc.a(adddf3.o)
 .debug_abbrev  0x00000000000012ed      0x173 z:/downloads/nucleistudio_ide_202204-win64/nucleistudio/toolchain/gcc/bin/../lib/gcc/riscv-nuclei-elf/10.2.0/rv32imac/ilp32\libgcc.a(divdf3.o)
 .debug_abbrev  0x0000000000001460      0x14b z:/downloads/nucleistudio_ide_202204-win64/nucleistudio/toolchain/gcc/bin/../lib/gcc/riscv-nuclei-elf/10.2.0/rv32imac/ilp32\libgcc.a(eqdf2.o)
 .debug_abbrev  0x00000000000015ab      0x15e z:/downloads/nucleistudio_ide_202204-win64/nucleistudio/toolchain/gcc/bin/../lib/gcc/riscv-nuclei-elf/10.2.0/rv32imac/ilp32\libgcc.a(gedf2.o)
 .debug_abbrev  0x0000000000001709      0x15e z:/downloads/nucleistudio_ide_202204-win64/nucleistudio/toolchain/gcc/bin/../lib/gcc/riscv-nuclei-elf/10.2.0/rv32imac/ilp32\libgcc.a(ledf2.o)
 .debug_abbrev  0x0000000000001867      0x185 z:/downloads/nucleistudio_ide_202204-win64/nucleistudio/toolchain/gcc/bin/../lib/gcc/riscv-nuclei-elf/10.2.0/rv32imac/ilp32\libgcc.a(muldf3.o)
 .debug_abbrev  0x00000000000019ec      0x173 z:/downloads/nucleistudio_ide_202204-win64/nucleistudio/toolchain/gcc/bin/../lib/gcc/riscv-nuclei-elf/10.2.0/rv32imac/ilp32\libgcc.a(subdf3.o)
 .debug_abbrev  0x0000000000001b5f      0x14b z:/downloads/nucleistudio_ide_202204-win64/nucleistudio/toolchain/gcc/bin/../lib/gcc/riscv-nuclei-elf/10.2.0/rv32imac/ilp32\libgcc.a(unorddf2.o)
 .debug_abbrev  0x0000000000001caa      0x15e z:/downloads/nucleistudio_ide_202204-win64/nucleistudio/toolchain/gcc/bin/../lib/gcc/riscv-nuclei-elf/10.2.0/rv32imac/ilp32\libgcc.a(fixdfsi.o)
 .debug_abbrev  0x0000000000001e08      0x164 z:/downloads/nucleistudio_ide_202204-win64/nucleistudio/toolchain/gcc/bin/../lib/gcc/riscv-nuclei-elf/10.2.0/rv32imac/ilp32\libgcc.a(floatsidf.o)
 .debug_abbrev  0x0000000000001f6c      0x164 z:/downloads/nucleistudio_ide_202204-win64/nucleistudio/toolchain/gcc/bin/../lib/gcc/riscv-nuclei-elf/10.2.0/rv32imac/ilp32\libgcc.a(floatunsidf.o)
 .debug_abbrev  0x00000000000020d0      0x1a6 z:/downloads/nucleistudio_ide_202204-win64/nucleistudio/toolchain/gcc/bin/../lib/gcc/riscv-nuclei-elf/10.2.0/rv32imac/ilp32\libgcc.a(trunctfdf2.o)
 .debug_abbrev  0x0000000000002276       0xca z:/downloads/nucleistudio_ide_202204-win64/nucleistudio/toolchain/gcc/bin/../lib/gcc/riscv-nuclei-elf/10.2.0/rv32imac/ilp32\libgcc.a(_clzsi2.o)

.debug_loc      0x0000000000000000     0x6d39
 .debug_loc     0x0000000000000000       0x13 ./hbird_sdk/SoC/hbirdv2/Common/Source/Stubs/close.o
 .debug_loc     0x0000000000000013       0x13 ./hbird_sdk/SoC/hbirdv2/Common/Source/Stubs/fstat.o
 .debug_loc     0x0000000000000026       0x13 ./hbird_sdk/SoC/hbirdv2/Common/Source/Stubs/isatty.o
 .debug_loc     0x0000000000000039       0x13 ./hbird_sdk/SoC/hbirdv2/Common/Source/Stubs/kill.o
 .debug_loc     0x000000000000004c       0x13 ./hbird_sdk/SoC/hbirdv2/Common/Source/Stubs/lseek.o
 .debug_loc     0x000000000000005f       0x44 ./hbird_sdk/SoC/hbirdv2/Common/Source/Stubs/read.o
 .debug_loc     0x00000000000000a3       0x13 ./hbird_sdk/SoC/hbirdv2/Common/Source/Stubs/sbrk.o
 .debug_loc     0x00000000000000b6       0x7b ./hbird_sdk/SoC/hbirdv2/Common/Source/Stubs/write.o
 .debug_loc     0x0000000000000131      0x306 ./hbird_sdk/SoC/hbirdv2/Common/Source/Drivers/hbirdv2_gpio.o
 .debug_loc     0x0000000000000437      0x3d3 ./hbird_sdk/SoC/hbirdv2/Common/Source/Drivers/hbirdv2_uart.o
 .debug_loc     0x000000000000080a      0x2af ./hbird_sdk/SoC/hbirdv2/Common/Source/hbirdv2_common.o
 .debug_loc     0x0000000000000ab9      0x410 ./hbird_sdk/SoC/hbirdv2/Common/Source/system_hbirdv2.o
 .debug_loc     0x0000000000000ec9      0xbdd z:/downloads/nucleistudio_ide_202204-win64/nucleistudio/toolchain/gcc/bin/../lib/gcc/riscv-nuclei-elf/10.2.0/rv32imac/ilp32\libgcc.a(_udivdi3.o)
 .debug_loc     0x0000000000001aa6     0x11ec z:/downloads/nucleistudio_ide_202204-win64/nucleistudio/toolchain/gcc/bin/../lib/gcc/riscv-nuclei-elf/10.2.0/rv32imac/ilp32\libgcc.a(adddf3.o)
 .debug_loc     0x0000000000002c92     0x1494 z:/downloads/nucleistudio_ide_202204-win64/nucleistudio/toolchain/gcc/bin/../lib/gcc/riscv-nuclei-elf/10.2.0/rv32imac/ilp32\libgcc.a(divdf3.o)
 .debug_loc     0x0000000000004126       0xa4 z:/downloads/nucleistudio_ide_202204-win64/nucleistudio/toolchain/gcc/bin/../lib/gcc/riscv-nuclei-elf/10.2.0/rv32imac/ilp32\libgcc.a(eqdf2.o)
 .debug_loc     0x00000000000041ca      0x135 z:/downloads/nucleistudio_ide_202204-win64/nucleistudio/toolchain/gcc/bin/../lib/gcc/riscv-nuclei-elf/10.2.0/rv32imac/ilp32\libgcc.a(gedf2.o)
 .debug_loc     0x00000000000042ff      0x135 z:/downloads/nucleistudio_ide_202204-win64/nucleistudio/toolchain/gcc/bin/../lib/gcc/riscv-nuclei-elf/10.2.0/rv32imac/ilp32\libgcc.a(ledf2.o)
 .debug_loc     0x0000000000004434      0xd56 z:/downloads/nucleistudio_ide_202204-win64/nucleistudio/toolchain/gcc/bin/../lib/gcc/riscv-nuclei-elf/10.2.0/rv32imac/ilp32\libgcc.a(muldf3.o)
 .debug_loc     0x000000000000518a     0x114d z:/downloads/nucleistudio_ide_202204-win64/nucleistudio/toolchain/gcc/bin/../lib/gcc/riscv-nuclei-elf/10.2.0/rv32imac/ilp32\libgcc.a(subdf3.o)
 .debug_loc     0x00000000000062d7       0x61 z:/downloads/nucleistudio_ide_202204-win64/nucleistudio/toolchain/gcc/bin/../lib/gcc/riscv-nuclei-elf/10.2.0/rv32imac/ilp32\libgcc.a(unorddf2.o)
 .debug_loc     0x0000000000006338      0x181 z:/downloads/nucleistudio_ide_202204-win64/nucleistudio/toolchain/gcc/bin/../lib/gcc/riscv-nuclei-elf/10.2.0/rv32imac/ilp32\libgcc.a(fixdfsi.o)
 .debug_loc     0x00000000000064b9      0x159 z:/downloads/nucleistudio_ide_202204-win64/nucleistudio/toolchain/gcc/bin/../lib/gcc/riscv-nuclei-elf/10.2.0/rv32imac/ilp32\libgcc.a(floatsidf.o)
 .debug_loc     0x0000000000006612      0x14f z:/downloads/nucleistudio_ide_202204-win64/nucleistudio/toolchain/gcc/bin/../lib/gcc/riscv-nuclei-elf/10.2.0/rv32imac/ilp32\libgcc.a(floatunsidf.o)
 .debug_loc     0x0000000000006761      0x56d z:/downloads/nucleistudio_ide_202204-win64/nucleistudio/toolchain/gcc/bin/../lib/gcc/riscv-nuclei-elf/10.2.0/rv32imac/ilp32\libgcc.a(trunctfdf2.o)
 .debug_loc     0x0000000000006cce       0x6b z:/downloads/nucleistudio_ide_202204-win64/nucleistudio/toolchain/gcc/bin/../lib/gcc/riscv-nuclei-elf/10.2.0/rv32imac/ilp32\libgcc.a(_clzsi2.o)

.debug_aranges  0x0000000000000000      0x538
 .debug_aranges
                0x0000000000000000       0x20 ./hbird_sdk/SoC/hbirdv2/Common/Source/Stubs/close.o
 .debug_aranges
                0x0000000000000020       0x20 ./hbird_sdk/SoC/hbirdv2/Common/Source/Stubs/exit.o
 .debug_aranges
                0x0000000000000040       0x20 ./hbird_sdk/SoC/hbirdv2/Common/Source/Stubs/fstat.o
 .debug_aranges
                0x0000000000000060       0x20 ./hbird_sdk/SoC/hbirdv2/Common/Source/Stubs/getpid.o
 .debug_aranges
                0x0000000000000080       0x20 ./hbird_sdk/SoC/hbirdv2/Common/Source/Stubs/isatty.o
 .debug_aranges
                0x00000000000000a0       0x20 ./hbird_sdk/SoC/hbirdv2/Common/Source/Stubs/kill.o
 .debug_aranges
                0x00000000000000c0       0x20 ./hbird_sdk/SoC/hbirdv2/Common/Source/Stubs/lseek.o
 .debug_aranges
                0x00000000000000e0       0x20 ./hbird_sdk/SoC/hbirdv2/Common/Source/Stubs/read.o
 .debug_aranges
                0x0000000000000100       0x20 ./hbird_sdk/SoC/hbirdv2/Common/Source/Stubs/sbrk.o
 .debug_aranges
                0x0000000000000120       0x20 ./hbird_sdk/SoC/hbirdv2/Common/Source/Stubs/write.o
 .debug_aranges
                0x0000000000000140       0x20 ./hbird_sdk/SoC/hbirdv2/Common/Source/GCC/intexc_hbirdv2.o
 .debug_aranges
                0x0000000000000160       0x20 ./hbird_sdk/SoC/hbirdv2/Common/Source/GCC/startup_hbirdv2.o
 .debug_aranges
                0x0000000000000180       0x60 ./hbird_sdk/SoC/hbirdv2/Common/Source/Drivers/hbirdv2_gpio.o
 .debug_aranges
                0x00000000000001e0       0x98 ./hbird_sdk/SoC/hbirdv2/Common/Source/Drivers/hbirdv2_uart.o
 .debug_aranges
                0x0000000000000278       0x30 ./hbird_sdk/SoC/hbirdv2/Common/Source/hbirdv2_common.o
 .debug_aranges
                0x00000000000002a8       0x98 ./hbird_sdk/SoC/hbirdv2/Common/Source/system_hbirdv2.o
 .debug_aranges
                0x0000000000000340       0x20 ./application/main.o
 .debug_aranges
                0x0000000000000360       0x20 z:/downloads/nucleistudio_ide_202204-win64/nucleistudio/toolchain/gcc/bin/../lib/gcc/riscv-nuclei-elf/10.2.0/rv32imac/ilp32\libgcc.a(_udivdi3.o)
 .debug_aranges
                0x0000000000000380       0x18 z:/downloads/nucleistudio_ide_202204-win64/nucleistudio/toolchain/gcc/bin/../lib/gcc/riscv-nuclei-elf/10.2.0/rv32imac/ilp32\libgcc.a(_clz.o)
 .debug_aranges
                0x0000000000000398       0x20 z:/downloads/nucleistudio_ide_202204-win64/nucleistudio/toolchain/gcc/bin/../lib/gcc/riscv-nuclei-elf/10.2.0/rv32imac/ilp32\libgcc.a(adddf3.o)
 .debug_aranges
                0x00000000000003b8       0x20 z:/downloads/nucleistudio_ide_202204-win64/nucleistudio/toolchain/gcc/bin/../lib/gcc/riscv-nuclei-elf/10.2.0/rv32imac/ilp32\libgcc.a(divdf3.o)
 .debug_aranges
                0x00000000000003d8       0x20 z:/downloads/nucleistudio_ide_202204-win64/nucleistudio/toolchain/gcc/bin/../lib/gcc/riscv-nuclei-elf/10.2.0/rv32imac/ilp32\libgcc.a(eqdf2.o)
 .debug_aranges
                0x00000000000003f8       0x20 z:/downloads/nucleistudio_ide_202204-win64/nucleistudio/toolchain/gcc/bin/../lib/gcc/riscv-nuclei-elf/10.2.0/rv32imac/ilp32\libgcc.a(gedf2.o)
 .debug_aranges
                0x0000000000000418       0x20 z:/downloads/nucleistudio_ide_202204-win64/nucleistudio/toolchain/gcc/bin/../lib/gcc/riscv-nuclei-elf/10.2.0/rv32imac/ilp32\libgcc.a(ledf2.o)
 .debug_aranges
                0x0000000000000438       0x20 z:/downloads/nucleistudio_ide_202204-win64/nucleistudio/toolchain/gcc/bin/../lib/gcc/riscv-nuclei-elf/10.2.0/rv32imac/ilp32\libgcc.a(muldf3.o)
 .debug_aranges
                0x0000000000000458       0x20 z:/downloads/nucleistudio_ide_202204-win64/nucleistudio/toolchain/gcc/bin/../lib/gcc/riscv-nuclei-elf/10.2.0/rv32imac/ilp32\libgcc.a(subdf3.o)
 .debug_aranges
                0x0000000000000478       0x20 z:/downloads/nucleistudio_ide_202204-win64/nucleistudio/toolchain/gcc/bin/../lib/gcc/riscv-nuclei-elf/10.2.0/rv32imac/ilp32\libgcc.a(unorddf2.o)
 .debug_aranges
                0x0000000000000498       0x20 z:/downloads/nucleistudio_ide_202204-win64/nucleistudio/toolchain/gcc/bin/../lib/gcc/riscv-nuclei-elf/10.2.0/rv32imac/ilp32\libgcc.a(fixdfsi.o)
 .debug_aranges
                0x00000000000004b8       0x20 z:/downloads/nucleistudio_ide_202204-win64/nucleistudio/toolchain/gcc/bin/../lib/gcc/riscv-nuclei-elf/10.2.0/rv32imac/ilp32\libgcc.a(floatsidf.o)
 .debug_aranges
                0x00000000000004d8       0x20 z:/downloads/nucleistudio_ide_202204-win64/nucleistudio/toolchain/gcc/bin/../lib/gcc/riscv-nuclei-elf/10.2.0/rv32imac/ilp32\libgcc.a(floatunsidf.o)
 .debug_aranges
                0x00000000000004f8       0x20 z:/downloads/nucleistudio_ide_202204-win64/nucleistudio/toolchain/gcc/bin/../lib/gcc/riscv-nuclei-elf/10.2.0/rv32imac/ilp32\libgcc.a(trunctfdf2.o)
 .debug_aranges
                0x0000000000000518       0x20 z:/downloads/nucleistudio_ide_202204-win64/nucleistudio/toolchain/gcc/bin/../lib/gcc/riscv-nuclei-elf/10.2.0/rv32imac/ilp32\libgcc.a(_clzsi2.o)

.debug_ranges   0x0000000000000000     0x1530
 .debug_ranges  0x0000000000000000       0x10 ./hbird_sdk/SoC/hbirdv2/Common/Source/Stubs/close.o
 .debug_ranges  0x0000000000000010       0x10 ./hbird_sdk/SoC/hbirdv2/Common/Source/Stubs/exit.o
 .debug_ranges  0x0000000000000020       0x10 ./hbird_sdk/SoC/hbirdv2/Common/Source/Stubs/fstat.o
 .debug_ranges  0x0000000000000030       0x10 ./hbird_sdk/SoC/hbirdv2/Common/Source/Stubs/getpid.o
 .debug_ranges  0x0000000000000040       0x10 ./hbird_sdk/SoC/hbirdv2/Common/Source/Stubs/isatty.o
 .debug_ranges  0x0000000000000050       0x10 ./hbird_sdk/SoC/hbirdv2/Common/Source/Stubs/kill.o
 .debug_ranges  0x0000000000000060       0x10 ./hbird_sdk/SoC/hbirdv2/Common/Source/Stubs/lseek.o
 .debug_ranges  0x0000000000000070       0x10 ./hbird_sdk/SoC/hbirdv2/Common/Source/Stubs/read.o
 .debug_ranges  0x0000000000000080       0x10 ./hbird_sdk/SoC/hbirdv2/Common/Source/Stubs/sbrk.o
 .debug_ranges  0x0000000000000090       0x28 ./hbird_sdk/SoC/hbirdv2/Common/Source/Stubs/write.o
 .debug_ranges  0x00000000000000b8       0x50 ./hbird_sdk/SoC/hbirdv2/Common/Source/Drivers/hbirdv2_gpio.o
 .debug_ranges  0x0000000000000108       0x88 ./hbird_sdk/SoC/hbirdv2/Common/Source/Drivers/hbirdv2_uart.o
 .debug_ranges  0x0000000000000190      0x3d8 ./hbird_sdk/SoC/hbirdv2/Common/Source/hbirdv2_common.o
 .debug_ranges  0x0000000000000568      0x348 ./hbird_sdk/SoC/hbirdv2/Common/Source/system_hbirdv2.o
 .debug_ranges  0x00000000000008b0       0x28 ./application/main.o
 .debug_ranges  0x00000000000008d8       0xf8 z:/downloads/nucleistudio_ide_202204-win64/nucleistudio/toolchain/gcc/bin/../lib/gcc/riscv-nuclei-elf/10.2.0/rv32imac/ilp32\libgcc.a(_udivdi3.o)
 .debug_ranges  0x00000000000009d0      0x248 z:/downloads/nucleistudio_ide_202204-win64/nucleistudio/toolchain/gcc/bin/../lib/gcc/riscv-nuclei-elf/10.2.0/rv32imac/ilp32\libgcc.a(adddf3.o)
 .debug_ranges  0x0000000000000c18      0x198 z:/downloads/nucleistudio_ide_202204-win64/nucleistudio/toolchain/gcc/bin/../lib/gcc/riscv-nuclei-elf/10.2.0/rv32imac/ilp32\libgcc.a(divdf3.o)
 .debug_ranges  0x0000000000000db0       0x48 z:/downloads/nucleistudio_ide_202204-win64/nucleistudio/toolchain/gcc/bin/../lib/gcc/riscv-nuclei-elf/10.2.0/rv32imac/ilp32\libgcc.a(eqdf2.o)
 .debug_ranges  0x0000000000000df8       0x50 z:/downloads/nucleistudio_ide_202204-win64/nucleistudio/toolchain/gcc/bin/../lib/gcc/riscv-nuclei-elf/10.2.0/rv32imac/ilp32\libgcc.a(gedf2.o)
 .debug_ranges  0x0000000000000e48       0x50 z:/downloads/nucleistudio_ide_202204-win64/nucleistudio/toolchain/gcc/bin/../lib/gcc/riscv-nuclei-elf/10.2.0/rv32imac/ilp32\libgcc.a(ledf2.o)
 .debug_ranges  0x0000000000000e98      0x1e0 z:/downloads/nucleistudio_ide_202204-win64/nucleistudio/toolchain/gcc/bin/../lib/gcc/riscv-nuclei-elf/10.2.0/rv32imac/ilp32\libgcc.a(muldf3.o)
 .debug_ranges  0x0000000000001078      0x250 z:/downloads/nucleistudio_ide_202204-win64/nucleistudio/toolchain/gcc/bin/../lib/gcc/riscv-nuclei-elf/10.2.0/rv32imac/ilp32\libgcc.a(subdf3.o)
 .debug_ranges  0x00000000000012c8       0x38 z:/downloads/nucleistudio_ide_202204-win64/nucleistudio/toolchain/gcc/bin/../lib/gcc/riscv-nuclei-elf/10.2.0/rv32imac/ilp32\libgcc.a(unorddf2.o)
 .debug_ranges  0x0000000000001300       0x18 z:/downloads/nucleistudio_ide_202204-win64/nucleistudio/toolchain/gcc/bin/../lib/gcc/riscv-nuclei-elf/10.2.0/rv32imac/ilp32\libgcc.a(fixdfsi.o)
 .debug_ranges  0x0000000000001318       0x68 z:/downloads/nucleistudio_ide_202204-win64/nucleistudio/toolchain/gcc/bin/../lib/gcc/riscv-nuclei-elf/10.2.0/rv32imac/ilp32\libgcc.a(floatsidf.o)
 .debug_ranges  0x0000000000001380       0x70 z:/downloads/nucleistudio_ide_202204-win64/nucleistudio/toolchain/gcc/bin/../lib/gcc/riscv-nuclei-elf/10.2.0/rv32imac/ilp32\libgcc.a(floatunsidf.o)
 .debug_ranges  0x00000000000013f0      0x120 z:/downloads/nucleistudio_ide_202204-win64/nucleistudio/toolchain/gcc/bin/../lib/gcc/riscv-nuclei-elf/10.2.0/rv32imac/ilp32\libgcc.a(trunctfdf2.o)
 .debug_ranges  0x0000000000001510       0x20 z:/downloads/nucleistudio_ide_202204-win64/nucleistudio/toolchain/gcc/bin/../lib/gcc/riscv-nuclei-elf/10.2.0/rv32imac/ilp32\libgcc.a(_clzsi2.o)

.debug_line     0x0000000000000000     0x9440
 .debug_line    0x0000000000000000       0x75 ./hbird_sdk/SoC/hbirdv2/Common/Source/Stubs/close.o
 .debug_line    0x0000000000000075       0xd6 ./hbird_sdk/SoC/hbirdv2/Common/Source/Stubs/exit.o
 .debug_line    0x000000000000014b      0x1d3 ./hbird_sdk/SoC/hbirdv2/Common/Source/Stubs/fstat.o
 .debug_line    0x000000000000031e       0x6c ./hbird_sdk/SoC/hbirdv2/Common/Source/Stubs/getpid.o
 .debug_line    0x000000000000038a       0x6c ./hbird_sdk/SoC/hbirdv2/Common/Source/Stubs/isatty.o
 .debug_line    0x00000000000003f6       0x74 ./hbird_sdk/SoC/hbirdv2/Common/Source/Stubs/kill.o
 .debug_line    0x000000000000046a       0x6b ./hbird_sdk/SoC/hbirdv2/Common/Source/Stubs/lseek.o
 .debug_line    0x00000000000004d5      0x2ab ./hbird_sdk/SoC/hbirdv2/Common/Source/Stubs/read.o
 .debug_line    0x0000000000000780      0x12a ./hbird_sdk/SoC/hbirdv2/Common/Source/Stubs/sbrk.o
 .debug_line    0x00000000000008aa      0x5ce ./hbird_sdk/SoC/hbirdv2/Common/Source/Stubs/write.o
 .debug_line    0x0000000000000e78       0x97 ./hbird_sdk/SoC/hbirdv2/Common/Source/GCC/intexc_hbirdv2.o
 .debug_line    0x0000000000000f0f      0x163 ./hbird_sdk/SoC/hbirdv2/Common/Source/GCC/startup_hbirdv2.o
 .debug_line    0x0000000000001072      0x557 ./hbird_sdk/SoC/hbirdv2/Common/Source/Drivers/hbirdv2_gpio.o
 .debug_line    0x00000000000015c9      0x8c5 ./hbird_sdk/SoC/hbirdv2/Common/Source/Drivers/hbirdv2_uart.o
 .debug_line    0x0000000000001e8e      0x97e ./hbird_sdk/SoC/hbirdv2/Common/Source/hbirdv2_common.o
 .debug_line    0x000000000000280c      0xc61 ./hbird_sdk/SoC/hbirdv2/Common/Source/system_hbirdv2.o
 .debug_line    0x000000000000346d       0xb6 ./application/main.o
 .debug_line    0x0000000000003523      0x768 z:/downloads/nucleistudio_ide_202204-win64/nucleistudio/toolchain/gcc/bin/../lib/gcc/riscv-nuclei-elf/10.2.0/rv32imac/ilp32\libgcc.a(_udivdi3.o)
 .debug_line    0x0000000000003c8b       0x72 z:/downloads/nucleistudio_ide_202204-win64/nucleistudio/toolchain/gcc/bin/../lib/gcc/riscv-nuclei-elf/10.2.0/rv32imac/ilp32\libgcc.a(_clz.o)
 .debug_line    0x0000000000003cfd     0x102c z:/downloads/nucleistudio_ide_202204-win64/nucleistudio/toolchain/gcc/bin/../lib/gcc/riscv-nuclei-elf/10.2.0/rv32imac/ilp32\libgcc.a(adddf3.o)
 .debug_line    0x0000000000004d29      0xf83 z:/downloads/nucleistudio_ide_202204-win64/nucleistudio/toolchain/gcc/bin/../lib/gcc/riscv-nuclei-elf/10.2.0/rv32imac/ilp32\libgcc.a(divdf3.o)
 .debug_line    0x0000000000005cac      0x269 z:/downloads/nucleistudio_ide_202204-win64/nucleistudio/toolchain/gcc/bin/../lib/gcc/riscv-nuclei-elf/10.2.0/rv32imac/ilp32\libgcc.a(eqdf2.o)
 .debug_line    0x0000000000005f15      0x2fe z:/downloads/nucleistudio_ide_202204-win64/nucleistudio/toolchain/gcc/bin/../lib/gcc/riscv-nuclei-elf/10.2.0/rv32imac/ilp32\libgcc.a(gedf2.o)
 .debug_line    0x0000000000006213      0x2fe z:/downloads/nucleistudio_ide_202204-win64/nucleistudio/toolchain/gcc/bin/../lib/gcc/riscv-nuclei-elf/10.2.0/rv32imac/ilp32\libgcc.a(ledf2.o)
 .debug_line    0x0000000000006511      0xdbe z:/downloads/nucleistudio_ide_202204-win64/nucleistudio/toolchain/gcc/bin/../lib/gcc/riscv-nuclei-elf/10.2.0/rv32imac/ilp32\libgcc.a(muldf3.o)
 .debug_line    0x00000000000072cf     0x1091 z:/downloads/nucleistudio_ide_202204-win64/nucleistudio/toolchain/gcc/bin/../lib/gcc/riscv-nuclei-elf/10.2.0/rv32imac/ilp32\libgcc.a(subdf3.o)
 .debug_line    0x0000000000008360      0x1b4 z:/downloads/nucleistudio_ide_202204-win64/nucleistudio/toolchain/gcc/bin/../lib/gcc/riscv-nuclei-elf/10.2.0/rv32imac/ilp32\libgcc.a(unorddf2.o)
 .debug_line    0x0000000000008514      0x22d z:/downloads/nucleistudio_ide_202204-win64/nucleistudio/toolchain/gcc/bin/../lib/gcc/riscv-nuclei-elf/10.2.0/rv32imac/ilp32\libgcc.a(fixdfsi.o)
 .debug_line    0x0000000000008741      0x267 z:/downloads/nucleistudio_ide_202204-win64/nucleistudio/toolchain/gcc/bin/../lib/gcc/riscv-nuclei-elf/10.2.0/rv32imac/ilp32\libgcc.a(floatsidf.o)
 .debug_line    0x00000000000089a8      0x287 z:/downloads/nucleistudio_ide_202204-win64/nucleistudio/toolchain/gcc/bin/../lib/gcc/riscv-nuclei-elf/10.2.0/rv32imac/ilp32\libgcc.a(floatunsidf.o)
 .debug_line    0x0000000000008c2f      0x713 z:/downloads/nucleistudio_ide_202204-win64/nucleistudio/toolchain/gcc/bin/../lib/gcc/riscv-nuclei-elf/10.2.0/rv32imac/ilp32\libgcc.a(trunctfdf2.o)
 .debug_line    0x0000000000009342       0xfe z:/downloads/nucleistudio_ide_202204-win64/nucleistudio/toolchain/gcc/bin/../lib/gcc/riscv-nuclei-elf/10.2.0/rv32imac/ilp32\libgcc.a(_clzsi2.o)

.debug_str      0x0000000000000000     0x1d4f
 .debug_str     0x0000000000000000      0x244 ./hbird_sdk/SoC/hbirdv2/Common/Source/Stubs/close.o
                                        0x289 (size before relaxing)
 .debug_str     0x0000000000000244       0x40 ./hbird_sdk/SoC/hbirdv2/Common/Source/Stubs/exit.o
                                        0x282 (size before relaxing)
 .debug_str     0x0000000000000284      0x141 ./hbird_sdk/SoC/hbirdv2/Common/Source/Stubs/fstat.o
                                        0x3da (size before relaxing)
 .debug_str     0x00000000000003c5       0x3e ./hbird_sdk/SoC/hbirdv2/Common/Source/Stubs/getpid.o
                                        0x285 (size before relaxing)
 .debug_str     0x0000000000000403       0x3e ./hbird_sdk/SoC/hbirdv2/Common/Source/Stubs/isatty.o
                                        0x285 (size before relaxing)
 .debug_str     0x0000000000000441       0x3a ./hbird_sdk/SoC/hbirdv2/Common/Source/Stubs/kill.o
                                        0x287 (size before relaxing)
 .debug_str     0x000000000000047b       0x4a ./hbird_sdk/SoC/hbirdv2/Common/Source/Stubs/lseek.o
                                        0x296 (size before relaxing)
 .debug_str     0x00000000000004c5       0x66 ./hbird_sdk/SoC/hbirdv2/Common/Source/Stubs/read.o
                                        0x2de (size before relaxing)
 .debug_str     0x000000000000052b       0x5a ./hbird_sdk/SoC/hbirdv2/Common/Source/Stubs/sbrk.o
                                        0x2a6 (size before relaxing)
 .debug_str     0x0000000000000585       0x49 ./hbird_sdk/SoC/hbirdv2/Common/Source/Stubs/write.o
                                        0x2e9 (size before relaxing)
 .debug_str     0x00000000000005ce       0x4a ./hbird_sdk/SoC/hbirdv2/Common/Source/GCC/intexc_hbirdv2.o
                                         0x7f (size before relaxing)
 .debug_str     0x0000000000000618       0x3d ./hbird_sdk/SoC/hbirdv2/Common/Source/GCC/startup_hbirdv2.o
                                         0x80 (size before relaxing)
 .debug_str     0x0000000000000655      0x18d ./hbird_sdk/SoC/hbirdv2/Common/Source/Drivers/hbirdv2_gpio.o
                                        0x3f0 (size before relaxing)
 .debug_str     0x00000000000007e2      0x204 ./hbird_sdk/SoC/hbirdv2/Common/Source/Drivers/hbirdv2_uart.o
                                        0x4b2 (size before relaxing)
 .debug_str     0x00000000000009e6      0x128 ./hbird_sdk/SoC/hbirdv2/Common/Source/hbirdv2_common.o
                                        0x390 (size before relaxing)
 .debug_str     0x0000000000000b0e      0x596 ./hbird_sdk/SoC/hbirdv2/Common/Source/system_hbirdv2.o
                                        0x8d1 (size before relaxing)
 .debug_str     0x00000000000010a4       0x20 ./application/main.o
                                        0x27b (size before relaxing)
 .debug_str     0x00000000000010c4      0x277 z:/downloads/nucleistudio_ide_202204-win64/nucleistudio/toolchain/gcc/bin/../lib/gcc/riscv-nuclei-elf/10.2.0/rv32imac/ilp32\libgcc.a(_udivdi3.o)
                                        0x33a (size before relaxing)
 .debug_str     0x000000000000133b       0xb3 z:/downloads/nucleistudio_ide_202204-win64/nucleistudio/toolchain/gcc/bin/../lib/gcc/riscv-nuclei-elf/10.2.0/rv32imac/ilp32\libgcc.a(_clz.o)
                                        0x281 (size before relaxing)
 .debug_str     0x00000000000013ee      0x1bd z:/downloads/nucleistudio_ide_202204-win64/nucleistudio/toolchain/gcc/bin/../lib/gcc/riscv-nuclei-elf/10.2.0/rv32imac/ilp32\libgcc.a(adddf3.o)
                                        0x37b (size before relaxing)
 .debug_str     0x00000000000015ab      0x1b7 z:/downloads/nucleistudio_ide_202204-win64/nucleistudio/toolchain/gcc/bin/../lib/gcc/riscv-nuclei-elf/10.2.0/rv32imac/ilp32\libgcc.a(divdf3.o)
                                        0x43d (size before relaxing)
 .debug_str     0x0000000000001762       0x72 z:/downloads/nucleistudio_ide_202204-win64/nucleistudio/toolchain/gcc/bin/../lib/gcc/riscv-nuclei-elf/10.2.0/rv32imac/ilp32\libgcc.a(eqdf2.o)
                                        0x28c (size before relaxing)
 .debug_str     0x00000000000017d4       0x77 z:/downloads/nucleistudio_ide_202204-win64/nucleistudio/toolchain/gcc/bin/../lib/gcc/riscv-nuclei-elf/10.2.0/rv32imac/ilp32\libgcc.a(gedf2.o)
                                        0x2b0 (size before relaxing)
 .debug_str     0x000000000000184b       0x53 z:/downloads/nucleistudio_ide_202204-win64/nucleistudio/toolchain/gcc/bin/../lib/gcc/riscv-nuclei-elf/10.2.0/rv32imac/ilp32\libgcc.a(ledf2.o)
                                        0x2b0 (size before relaxing)
 .debug_str     0x000000000000189e      0x17a z:/downloads/nucleistudio_ide_202204-win64/nucleistudio/toolchain/gcc/bin/../lib/gcc/riscv-nuclei-elf/10.2.0/rv32imac/ilp32\libgcc.a(muldf3.o)
                                        0x495 (size before relaxing)
 .debug_str     0x0000000000001a18       0x55 z:/downloads/nucleistudio_ide_202204-win64/nucleistudio/toolchain/gcc/bin/../lib/gcc/riscv-nuclei-elf/10.2.0/rv32imac/ilp32\libgcc.a(subdf3.o)
                                        0x37b (size before relaxing)
 .debug_str     0x0000000000001a6d       0x59 z:/downloads/nucleistudio_ide_202204-win64/nucleistudio/toolchain/gcc/bin/../lib/gcc/riscv-nuclei-elf/10.2.0/rv32imac/ilp32\libgcc.a(unorddf2.o)
                                        0x292 (size before relaxing)
 .debug_str     0x0000000000001ac6       0x6a z:/downloads/nucleistudio_ide_202204-win64/nucleistudio/toolchain/gcc/bin/../lib/gcc/riscv-nuclei-elf/10.2.0/rv32imac/ilp32\libgcc.a(fixdfsi.o)
                                        0x289 (size before relaxing)
 .debug_str     0x0000000000001b30       0x88 z:/downloads/nucleistudio_ide_202204-win64/nucleistudio/toolchain/gcc/bin/../lib/gcc/riscv-nuclei-elf/10.2.0/rv32imac/ilp32\libgcc.a(floatsidf.o)
                                        0x328 (size before relaxing)
 .debug_str     0x0000000000001bb8       0x5f z:/downloads/nucleistudio_ide_202204-win64/nucleistudio/toolchain/gcc/bin/../lib/gcc/riscv-nuclei-elf/10.2.0/rv32imac/ilp32\libgcc.a(floatunsidf.o)
                                        0x325 (size before relaxing)
 .debug_str     0x0000000000001c17      0x138 z:/downloads/nucleistudio_ide_202204-win64/nucleistudio/toolchain/gcc/bin/../lib/gcc/riscv-nuclei-elf/10.2.0/rv32imac/ilp32\libgcc.a(trunctfdf2.o)
                                        0x454 (size before relaxing)
 .debug_str     0x0000000000001d4f      0x29e z:/downloads/nucleistudio_ide_202204-win64/nucleistudio/toolchain/gcc/bin/../lib/gcc/riscv-nuclei-elf/10.2.0/rv32imac/ilp32\libgcc.a(_clzsi2.o)

.comment        0x0000000000000000       0x12
 .comment       0x0000000000000000       0x12 ./hbird_sdk/SoC/hbirdv2/Common/Source/Stubs/close.o
                                         0x13 (size before relaxing)
 .comment       0x0000000000000012       0x13 ./hbird_sdk/SoC/hbirdv2/Common/Source/Stubs/exit.o
 .comment       0x0000000000000012       0x13 ./hbird_sdk/SoC/hbirdv2/Common/Source/Stubs/fstat.o
 .comment       0x0000000000000012       0x13 ./hbird_sdk/SoC/hbirdv2/Common/Source/Stubs/getpid.o
 .comment       0x0000000000000012       0x13 ./hbird_sdk/SoC/hbirdv2/Common/Source/Stubs/isatty.o
 .comment       0x0000000000000012       0x13 ./hbird_sdk/SoC/hbirdv2/Common/Source/Stubs/kill.o
 .comment       0x0000000000000012       0x13 ./hbird_sdk/SoC/hbirdv2/Common/Source/Stubs/lseek.o
 .comment       0x0000000000000012       0x13 ./hbird_sdk/SoC/hbirdv2/Common/Source/Stubs/read.o
 .comment       0x0000000000000012       0x13 ./hbird_sdk/SoC/hbirdv2/Common/Source/Stubs/sbrk.o
 .comment       0x0000000000000012       0x13 ./hbird_sdk/SoC/hbirdv2/Common/Source/Stubs/write.o
 .comment       0x0000000000000012       0x13 ./hbird_sdk/SoC/hbirdv2/Common/Source/Drivers/hbirdv2_gpio.o
 .comment       0x0000000000000012       0x13 ./hbird_sdk/SoC/hbirdv2/Common/Source/Drivers/hbirdv2_uart.o
 .comment       0x0000000000000012       0x13 ./hbird_sdk/SoC/hbirdv2/Common/Source/hbirdv2_common.o
 .comment       0x0000000000000012       0x13 ./hbird_sdk/SoC/hbirdv2/Common/Source/system_hbirdv2.o
 .comment       0x0000000000000012       0x13 ./application/main.o
 .comment       0x0000000000000012       0x13 z:/downloads/nucleistudio_ide_202204-win64/nucleistudio/toolchain/gcc/bin/../lib/gcc/riscv-nuclei-elf/10.2.0/rv32imac/ilp32\libgcc.a(_udivdi3.o)
 .comment       0x0000000000000012       0x13 z:/downloads/nucleistudio_ide_202204-win64/nucleistudio/toolchain/gcc/bin/../lib/gcc/riscv-nuclei-elf/10.2.0/rv32imac/ilp32\libgcc.a(_clz.o)
 .comment       0x0000000000000012       0x13 z:/downloads/nucleistudio_ide_202204-win64/nucleistudio/toolchain/gcc/bin/../lib/gcc/riscv-nuclei-elf/10.2.0/../../../../riscv-nuclei-elf/lib/rv32imac/ilp32\libg_nano.a(lib_a-atexit.o)
 .comment       0x0000000000000012       0x13 z:/downloads/nucleistudio_ide_202204-win64/nucleistudio/toolchain/gcc/bin/../lib/gcc/riscv-nuclei-elf/10.2.0/../../../../riscv-nuclei-elf/lib/rv32imac/ilp32\libg_nano.a(lib_a-fini.o)
 .comment       0x0000000000000012       0x13 z:/downloads/nucleistudio_ide_202204-win64/nucleistudio/toolchain/gcc/bin/../lib/gcc/riscv-nuclei-elf/10.2.0/../../../../riscv-nuclei-elf/lib/rv32imac/ilp32\libg_nano.a(lib_a-init.o)
 .comment       0x0000000000000012       0x13 z:/downloads/nucleistudio_ide_202204-win64/nucleistudio/toolchain/gcc/bin/../lib/gcc/riscv-nuclei-elf/10.2.0/../../../../riscv-nuclei-elf/lib/rv32imac/ilp32\libg_nano.a(lib_a-nano-vfprintf_float.o)
 .comment       0x0000000000000012       0x13 z:/downloads/nucleistudio_ide_202204-win64/nucleistudio/toolchain/gcc/bin/../lib/gcc/riscv-nuclei-elf/10.2.0/../../../../riscv-nuclei-elf/lib/rv32imac/ilp32\libg_nano.a(lib_a-nano-vfprintf_i.o)
 .comment       0x0000000000000012       0x13 z:/downloads/nucleistudio_ide_202204-win64/nucleistudio/toolchain/gcc/bin/../lib/gcc/riscv-nuclei-elf/10.2.0/../../../../riscv-nuclei-elf/lib/rv32imac/ilp32\libg_nano.a(lib_a-printf.o)
 .comment       0x0000000000000012       0x13 z:/downloads/nucleistudio_ide_202204-win64/nucleistudio/toolchain/gcc/bin/../lib/gcc/riscv-nuclei-elf/10.2.0/../../../../riscv-nuclei-elf/lib/rv32imac/ilp32\libg_nano.a(lib_a-puts.o)
 .comment       0x0000000000000012       0x13 z:/downloads/nucleistudio_ide_202204-win64/nucleistudio/toolchain/gcc/bin/../lib/gcc/riscv-nuclei-elf/10.2.0/../../../../riscv-nuclei-elf/lib/rv32imac/ilp32\libg_nano.a(lib_a-reent.o)
 .comment       0x0000000000000012       0x13 z:/downloads/nucleistudio_ide_202204-win64/nucleistudio/toolchain/gcc/bin/../lib/gcc/riscv-nuclei-elf/10.2.0/../../../../riscv-nuclei-elf/lib/rv32imac/ilp32\libg_nano.a(lib_a-strlen.o)
 .comment       0x0000000000000012       0x13 z:/downloads/nucleistudio_ide_202204-win64/nucleistudio/toolchain/gcc/bin/../lib/gcc/riscv-nuclei-elf/10.2.0/../../../../riscv-nuclei-elf/lib/rv32imac/ilp32\libg_nano.a(lib_a-sysisatty.o)
 .comment       0x0000000000000012       0x13 z:/downloads/nucleistudio_ide_202204-win64/nucleistudio/toolchain/gcc/bin/../lib/gcc/riscv-nuclei-elf/10.2.0/../../../../riscv-nuclei-elf/lib/rv32imac/ilp32\libg_nano.a(lib_a-wbuf.o)
 .comment       0x0000000000000012       0x13 z:/downloads/nucleistudio_ide_202204-win64/nucleistudio/toolchain/gcc/bin/../lib/gcc/riscv-nuclei-elf/10.2.0/../../../../riscv-nuclei-elf/lib/rv32imac/ilp32\libg_nano.a(lib_a-wsetup.o)
 .comment       0x0000000000000012       0x13 z:/downloads/nucleistudio_ide_202204-win64/nucleistudio/toolchain/gcc/bin/../lib/gcc/riscv-nuclei-elf/10.2.0/../../../../riscv-nuclei-elf/lib/rv32imac/ilp32\libg_nano.a(lib_a-__atexit.o)
 .comment       0x0000000000000012       0x13 z:/downloads/nucleistudio_ide_202204-win64/nucleistudio/toolchain/gcc/bin/../lib/gcc/riscv-nuclei-elf/10.2.0/../../../../riscv-nuclei-elf/lib/rv32imac/ilp32\libg_nano.a(lib_a-__call_atexit.o)
 .comment       0x0000000000000012       0x13 z:/downloads/nucleistudio_ide_202204-win64/nucleistudio/toolchain/gcc/bin/../lib/gcc/riscv-nuclei-elf/10.2.0/../../../../riscv-nuclei-elf/lib/rv32imac/ilp32\libg_nano.a(lib_a-dtoa.o)
 .comment       0x0000000000000012       0x13 z:/downloads/nucleistudio_ide_202204-win64/nucleistudio/toolchain/gcc/bin/../lib/gcc/riscv-nuclei-elf/10.2.0/../../../../riscv-nuclei-elf/lib/rv32imac/ilp32\libg_nano.a(lib_a-fflush.o)
 .comment       0x0000000000000012       0x13 z:/downloads/nucleistudio_ide_202204-win64/nucleistudio/toolchain/gcc/bin/../lib/gcc/riscv-nuclei-elf/10.2.0/../../../../riscv-nuclei-elf/lib/rv32imac/ilp32\libg_nano.a(lib_a-findfp.o)
 .comment       0x0000000000000012       0x13 z:/downloads/nucleistudio_ide_202204-win64/nucleistudio/toolchain/gcc/bin/../lib/gcc/riscv-nuclei-elf/10.2.0/../../../../riscv-nuclei-elf/lib/rv32imac/ilp32\libg_nano.a(lib_a-fwalk.o)
 .comment       0x0000000000000012       0x13 z:/downloads/nucleistudio_ide_202204-win64/nucleistudio/toolchain/gcc/bin/../lib/gcc/riscv-nuclei-elf/10.2.0/../../../../riscv-nuclei-elf/lib/rv32imac/ilp32\libg_nano.a(lib_a-impure.o)
 .comment       0x0000000000000012       0x13 z:/downloads/nucleistudio_ide_202204-win64/nucleistudio/toolchain/gcc/bin/../lib/gcc/riscv-nuclei-elf/10.2.0/../../../../riscv-nuclei-elf/lib/rv32imac/ilp32\libg_nano.a(lib_a-localeconv.o)
 .comment       0x0000000000000012       0x13 z:/downloads/nucleistudio_ide_202204-win64/nucleistudio/toolchain/gcc/bin/../lib/gcc/riscv-nuclei-elf/10.2.0/../../../../riscv-nuclei-elf/lib/rv32imac/ilp32\libg_nano.a(lib_a-makebuf.o)
 .comment       0x0000000000000012       0x13 z:/downloads/nucleistudio_ide_202204-win64/nucleistudio/toolchain/gcc/bin/../lib/gcc/riscv-nuclei-elf/10.2.0/../../../../riscv-nuclei-elf/lib/rv32imac/ilp32\libg_nano.a(lib_a-malloc.o)
 .comment       0x0000000000000012       0x13 z:/downloads/nucleistudio_ide_202204-win64/nucleistudio/toolchain/gcc/bin/../lib/gcc/riscv-nuclei-elf/10.2.0/../../../../riscv-nuclei-elf/lib/rv32imac/ilp32\libg_nano.a(lib_a-memchr.o)
 .comment       0x0000000000000012       0x13 z:/downloads/nucleistudio_ide_202204-win64/nucleistudio/toolchain/gcc/bin/../lib/gcc/riscv-nuclei-elf/10.2.0/../../../../riscv-nuclei-elf/lib/rv32imac/ilp32\libg_nano.a(lib_a-memcpy.o)
 .comment       0x0000000000000012       0x13 z:/downloads/nucleistudio_ide_202204-win64/nucleistudio/toolchain/gcc/bin/../lib/gcc/riscv-nuclei-elf/10.2.0/../../../../riscv-nuclei-elf/lib/rv32imac/ilp32\libg_nano.a(lib_a-mprec.o)
 .comment       0x0000000000000012       0x13 z:/downloads/nucleistudio_ide_202204-win64/nucleistudio/toolchain/gcc/bin/../lib/gcc/riscv-nuclei-elf/10.2.0/../../../../riscv-nuclei-elf/lib/rv32imac/ilp32\libg_nano.a(lib_a-nano-callocr.o)
 .comment       0x0000000000000012       0x13 z:/downloads/nucleistudio_ide_202204-win64/nucleistudio/toolchain/gcc/bin/../lib/gcc/riscv-nuclei-elf/10.2.0/../../../../riscv-nuclei-elf/lib/rv32imac/ilp32\libg_nano.a(lib_a-nano-freer.o)