Archive member included to satisfy reference by file (symbol)

z:/downloads/nucleistudio_ide_202204-win64/nucleistudio/toolchain/gcc/bin/../lib/gcc/riscv-nuclei-elf/10.2.0/rv32imac/ilp32\libgcc.a(_divdi3.o)
                              ./hbird_sdk/SoC/hbirdv2/Common/Source/Stubs/gettimeofday.o (__divdi3)
z:/downloads/nucleistudio_ide_202204-win64/nucleistudio/toolchain/gcc/bin/../lib/gcc/riscv-nuclei-elf/10.2.0/rv32imac/ilp32\libgcc.a(_udivdi3.o)
                              ./hbird_sdk/SoC/hbirdv2/Common/Source/Stubs/gettimeofday.o (__udivdi3)
z:/downloads/nucleistudio_ide_202204-win64/nucleistudio/toolchain/gcc/bin/../lib/gcc/riscv-nuclei-elf/10.2.0/rv32imac/ilp32\libgcc.a(_umoddi3.o)
                              ./hbird_sdk/SoC/hbirdv2/Common/Source/Stubs/gettimeofday.o (__umoddi3)
z:/downloads/nucleistudio_ide_202204-win64/nucleistudio/toolchain/gcc/bin/../lib/gcc/riscv-nuclei-elf/10.2.0/rv32imac/ilp32\libgcc.a(_clz.o)
                              z:/downloads/nucleistudio_ide_202204-win64/nucleistudio/toolchain/gcc/bin/../lib/gcc/riscv-nuclei-elf/10.2.0/rv32imac/ilp32\libgcc.a(_divdi3.o) (__clz_tab)
z:/downloads/nucleistudio_ide_202204-win64/nucleistudio/toolchain/gcc/bin/../lib/gcc/riscv-nuclei-elf/10.2.0/../../../../riscv-nuclei-elf/lib/rv32imac/ilp32\libg_nano.a(lib_a-atexit.o)
                              ./hbird_sdk/SoC/hbirdv2/Common/Source/GCC/startup_hbirdv2.o (atexit)
z:/downloads/nucleistudio_ide_202204-win64/nucleistudio/toolchain/gcc/bin/../lib/gcc/riscv-nuclei-elf/10.2.0/../../../../riscv-nuclei-elf/lib/rv32imac/ilp32\libg_nano.a(lib_a-fini.o)
                              ./hbird_sdk/SoC/hbirdv2/Common/Source/GCC/startup_hbirdv2.o (__libc_fini_array)
z:/downloads/nucleistudio_ide_202204-win64/nucleistudio/toolchain/gcc/bin/../lib/gcc/riscv-nuclei-elf/10.2.0/../../../../riscv-nuclei-elf/lib/rv32imac/ilp32\libg_nano.a(lib_a-init.o)
                              ./hbird_sdk/SoC/hbirdv2/Common/Source/GCC/startup_hbirdv2.o (__libc_init_array)
z:/downloads/nucleistudio_ide_202204-win64/nucleistudio/toolchain/gcc/bin/../lib/gcc/riscv-nuclei-elf/10.2.0/../../../../riscv-nuclei-elf/lib/rv32imac/ilp32\libg_nano.a(lib_a-nano-vfprintf_float.o)
                              (_printf_float)
z:/downloads/nucleistudio_ide_202204-win64/nucleistudio/toolchain/gcc/bin/../lib/gcc/riscv-nuclei-elf/10.2.0/../../../../riscv-nuclei-elf/lib/rv32imac/ilp32\libg_nano.a(lib_a-nano-vfprintf_i.o)
                              z:/downloads/nucleistudio_ide_202204-win64/nucleistudio/toolchain/gcc/bin/../lib/gcc/riscv-nuclei-elf/10.2.0/../../../../riscv-nuclei-elf/lib/rv32imac/ilp32\libg_nano.a(lib_a-nano-vfprintf_float.o) (_printf_common)
z:/downloads/nucleistudio_ide_202204-win64/nucleistudio/toolchain/gcc/bin/../lib/gcc/riscv-nuclei-elf/10.2.0/../../../../riscv-nuclei-elf/lib/rv32imac/ilp32\libg_nano.a(lib_a-printf.o)
                              ./hbird_sdk/SoC/hbirdv2/Common/Source/system_hbirdv2.o (printf)
z:/downloads/nucleistudio_ide_202204-win64/nucleistudio/toolchain/gcc/bin/../lib/gcc/riscv-nuclei-elf/10.2.0/../../../../riscv-nuclei-elf/lib/rv32imac/ilp32\libg_nano.a(lib_a-putchar.o)
                              ./application/insn.o (putchar)
z:/downloads/nucleistudio_ide_202204-win64/nucleistudio/toolchain/gcc/bin/../lib/gcc/riscv-nuclei-elf/10.2.0/../../../../riscv-nuclei-elf/lib/rv32imac/ilp32\libg_nano.a(lib_a-puts.o)
                              ./hbird_sdk/SoC/hbirdv2/Common/Source/system_hbirdv2.o (puts)
z:/downloads/nucleistudio_ide_202204-win64/nucleistudio/toolchain/gcc/bin/../lib/gcc/riscv-nuclei-elf/10.2.0/../../../../riscv-nuclei-elf/lib/rv32imac/ilp32\libg_nano.a(lib_a-reent.o)
                              ./hbird_sdk/SoC/hbirdv2/Common/Source/Stubs/close.o (errno)
z:/downloads/nucleistudio_ide_202204-win64/nucleistudio/toolchain/gcc/bin/../lib/gcc/riscv-nuclei-elf/10.2.0/../../../../riscv-nuclei-elf/lib/rv32imac/ilp32\libg_nano.a(lib_a-strlen.o)
                              z:/downloads/nucleistudio_ide_202204-win64/nucleistudio/toolchain/gcc/bin/../lib/gcc/riscv-nuclei-elf/10.2.0/../../../../riscv-nuclei-elf/lib/rv32imac/ilp32\libg_nano.a(lib_a-nano-vfprintf_float.o) (strlen)
z:/downloads/nucleistudio_ide_202204-win64/nucleistudio/toolchain/gcc/bin/../lib/gcc/riscv-nuclei-elf/10.2.0/../../../../riscv-nuclei-elf/lib/rv32imac/ilp32\libg_nano.a(lib_a-sysisatty.o)
                              ./hbird_sdk/SoC/hbirdv2/Common/Source/Stubs/write.o (isatty)
z:/downloads/nucleistudio_ide_202204-win64/nucleistudio/toolchain/gcc/bin/../lib/gcc/riscv-nuclei-elf/10.2.0/../../../../riscv-nuclei-elf/lib/rv32imac/ilp32\libg_nano.a(lib_a-wbuf.o)
                              z:/downloads/nucleistudio_ide_202204-win64/nucleistudio/toolchain/gcc/bin/../lib/gcc/riscv-nuclei-elf/10.2.0/../../../../riscv-nuclei-elf/lib/rv32imac/ilp32\libg_nano.a(lib_a-puts.o) (__swbuf_r)
[...]
Memory Configuration

Name             Origin             Length             Attributes
ilm              0x0000000080000000 0x0000000000010000 axrl !w
ram              0x0000000090000000 0x0000000000010000 axw !rl
*default*        0x0000000000000000 0xffffffffffffffff

Linker script and memory map

LOAD ./hbird_sdk/SoC/hbirdv2/Common/Source/Stubs/clock_getres.o
LOAD ./hbird_sdk/SoC/hbirdv2/Common/Source/Stubs/clock_gettime.o
LOAD ./hbird_sdk/SoC/hbirdv2/Common/Source/Stubs/clock_settime.o
LOAD ./hbird_sdk/SoC/hbirdv2/Common/Source/Stubs/close.o
LOAD ./hbird_sdk/SoC/hbirdv2/Common/Source/Stubs/execve.o
LOAD ./hbird_sdk/SoC/hbirdv2/Common/Source/Stubs/exit.o
LOAD ./hbird_sdk/SoC/hbirdv2/Common/Source/Stubs/fork.o
LOAD ./hbird_sdk/SoC/hbirdv2/Common/Source/Stubs/fstat.o
LOAD ./hbird_sdk/SoC/hbirdv2/Common/Source/Stubs/getpid.o
LOAD ./hbird_sdk/SoC/hbirdv2/Common/Source/Stubs/gettimeofday.o
LOAD ./hbird_sdk/SoC/hbirdv2/Common/Source/Stubs/isatty.o
LOAD ./hbird_sdk/SoC/hbirdv2/Common/Source/Stubs/kill.o
LOAD ./hbird_sdk/SoC/hbirdv2/Common/Source/Stubs/link.o
LOAD ./hbird_sdk/SoC/hbirdv2/Common/Source/Stubs/lseek.o
LOAD ./hbird_sdk/SoC/hbirdv2/Common/Source/Stubs/open.o
LOAD ./hbird_sdk/SoC/hbirdv2/Common/Source/Stubs/read.o
LOAD ./hbird_sdk/SoC/hbirdv2/Common/Source/Stubs/sbrk.o
LOAD ./hbird_sdk/SoC/hbirdv2/Common/Source/Stubs/stat.o
LOAD ./hbird_sdk/SoC/hbirdv2/Common/Source/Stubs/times.o
LOAD ./hbird_sdk/SoC/hbirdv2/Common/Source/Stubs/unlink.o
LOAD ./hbird_sdk/SoC/hbirdv2/Common/Source/Stubs/wait.o
LOAD ./hbird_sdk/SoC/hbirdv2/Common/Source/Stubs/write.o
LOAD ./hbird_sdk/SoC/hbirdv2/Common/Source/GCC/intexc_hbirdv2.o
LOAD ./hbird_sdk/SoC/hbirdv2/Common/Source/GCC/startup_hbirdv2.o
LOAD ./hbird_sdk/SoC/hbirdv2/Common/Source/Drivers/hbirdv2_gpio.o
LOAD ./hbird_sdk/SoC/hbirdv2/Common/Source/Drivers/hbirdv2_i2c.o
LOAD ./hbird_sdk/SoC/hbirdv2/Common/Source/Drivers/hbirdv2_pwm.o
LOAD ./hbird_sdk/SoC/hbirdv2/Common/Source/Drivers/hbirdv2_spi.o
LOAD ./hbird_sdk/SoC/hbirdv2/Common/Source/Drivers/hbirdv2_uart.o
LOAD ./hbird_sdk/SoC/hbirdv2/Common/Source/Drivers/htif.o
LOAD ./hbird_sdk/SoC/hbirdv2/Common/Source/hbirdv2_common.o
LOAD ./hbird_sdk/SoC/hbirdv2/Common/Source/system_hbirdv2.o
LOAD ./application/demo_nice.o
LOAD ./application/insn.o
LOAD z:/downloads/nucleistudio_ide_202204-win64/nucleistudio/toolchain/gcc/bin/../lib/gcc/riscv-nuclei-elf/10.2.0/../../../../riscv-nuclei-elf/lib/rv32imac/ilp32\libstdc++.a
LOAD z:/downloads/nucleistudio_ide_202204-win64/nucleistudio/toolchain/gcc/bin/../lib/gcc/riscv-nuclei-elf/10.2.0/../../../../riscv-nuclei-elf/lib/rv32imac/ilp32\libstdc++.a
LOAD z:/downloads/nucleistudio_ide_202204-win64/nucleistudio/toolchain/gcc/bin/../lib/gcc/riscv-nuclei-elf/10.2.0/../../../../riscv-nuclei-elf/lib/rv32imac/ilp32\libm_nano.a
LOAD z:/downloads/nucleistudio_ide_202204-win64/nucleistudio/toolchain/gcc/bin/../lib/gcc/riscv-nuclei-elf/10.2.0/rv32imac/ilp32\libgcc.a
LOAD z:/downloads/nucleistudio_ide_202204-win64/nucleistudio/toolchain/gcc/bin/../lib/gcc/riscv-nuclei-elf/10.2.0/../../../../riscv-nuclei-elf/lib/rv32imac/ilp32\libg_nano.a
LOAD z:/downloads/nucleistudio_ide_202204-win64/nucleistudio/toolchain/gcc/bin/../lib/gcc/riscv-nuclei-elf/10.2.0/../../../../riscv-nuclei-elf/lib/rv32imac/ilp32\libc_nano.a
LOAD z:/downloads/nucleistudio_ide_202204-win64/nucleistudio/toolchain/gcc/bin/../lib/gcc/riscv-nuclei-elf/10.2.0/rv32imac/ilp32\libgcc.a
START GROUP
LOAD z:/downloads/nucleistudio_ide_202204-win64/nucleistudio/toolchain/gcc/bin/../lib/gcc/riscv-nuclei-elf/10.2.0/rv32imac/ilp32\libgcc.a
LOAD z:/downloads/nucleistudio_ide_202204-win64/nucleistudio/toolchain/gcc/bin/../lib/gcc/riscv-nuclei-elf/10.2.0/../../../../riscv-nuclei-elf/lib/rv32imac/ilp32\libc_nano.a
LOAD z:/downloads/nucleistudio_ide_202204-win64/nucleistudio/toolchain/gcc/bin/../lib/gcc/riscv-nuclei-elf/10.2.0/../../../../riscv-nuclei-elf/lib/rv32imac/ilp32\libnosys.a
END GROUP
START GROUP
LOAD z:/downloads/nucleistudio_ide_202204-win64/nucleistudio/toolchain/gcc/bin/../lib/gcc/riscv-nuclei-elf/10.2.0/rv32imac/ilp32\libgcc.a
LOAD z:/downloads/nucleistudio_ide_202204-win64/nucleistudio/toolchain/gcc/bin/../lib/gcc/riscv-nuclei-elf/10.2.0/../../../../riscv-nuclei-elf/lib/rv32imac/ilp32\libc_nano.a
LOAD z:/downloads/nucleistudio_ide_202204-win64/nucleistudio/toolchain/gcc/bin/../lib/gcc/riscv-nuclei-elf/10.2.0/../../../../riscv-nuclei-elf/lib/rv32imac/ilp32\libnosys.a
END GROUP
                0x0000000000000800                __stack_size = DEFINED (__stack_size)?__stack_size:0x800

.init           0x0000000080000000       0xba
 *(.vtable)
 *(SORT_NONE(.init))
 .init          0x0000000080000000       0xba ./hbird_sdk/SoC/hbirdv2/Common/Source/GCC/startup_hbirdv2.o
                0x0000000080000000                _start

.ilalign        0x00000000800000ba        0x2
                0x00000000800000bc                . = ALIGN (0x4)
 *fill*         0x00000000800000ba        0x2 
                0x00000000800000bc                PROVIDE (_ilm_lma = .)

.ialign         0x00000000800000bc        0x0
                0x00000000800000bc                PROVIDE (_ilm = .)

.text           0x00000000800000bc     0x6dfe
 *(.text.unlikely .text.unlikely.*)
 *(.text.startup .text.startup.*)
 .text.startup.main
                0x00000000800000bc      0x28a ./application/demo_nice.o
                0x00000000800000bc                main
 *(.text .text.*)
 *fill*         0x0000000080000346        0x2 
 .text._close   0x0000000080000348        0xa ./hbird_sdk/SoC/hbirdv2/Common/Source/Stubs/close.o
                0x0000000080000348                _close
 *fill*         0x0000000080000352        0x2 
 .text._exit    0x0000000080000354       0x24 ./hbird_sdk/SoC/hbirdv2/Common/Source/Stubs/exit.o
                0x0000000080000354                _exit
 .text._fstat   0x0000000080000378       0x1e ./hbird_sdk/SoC/hbirdv2/Common/Source/Stubs/fstat.o
                0x0000000080000378                _fstat
 *fill*         0x0000000080000396        0x2 
 .text._getpid  0x0000000080000398        0x6 ./hbird_sdk/SoC/hbirdv2/Common/Source/Stubs/getpid.o
                0x0000000080000398                _getpid
 *fill*         0x000000008000039e        0x2 
 .text._isatty  0x00000000800003a0        0x6 ./hbird_sdk/SoC/hbirdv2/Common/Source/Stubs/isatty.o
                0x00000000800003a0                _isatty
 *fill*         0x00000000800003a6        0x2 
 .text._kill    0x00000000800003a8        0xa ./hbird_sdk/SoC/hbirdv2/Common/Source/Stubs/kill.o
                0x00000000800003a8                _kill
 *fill*         0x00000000800003b2        0x2 
 .text._lseek   0x00000000800003b4        0x6 ./hbird_sdk/SoC/hbirdv2/Common/Source/Stubs/lseek.o
                0x00000000800003b4                _lseek
 *fill*         0x00000000800003ba        0x2 
 .text._read    0x00000000800003bc       0x28 ./hbird_sdk/SoC/hbirdv2/Common/Source/Stubs/read.o
                0x00000000800003bc                _read
 *fill*         0x00000000800003e4        0x0 
 .text._sbrk    0x00000000800003e4       0x2e ./hbird_sdk/SoC/hbirdv2/Common/Source/Stubs/sbrk.o
                0x00000000800003e4                _sbrk
 *fill*         0x0000000080000412        0x2 
 .text._write   0x0000000080000414      0x28e ./hbird_sdk/SoC/hbirdv2/Common/Source/Stubs/write.o
                0x0000000080000414                _write
 *fill*         0x00000000800006a2        0x2 
 .text.trap     0x00000000800006a4       0x78 ./hbird_sdk/SoC/hbirdv2/Common/Source/GCC/intexc_hbirdv2.o
                0x00000000800006a4                trap_entry
 *fill*         0x000000008000071c        0x0 
 .text.gpio_iof_config
                0x000000008000071c       0x16 ./hbird_sdk/SoC/hbirdv2/Common/Source/Drivers/hbirdv2_gpio.o
                0x000000008000071c                gpio_iof_config
 *fill*         0x0000000080000732        0x2 
 .text.uart_init
                0x0000000080000734       0x46 ./hbird_sdk/SoC/hbirdv2/Common/Source/Drivers/hbirdv2_uart.o
                0x0000000080000734                uart_init
 *fill*         0x000000008000077a        0x2 
 .text.uart_write
                0x000000008000077c       0x64 ./hbird_sdk/SoC/hbirdv2/Common/Source/Drivers/hbirdv2_uart.o
                0x000000008000077c                uart_write
 .text.uart_read
                0x00000000800007e0       0x66 ./hbird_sdk/SoC/hbirdv2/Common/Source/Drivers/hbirdv2_uart.o
                0x00000000800007e0                uart_read
 *fill*         0x0000000080000846        0x2 
 .text.get_cpu_freq
                0x0000000080000848      0x282 ./hbird_sdk/SoC/hbirdv2/Common/Source/hbirdv2_common.o
                0x0000000080000848                get_cpu_freq
 *fill*         0x0000000080000aca        0x2 
 .text.system_default_exception_handler
                0x0000000080000acc       0x46 ./hbird_sdk/SoC/hbirdv2/Common/Source/system_hbirdv2.o
 *fill*         0x0000000080000b12        0x2 
 .text.system_default_interrupt_handler
                0x0000000080000b14       0x4a ./hbird_sdk/SoC/hbirdv2/Common/Source/system_hbirdv2.o
 *fill*         0x0000000080000b5e        0x2 
 .text.SystemInit
                0x0000000080000b60       0x12 ./hbird_sdk/SoC/hbirdv2/Common/Source/system_hbirdv2.o
                0x0000000080000b60                SystemInit
 *fill*         0x0000000080000b72        0x2 
 .text.core_trap_handler
                0x0000000080000b74       0xcc ./hbird_sdk/SoC/hbirdv2/Common/Source/system_hbirdv2.o
                0x0000000080000b74                core_trap_handler
 .text._premain_init
                0x0000000080000c40      0x314 ./hbird_sdk/SoC/hbirdv2/Common/Source/system_hbirdv2.o
                0x0000000080000c40                _premain_init
 *fill*         0x0000000080000f54        0x0 
 .text._postmain_fini
                0x0000000080000f54        0x2 ./hbird_sdk/SoC/hbirdv2/Common/Source/system_hbirdv2.o
                0x0000000080000f54                _postmain_fini
 *fill*         0x0000000080000f56        0x2 
 .text._init    0x0000000080000f58        0x2 ./hbird_sdk/SoC/hbirdv2/Common/Source/system_hbirdv2.o
                0x0000000080000f58                _init
 *fill*         0x0000000080000f5a        0x2 
 .text._fini    0x0000000080000f5c        0x2 ./hbird_sdk/SoC/hbirdv2/Common/Source/system_hbirdv2.o
                0x0000000080000f5c                _fini
 *fill*         0x0000000080000f5e        0x2 
 .text.normal_case
                0x0000000080000f60      0x6ea ./application/insn.o
                0x0000000080000f60                normal_case
 *fill*         0x000000008000164a        0x2 
 .text.nice_case
                0x000000008000164c      0x6b0 ./application/insn.o
                0x000000008000164c                nice_case
 .text          0x0000000080001cfc      0x360 z:/downloads/nucleistudio_ide_202204-win64/nucleistudio/toolchain/gcc/bin/../lib/gcc/riscv-nuclei-elf/10.2.0/rv32imac/ilp32\libgcc.a(_udivdi3.o)
                0x0000000080001cfc                __udivdi3
 .text.atexit   0x000000008000205c        0xc z:/downloads/nucleistudio_ide_202204-win64/nucleistudio/toolchain/gcc/bin/../lib/gcc/riscv-nuclei-elf/10.2.0/../../../../riscv-nuclei-elf/lib/rv32imac/ilp32\libg_nano.a(lib_a-atexit.o)
                0x000000008000205c                atexit
 .text.__libc_fini_array
                0x0000000080002068       0x36 z:/downloads/nucleistudio_ide_202204-win64/nucleistudio/toolchain/gcc/bin/../lib/gcc/riscv-nuclei-elf/10.2.0/../../../../riscv-nuclei-elf/lib/rv32imac/ilp32\libg_nano.a(lib_a-fini.o)
                0x0000000080002068                __libc_fini_array
 .text.__libc_init_array
                0x000000008000209e       0x5e z:/downloads/nucleistudio_ide_202204-win64/nucleistudio/toolchain/gcc/bin/../lib/gcc/riscv-nuclei-elf/10.2.0/../../../../riscv-nuclei-elf/lib/rv32imac/ilp32\libg_nano.a(lib_a-init.o)
                0x000000008000209e                __libc_init_array
 .text.__cvt    0x00000000800020fc       0xec z:/downloads/nucleistudio_ide_202204-win64/nucleistudio/toolchain/gcc/bin/../lib/gcc/riscv-nuclei-elf/10.2.0/../../../../riscv-nuclei-elf/lib/rv32imac/ilp32\libg_nano.a(lib_a-nano-vfprintf_float.o)
                0x00000000800020fc                __cvt
 .text.__exponent
                0x00000000800021e8       0x9c z:/downloads/nucleistudio_ide_202204-win64/nucleistudio/toolchain/gcc/bin/../lib/gcc/riscv-nuclei-elf/10.2.0/../../../../riscv-nuclei-elf/lib/rv32imac/ilp32\libg_nano.a(lib_a-nano-vfprintf_float.o)
                0x00000000800021e8                __exponent
 .text._printf_float
                0x0000000080002284      0x4d4 z:/downloads/nucleistudio_ide_202204-win64/nucleistudio/toolchain/gcc/bin/../lib/gcc/riscv-nuclei-elf/10.2.0/../../../../riscv-nuclei-elf/lib/rv32imac/ilp32\libg_nano.a(lib_a-nano-vfprintf_float.o)
                0x0000000080002284                _printf_float
 .text._printf_common
                0x0000000080002758      0x10c z:/downloads/nucleistudio_ide_202204-win64/nucleistudio/toolchain/gcc/bin/../lib/gcc/riscv-nuclei-elf/10.2.0/../../../../riscv-nuclei-elf/lib/rv32imac/ilp32\libg_nano.a(lib_a-nano-vfprintf_i.o)
                0x0000000080002758                _printf_common
 .text._printf_i
                0x0000000080002864      0x272 z:/downloads/nucleistudio_ide_202204-win64/nucleistudio/toolchain/gcc/bin/../lib/gcc/riscv-nuclei-elf/10.2.0/../../../../riscv-nuclei-elf/lib/rv32imac/ilp32\libg_nano.a(lib_a-nano-vfprintf_i.o)
                0x0000000080002864                _printf_i
 .text.printf   0x0000000080002ad6       0x40 z:/downloads/nucleistudio_ide_202204-win64/nucleistudio/toolchain/gcc/bin/../lib/gcc/riscv-nuclei-elf/10.2.0/../../../../riscv-nuclei-elf/lib/rv32imac/ilp32\libg_nano.a(lib_a-printf.o)
                0x0000000080002ad6                iprintf
                0x0000000080002ad6                printf
 .text.putchar  0x0000000080002b16       0x2e z:/downloads/nucleistudio_ide_202204-win64/nucleistudio/toolchain/gcc/bin/../lib/gcc/riscv-nuclei-elf/10.2.0/../../../../riscv-nuclei-elf/lib/rv32imac/ilp32\libg_nano.a(lib_a-putchar.o)
                0x0000000080002b16                putchar
 .text._puts_r  0x0000000080002b44       0xde z:/downloads/nucleistudio_ide_202204-win64/nucleistudio/toolchain/gcc/bin/../lib/gcc/riscv-nuclei-elf/10.2.0/../../../../riscv-nuclei-elf/lib/rv32imac/ilp32\libg_nano.a(lib_a-puts.o)
                0x0000000080002b44                _puts_r
 .text.puts     0x0000000080002c22        0xc z:/downloads/nucleistudio_ide_202204-win64/nucleistudio/toolchain/gcc/bin/../lib/gcc/riscv-nuclei-elf/10.2.0/../../../../riscv-nuclei-elf/lib/rv32imac/ilp32\libg_nano.a(lib_a-puts.o)
                0x0000000080002c22                puts
 .text.strlen   0x0000000080002c2e       0x12 z:/downloads/nucleistudio_ide_202204-win64/nucleistudio/toolchain/gcc/bin/../lib/gcc/riscv-nuclei-elf/10.2.0/../../../../riscv-nuclei-elf/lib/rv32imac/ilp32\libg_nano.a(lib_a-strlen.o)
                0x0000000080002c2e                strlen
 .text.isatty   0x0000000080002c40        0x4 z:/downloads/nucleistudio_ide_202204-win64/nucleistudio/toolchain/gcc/bin/../lib/gcc/riscv-nuclei-elf/10.2.0/../../../../riscv-nuclei-elf/lib/rv32imac/ilp32\libg_nano.a(lib_a-sysisatty.o)
                0x0000000080002c40                isatty
 .text.__swbuf_r
                0x0000000080002c44       0xc6 z:/downloads/nucleistudio_ide_202204-win64/nucleistudio/toolchain/gcc/bin/../lib/gcc/riscv-nuclei-elf/10.2.0/../../../../riscv-nuclei-elf/lib/rv32imac/ilp32\libg_nano.a(lib_a-wbuf.o)
                0x0000000080002c44                __swbuf_r
 .text.__swsetup_r
                0x0000000080002d0a      0x110 z:/downloads/nucleistudio_ide_202204-win64/nucleistudio/toolchain/gcc/bin/../lib/gcc/riscv-nuclei-elf/10.2.0/../../../../riscv-nuclei-elf/lib/rv32imac/ilp32\libg_nano.a(lib_a-wsetup.o)
                0x0000000080002d0a                __swsetup_r
 .text.__register_exitproc
                0x0000000080002e1a       0x74 z:/downloads/nucleistudio_ide_202204-win64/nucleistudio/toolchain/gcc/bin/../lib/gcc/riscv-nuclei-elf/10.2.0/../../../../riscv-nuclei-elf/lib/rv32imac/ilp32\libg_nano.a(lib_a-__atexit.o)
                0x0000000080002e1a                __register_exitproc
 .text.quorem   0x0000000080002e8e      0x12c z:/downloads/nucleistudio_ide_202204-win64/nucleistudio/toolchain/gcc/bin/../lib/gcc/riscv-nuclei-elf/10.2.0/../../../../riscv-nuclei-elf/lib/rv32imac/ilp32\libg_nano.a(lib_a-dtoa.o)
 .text._dtoa_r  0x0000000080002fba      0xc54 z:/downloads/nucleistudio_ide_202204-win64/nucleistudio/toolchain/gcc/bin/../lib/gcc/riscv-nuclei-elf/10.2.0/../../../../riscv-nuclei-elf/lib/rv32imac/ilp32\libg_nano.a(lib_a-dtoa.o)
                0x0000000080002fba                _dtoa_r
 .text.__sflush_r
                0x0000000080003c0e      0x148 z:/downloads/nucleistudio_ide_202204-win64/nucleistudio/toolchain/gcc/bin/../lib/gcc/riscv-nuclei-elf/10.2.0/../../../../riscv-nuclei-elf/lib/rv32imac/ilp32\libg_nano.a(lib_a-fflush.o)
                0x0000000080003c0e                __sflush_r
 .text._fflush_r
                0x0000000080003d56       0x64 z:/downloads/nucleistudio_ide_202204-win64/nucleistudio/toolchain/gcc/bin/../lib/gcc/riscv-nuclei-elf/10.2.0/../../../../riscv-nuclei-elf/lib/rv32imac/ilp32\libg_nano.a(lib_a-fflush.o)
                0x0000000080003d56                _fflush_r
 .text.std      0x0000000080003dba       0x68 z:/downloads/nucleistudio_ide_202204-win64/nucleistudio/toolchain/gcc/bin/../lib/gcc/riscv-nuclei-elf/10.2.0/../../../../riscv-nuclei-elf/lib/rv32imac/ilp32\libg_nano.a(lib_a-findfp.o)
 .text._cleanup_r
                0x0000000080003e22        0xa z:/downloads/nucleistudio_ide_202204-win64/nucleistudio/toolchain/gcc/bin/../lib/gcc/riscv-nuclei-elf/10.2.0/../../../../riscv-nuclei-elf/lib/rv32imac/ilp32\libg_nano.a(lib_a-findfp.o)
                0x0000000080003e22                _cleanup_r
 .text.__sfmoreglue
                0x0000000080003e2c       0x46 z:/downloads/nucleistudio_ide_202204-win64/nucleistudio/toolchain/gcc/bin/../lib/gcc/riscv-nuclei-elf/10.2.0/../../../../riscv-nuclei-elf/lib/rv32imac/ilp32\libg_nano.a(lib_a-findfp.o)
                0x0000000080003e2c                __sfmoreglue
 .text.__sinit  0x0000000080003e72       0x66 z:/downloads/nucleistudio_ide_202204-win64/nucleistudio/toolchain/gcc/bin/../lib/gcc/riscv-nuclei-elf/10.2.0/../../../../riscv-nuclei-elf/lib/rv32imac/ilp32\libg_nano.a(lib_a-findfp.o)
                0x0000000080003e72                __sinit
 .text.__sfp    0x0000000080003ed8       0x98 z:/downloads/nucleistudio_ide_202204-win64/nucleistudio/toolchain/gcc/bin/../lib/gcc/riscv-nuclei-elf/10.2.0/../../../../riscv-nuclei-elf/lib/rv32imac/ilp32\libg_nano.a(lib_a-findfp.o)
                0x0000000080003ed8                __sfp
 .text._fwalk_reent
                0x0000000080003f70       0x6a z:/downloads/nucleistudio_ide_202204-win64/nucleistudio/toolchain/gcc/bin/../lib/gcc/riscv-nuclei-elf/10.2.0/../../../../riscv-nuclei-elf/lib/rv32imac/ilp32\libg_nano.a(lib_a-fwalk.o)
                0x0000000080003f70                _fwalk_reent
 .text._localeconv_r
                0x0000000080003fda        0xa z:/downloads/nucleistudio_ide_202204-win64/nucleistudio/toolchain/gcc/bin/../lib/gcc/riscv-nuclei-elf/10.2.0/../../../../riscv-nuclei-elf/lib/rv32imac/ilp32\libg_nano.a(lib_a-localeconv.o)
                0x0000000080003fda                _localeconv_r
 .text.__swhatbuf_r
                0x0000000080003fe4       0x5c z:/downloads/nucleistudio_ide_202204-win64/nucleistudio/toolchain/gcc/bin/../lib/gcc/riscv-nuclei-elf/10.2.0/../../../../riscv-nuclei-elf/lib/rv32imac/ilp32\libg_nano.a(lib_a-makebuf.o)
                0x0000000080003fe4                __swhatbuf_r
 .text.__smakebuf_r
                0x0000000080004040       0xa0 z:/downloads/nucleistudio_ide_202204-win64/nucleistudio/toolchain/gcc/bin/../lib/gcc/riscv-nuclei-elf/10.2.0/../../../../riscv-nuclei-elf/lib/rv32imac/ilp32\libg_nano.a(lib_a-makebuf.o)
                0x0000000080004040                __smakebuf_r
 .text.malloc   0x00000000800040e0        0xe z:/downloads/nucleistudio_ide_202204-win64/nucleistudio/toolchain/gcc/bin/../lib/gcc/riscv-nuclei-elf/10.2.0/../../../../riscv-nuclei-elf/lib/rv32imac/ilp32\libg_nano.a(lib_a-malloc.o)
                0x00000000800040e0                malloc
 .text.memchr   0x00000000800040ee       0x1a z:/downloads/nucleistudio_ide_202204-win64/nucleistudio/toolchain/gcc/bin/../lib/gcc/riscv-nuclei-elf/10.2.0/../../../../riscv-nuclei-elf/lib/rv32imac/ilp32\libg_nano.a(lib_a-memchr.o)
                0x00000000800040ee                memchr
 .text.memcpy   0x0000000080004108       0xdc z:/downloads/nucleistudio_ide_202204-win64/nucleistudio/toolchain/gcc/bin/../lib/gcc/riscv-nuclei-elf/10.2.0/../../../../riscv-nuclei-elf/lib/rv32imac/ilp32\libg_nano.a(lib_a-memcpy.o)
                0x0000000080004108                memcpy
 .text          0x00000000800041e4       0xa8 z:/downloads/nucleistudio_ide_202204-win64/nucleistudio/toolchain/gcc/bin/../lib/gcc/riscv-nuclei-elf/10.2.0/../../../../riscv-nuclei-elf/lib/rv32imac/ilp32\libg_nano.a(lib_a-memset.o)
                0x00000000800041e4                memset
 .text._Balloc  0x000000008000428c       0xac z:/downloads/nucleistudio_ide_202204-win64/nucleistudio/toolchain/gcc/bin/../lib/gcc/riscv-nuclei-elf/10.2.0/../../../../riscv-nuclei-elf/lib/rv32imac/ilp32\libg_nano.a(lib_a-mprec.o)
                0x000000008000428c                _Balloc
 .text._Bfree   0x0000000080004338       0x60 z:/downloads/nucleistudio_ide_202204-win64/nucleistudio/toolchain/gcc/bin/../lib/gcc/riscv-nuclei-elf/10.2.0/../../../../riscv-nuclei-elf/lib/rv32imac/ilp32\libg_nano.a(lib_a-mprec.o)
                0x0000000080004338                _Bfree
 .text.__multadd
                0x0000000080004398       0xbc z:/downloads/nucleistudio_ide_202204-win64/nucleistudio/toolchain/gcc/bin/../lib/gcc/riscv-nuclei-elf/10.2.0/../../../../riscv-nuclei-elf/lib/rv32imac/ilp32\libg_nano.a(lib_a-mprec.o)
                0x0000000080004398                __multadd
 .text.__hi0bits
                0x0000000080004454       0x46 z:/downloads/nucleistudio_ide_202204-win64/nucleistudio/toolchain/gcc/bin/../lib/gcc/riscv-nuclei-elf/10.2.0/../../../../riscv-nuclei-elf/lib/rv32imac/ilp32\libg_nano.a(lib_a-mprec.o)
                0x0000000080004454                __hi0bits
 .text.__lo0bits
                0x000000008000449a       0x6a z:/downloads/nucleistudio_ide_202204-win64/nucleistudio/toolchain/gcc/bin/../lib/gcc/riscv-nuclei-elf/10.2.0/../../../../riscv-nuclei-elf/lib/rv32imac/ilp32\libg_nano.a(lib_a-mprec.o)
                0x000000008000449a                __lo0bits
 .text.__i2b    0x0000000080004504       0x36 z:/downloads/nucleistudio_ide_202204-win64/nucleistudio/toolchain/gcc/bin/../lib/gcc/riscv-nuclei-elf/10.2.0/../../../../riscv-nuclei-elf/lib/rv32imac/ilp32\libg_nano.a(lib_a-mprec.o)
                0x0000000080004504                __i2b
 .text.__multiply
                0x000000008000453a      0x180 z:/downloads/nucleistudio_ide_202204-win64/nucleistudio/toolchain/gcc/bin/../lib/gcc/riscv-nuclei-elf/10.2.0/../../../../riscv-nuclei-elf/lib/rv32imac/ilp32\libg_nano.a(lib_a-mprec.o)
                0x000000008000453a                __multiply
 .text.__pow5mult
                0x00000000800046ba       0xd4 z:/downloads/nucleistudio_ide_202204-win64/nucleistudio/toolchain/gcc/bin/../lib/gcc/riscv-nuclei-elf/10.2.0/../../../../riscv-nuclei-elf/lib/rv32imac/ilp32\libg_nano.a(lib_a-mprec.o)
                0x00000000800046ba                __pow5mult
 .text.__lshift
                0x000000008000478e      0x104 z:/downloads/nucleistudio_ide_202204-win64/nucleistudio/toolchain/gcc/bin/../lib/gcc/riscv-nuclei-elf/10.2.0/../../../../riscv-nuclei-elf/lib/rv32imac/ilp32\libg_nano.a(lib_a-mprec.o)
                0x000000008000478e                __lshift
 .text.__mcmp   0x0000000080004892       0x36 z:/downloads/nucleistudio_ide_202204-win64/nucleistudio/toolchain/gcc/bin/../lib/gcc/riscv-nuclei-elf/10.2.0/../../../../riscv-nuclei-elf/lib/rv32imac/ilp32\libg_nano.a(lib_a-mprec.o)
                0x0000000080004892                __mcmp
 .text.__mdiff  0x00000000800048c8      0x15c z:/downloads/nucleistudio_ide_202204-win64/nucleistudio/toolchain/gcc/bin/../lib/gcc/riscv-nuclei-elf/10.2.0/../../../../riscv-nuclei-elf/lib/rv32imac/ilp32\libg_nano.a(lib_a-mprec.o)
                0x00000000800048c8                __mdiff
 .text.__d2b    0x0000000080004a24       0xee z:/downloads/nucleistudio_ide_202204-win64/nucleistudio/toolchain/gcc/bin/../lib/gcc/riscv-nuclei-elf/10.2.0/../../../../riscv-nuclei-elf/lib/rv32imac/ilp32\libg_nano.a(lib_a-mprec.o)
                0x0000000080004a24                __d2b
 .text._calloc_r
                0x0000000080004b12       0x36 z:/downloads/nucleistudio_ide_202204-win64/nucleistudio/toolchain/gcc/bin/../lib/gcc/riscv-nuclei-elf/10.2.0/../../../../riscv-nuclei-elf/lib/rv32imac/ilp32\libg_nano.a(lib_a-nano-callocr.o)
                0x0000000080004b12                _calloc_r
 .text._free_r  0x0000000080004b48       0xa2 z:/downloads/nucleistudio_ide_202204-win64/nucleistudio/toolchain/gcc/bin/../lib/gcc/riscv-nuclei-elf/10.2.0/../../../../riscv-nuclei-elf/lib/rv32imac/ilp32\libg_nano.a(lib_a-nano-freer.o)
                0x0000000080004b48                _free_r
 .text._malloc_r
                0x0000000080004bea       0xd0 z:/downloads/nucleistudio_ide_202204-win64/nucleistudio/toolchain/gcc/bin/../lib/gcc/riscv-nuclei-elf/10.2.0/../../../../riscv-nuclei-elf/lib/rv32imac/ilp32\libg_nano.a(lib_a-nano-mallocr.o)
                0x0000000080004bea                _malloc_r
 .text.__sfputc_r
                0x0000000080004cba       0x2a z:/downloads/nucleistudio_ide_202204-win64/nucleistudio/toolchain/gcc/bin/../lib/gcc/riscv-nuclei-elf/10.2.0/../../../../riscv-nuclei-elf/lib/rv32imac/ilp32\libg_nano.a(lib_a-nano-vfprintf.o)
 .text.__sfputs_r
                0x0000000080004ce4       0x42 z:/downloads/nucleistudio_ide_202204-win64/nucleistudio/toolchain/gcc/bin/../lib/gcc/riscv-nuclei-elf/10.2.0/../../../../riscv-nuclei-elf/lib/rv32imac/ilp32\libg_nano.a(lib_a-nano-vfprintf.o)
                0x0000000080004ce4                __sfputs_r
 .text._vfprintf_r
                0x0000000080004d26      0x29e z:/downloads/nucleistudio_ide_202204-win64/nucleistudio/toolchain/gcc/bin/../lib/gcc/riscv-nuclei-elf/10.2.0/../../../../riscv-nuclei-elf/lib/rv32imac/ilp32\libg_nano.a(lib_a-nano-vfprintf.o)
                0x0000000080004d26                _vfprintf_r
                0x0000000080004d26                _vfiprintf_r
 .text._putc_r  0x0000000080004fc4       0x86 z:/downloads/nucleistudio_ide_202204-win64/nucleistudio/toolchain/gcc/bin/../lib/gcc/riscv-nuclei-elf/10.2.0/../../../../riscv-nuclei-elf/lib/rv32imac/ilp32\libg_nano.a(lib_a-putc.o)
                0x0000000080004fc4                _putc_r
 .text._sbrk_r  0x000000008000504a       0x28 z:/downloads/nucleistudio_ide_202204-win64/nucleistudio/toolchain/gcc/bin/../lib/gcc/riscv-nuclei-elf/10.2.0/../../../../riscv-nuclei-elf/lib/rv32imac/ilp32\libg_nano.a(lib_a-sbrkr.o)
                0x000000008000504a                _sbrk_r
 .text.__sread  0x0000000080005072       0x30 z:/downloads/nucleistudio_ide_202204-win64/nucleistudio/toolchain/gcc/bin/../lib/gcc/riscv-nuclei-elf/10.2.0/../../../../riscv-nuclei-elf/lib/rv32imac/ilp32\libg_nano.a(lib_a-stdio.o)
                0x0000000080005072                __sread
 .text.__swrite
                0x00000000800050a2       0x4e z:/downloads/nucleistudio_ide_202204-win64/nucleistudio/toolchain/gcc/bin/../lib/gcc/riscv-nuclei-elf/10.2.0/../../../../riscv-nuclei-elf/lib/rv32imac/ilp32\libg_nano.a(lib_a-stdio.o)
                0x00000000800050a2                __swrite
 .text.__sseek  0x00000000800050f0       0x36 z:/downloads/nucleistudio_ide_202204-win64/nucleistudio/toolchain/gcc/bin/../lib/gcc/riscv-nuclei-elf/10.2.0/../../../../riscv-nuclei-elf/lib/rv32imac/ilp32\libg_nano.a(lib_a-stdio.o)
                0x00000000800050f0                __sseek
 .text.__sclose
                0x0000000080005126        0x6 z:/downloads/nucleistudio_ide_202204-win64/nucleistudio/toolchain/gcc/bin/../lib/gcc/riscv-nuclei-elf/10.2.0/../../../../riscv-nuclei-elf/lib/rv32imac/ilp32\libg_nano.a(lib_a-stdio.o)
                0x0000000080005126                __sclose
 .text._write_r
                0x000000008000512c       0x2c z:/downloads/nucleistudio_ide_202204-win64/nucleistudio/toolchain/gcc/bin/../lib/gcc/riscv-nuclei-elf/10.2.0/../../../../riscv-nuclei-elf/lib/rv32imac/ilp32\libg_nano.a(lib_a-writer.o)
                0x000000008000512c                _write_r
 .text.__assert_func
                0x0000000080005158       0x3a z:/downloads/nucleistudio_ide_202204-win64/nucleistudio/toolchain/gcc/bin/../lib/gcc/riscv-nuclei-elf/10.2.0/../../../../riscv-nuclei-elf/lib/rv32imac/ilp32\libg_nano.a(lib_a-assert.o)
                0x0000000080005158                __assert_func
 .text._close_r
                0x0000000080005192       0x28 z:/downloads/nucleistudio_ide_202204-win64/nucleistudio/toolchain/gcc/bin/../lib/gcc/riscv-nuclei-elf/10.2.0/../../../../riscv-nuclei-elf/lib/rv32imac/ilp32\libg_nano.a(lib_a-closer.o)
                0x0000000080005192                _close_r
 .text.fprintf  0x00000000800051ba       0x2a z:/downloads/nucleistudio_ide_202204-win64/nucleistudio/toolchain/gcc/bin/../lib/gcc/riscv-nuclei-elf/10.2.0/../../../../riscv-nuclei-elf/lib/rv32imac/ilp32\libg_nano.a(lib_a-fprintf.o)
                0x00000000800051ba                fiprintf
                0x00000000800051ba                fprintf
 .text._fstat_r
                0x00000000800051e4       0x2a z:/downloads/nucleistudio_ide_202204-win64/nucleistudio/toolchain/gcc/bin/../lib/gcc/riscv-nuclei-elf/10.2.0/../../../../riscv-nuclei-elf/lib/rv32imac/ilp32\libg_nano.a(lib_a-fstatr.o)
                0x00000000800051e4                _fstat_r
 .text._isatty_r
                0x000000008000520e       0x28 z:/downloads/nucleistudio_ide_202204-win64/nucleistudio/toolchain/gcc/bin/../lib/gcc/riscv-nuclei-elf/10.2.0/../../../../riscv-nuclei-elf/lib/rv32imac/ilp32\libg_nano.a(lib_a-isattyr.o)
                0x000000008000520e                _isatty_r
 .text._lseek_r
                0x0000000080005236       0x2c z:/downloads/nucleistudio_ide_202204-win64/nucleistudio/toolchain/gcc/bin/../lib/gcc/riscv-nuclei-elf/10.2.0/../../../../riscv-nuclei-elf/lib/rv32imac/ilp32\libg_nano.a(lib_a-lseekr.o)
                0x0000000080005236                _lseek_r
 .text.__ascii_mbtowc
                0x0000000080005262       0x3a z:/downloads/nucleistudio_ide_202204-win64/nucleistudio/toolchain/gcc/bin/../lib/gcc/riscv-nuclei-elf/10.2.0/../../../../riscv-nuclei-elf/lib/rv32imac/ilp32\libg_nano.a(lib_a-mbtowc_r.o)
                0x0000000080005262                __ascii_mbtowc
 .text.__malloc_lock
                0x000000008000529c        0x2 z:/downloads/nucleistudio_ide_202204-win64/nucleistudio/toolchain/gcc/bin/../lib/gcc/riscv-nuclei-elf/10.2.0/../../../../riscv-nuclei-elf/lib/rv32imac/ilp32\libg_nano.a(lib_a-mlock.o)
                0x000000008000529c                __malloc_lock
 .text.__malloc_unlock
                0x000000008000529e        0x2 z:/downloads/nucleistudio_ide_202204-win64/nucleistudio/toolchain/gcc/bin/../lib/gcc/riscv-nuclei-elf/10.2.0/../../../../riscv-nuclei-elf/lib/rv32imac/ilp32\libg_nano.a(lib_a-mlock.o)
                0x000000008000529e                __malloc_unlock
 .text._read_r  0x00000000800052a0       0x2c z:/downloads/nucleistudio_ide_202204-win64/nucleistudio/toolchain/gcc/bin/../lib/gcc/riscv-nuclei-elf/10.2.0/../../../../riscv-nuclei-elf/lib/rv32imac/ilp32\libg_nano.a(lib_a-readr.o)
                0x00000000800052a0                _read_r
 .text.__ascii_wctomb
                0x00000000800052cc       0x20 z:/downloads/nucleistudio_ide_202204-win64/nucleistudio/toolchain/gcc/bin/../lib/gcc/riscv-nuclei-elf/10.2.0/../../../../riscv-nuclei-elf/lib/rv32imac/ilp32\libg_nano.a(lib_a-wctomb_r.o)
                0x00000000800052cc                __ascii_wctomb
 .text.abort    0x00000000800052ec        0xe z:/downloads/nucleistudio_ide_202204-win64/nucleistudio/toolchain/gcc/bin/../lib/gcc/riscv-nuclei-elf/10.2.0/../../../../riscv-nuclei-elf/lib/rv32imac/ilp32\libg_nano.a(lib_a-abort.o)
                0x00000000800052ec                abort
 .text._raise_r
                0x00000000800052fa       0x62 z:/downloads/nucleistudio_ide_202204-win64/nucleistudio/toolchain/gcc/bin/../lib/gcc/riscv-nuclei-elf/10.2.0/../../../../riscv-nuclei-elf/lib/rv32imac/ilp32\libg_nano.a(lib_a-signal.o)
                0x00000000800052fa                _raise_r
 .text.raise    0x000000008000535c        0xc z:/downloads/nucleistudio_ide_202204-win64/nucleistudio/toolchain/gcc/bin/../lib/gcc/riscv-nuclei-elf/10.2.0/../../../../riscv-nuclei-elf/lib/rv32imac/ilp32\libg_nano.a(lib_a-signal.o)
                0x000000008000535c                raise
 .text._kill_r  0x0000000080005368       0x2a z:/downloads/nucleistudio_ide_202204-win64/nucleistudio/toolchain/gcc/bin/../lib/gcc/riscv-nuclei-elf/10.2.0/../../../../riscv-nuclei-elf/lib/rv32imac/ilp32\libg_nano.a(lib_a-signalr.o)
                0x0000000080005368                _kill_r
 .text._getpid_r
                0x0000000080005392        0x4 z:/downloads/nucleistudio_ide_202204-win64/nucleistudio/toolchain/gcc/bin/../lib/gcc/riscv-nuclei-elf/10.2.0/../../../../riscv-nuclei-elf/lib/rv32imac/ilp32\libg_nano.a(lib_a-signalr.o)
                0x0000000080005392                _getpid_r
 .text          0x0000000080005396      0x60a z:/downloads/nucleistudio_ide_202204-win64/nucleistudio/toolchain/gcc/bin/../lib/gcc/riscv-nuclei-elf/10.2.0/rv32imac/ilp32\libgcc.a(adddf3.o)
                0x0000000080005396                __adddf3
 .text          0x00000000800059a0      0x540 z:/downloads/nucleistudio_ide_202204-win64/nucleistudio/toolchain/gcc/bin/../lib/gcc/riscv-nuclei-elf/10.2.0/rv32imac/ilp32\libgcc.a(divdf3.o)
                0x00000000800059a0                __divdf3
 .text          0x0000000080005ee0       0x6a z:/downloads/nucleistudio_ide_202204-win64/nucleistudio/toolchain/gcc/bin/../lib/gcc/riscv-nuclei-elf/10.2.0/rv32imac/ilp32\libgcc.a(eqdf2.o)
                0x0000000080005ee0                __nedf2
                0x0000000080005ee0                __eqdf2
 .text          0x0000000080005f4a       0xa6 z:/downloads/nucleistudio_ide_202204-win64/nucleistudio/toolchain/gcc/bin/../lib/gcc/riscv-nuclei-elf/10.2.0/rv32imac/ilp32\libgcc.a(gedf2.o)
                0x0000000080005f4a                __gedf2
                0x0000000080005f4a                __gtdf2
 .text          0x0000000080005ff0       0xa6 z:/downloads/nucleistudio_ide_202204-win64/nucleistudio/toolchain/gcc/bin/../lib/gcc/riscv-nuclei-elf/10.2.0/rv32imac/ilp32\libgcc.a(ledf2.o)
                0x0000000080005ff0                __ledf2
                0x0000000080005ff0                __ltdf2
 .text          0x0000000080006096      0x442 z:/downloads/nucleistudio_ide_202204-win64/nucleistudio/toolchain/gcc/bin/../lib/gcc/riscv-nuclei-elf/10.2.0/rv32imac/ilp32\libgcc.a(muldf3.o)
                0x0000000080006096                __muldf3
 .text          0x00000000800064d8      0x618 z:/downloads/nucleistudio_ide_202204-win64/nucleistudio/toolchain/gcc/bin/../lib/gcc/riscv-nuclei-elf/10.2.0/rv32imac/ilp32\libgcc.a(subdf3.o)
                0x00000000800064d8                __subdf3
 .text          0x0000000080006af0       0x3a z:/downloads/nucleistudio_ide_202204-win64/nucleistudio/toolchain/gcc/bin/../lib/gcc/riscv-nuclei-elf/10.2.0/rv32imac/ilp32\libgcc.a(unorddf2.o)
                0x0000000080006af0                __unorddf2
 .text          0x0000000080006b2a       0x64 z:/downloads/nucleistudio_ide_202204-win64/nucleistudio/toolchain/gcc/bin/../lib/gcc/riscv-nuclei-elf/10.2.0/rv32imac/ilp32\libgcc.a(fixdfsi.o)
                0x0000000080006b2a                __fixdfsi
 .text          0x0000000080006b8e       0x66 z:/downloads/nucleistudio_ide_202204-win64/nucleistudio/toolchain/gcc/bin/../lib/gcc/riscv-nuclei-elf/10.2.0/rv32imac/ilp32\libgcc.a(floatsidf.o)
                0x0000000080006b8e                __floatsidf
 .text          0x0000000080006bf4       0x4e z:/downloads/nucleistudio_ide_202204-win64/nucleistudio/toolchain/gcc/bin/../lib/gcc/riscv-nuclei-elf/10.2.0/rv32imac/ilp32\libgcc.a(floatunsidf.o)
                0x0000000080006bf4                __floatunsidf
 .text          0x0000000080006c42      0x23c z:/downloads/nucleistudio_ide_202204-win64/nucleistudio/toolchain/gcc/bin/../lib/gcc/riscv-nuclei-elf/10.2.0/rv32imac/ilp32\libgcc.a(trunctfdf2.o)
                0x0000000080006c42                __trunctfdf2
 .text          0x0000000080006e7e       0x3c z:/downloads/nucleistudio_ide_202204-win64/nucleistudio/toolchain/gcc/bin/../lib/gcc/riscv-nuclei-elf/10.2.0/rv32imac/ilp32\libgcc.a(_clzsi2.o)
                0x0000000080006e7e                __clzsi2
 *(.gnu.linkonce.t.*)

.rodata         0x0000000080006ec0      0x9b4
                0x0000000080006ec0                . = ALIGN (0x4)
 *(.rdata)
 *(.rodata .rodata.*)
 .rodata.system_default_exception_handler.str1.4
                0x0000000080006ec0       0x44 ./hbird_sdk/SoC/hbirdv2/Common/Source/system_hbirdv2.o
 .rodata.system_default_interrupt_handler.str1.4
                0x0000000080006f04       0x13 ./hbird_sdk/SoC/hbirdv2/Common/Source/system_hbirdv2.o
 *fill*         0x0000000080006f17        0x1 
 .rodata.SystemBannerPrint.str1.4
                0x0000000080006f18       0x6f ./hbird_sdk/SoC/hbirdv2/Common/Source/system_hbirdv2.o
 *fill*         0x0000000080006f87        0x1 
 .rodata.main.str1.4
                0x0000000080006f88      0x2b5 ./application/demo_nice.o
 *fill*         0x000000008000723d        0x3 
 .rodata        0x0000000080007240       0x24 ./application/demo_nice.o
 .rodata.normal_case.str1.4
                0x0000000080007264       0x5c ./application/insn.o
                                         0x60 (size before relaxing)
 .rodata        0x00000000800072c0      0x100 z:/downloads/nucleistudio_ide_202204-win64/nucleistudio/toolchain/gcc/bin/../lib/gcc/riscv-nuclei-elf/10.2.0/rv32imac/ilp32\libgcc.a(_clz.o)
                0x00000000800072c0                __clz_tab
 .rodata._printf_float.str1.4
                0x00000000800073c0       0x12 z:/downloads/nucleistudio_ide_202204-win64/nucleistudio/toolchain/gcc/bin/../lib/gcc/riscv-nuclei-elf/10.2.0/../../../../riscv-nuclei-elf/lib/rv32imac/ilp32\libg_nano.a(lib_a-nano-vfprintf_float.o)
 *fill*         0x00000000800073d2        0x2 
 .rodata._printf_i.str1.4
                0x00000000800073d4       0x25 z:/downloads/nucleistudio_ide_202204-win64/nucleistudio/toolchain/gcc/bin/../lib/gcc/riscv-nuclei-elf/10.2.0/../../../../riscv-nuclei-elf/lib/rv32imac/ilp32\libg_nano.a(lib_a-nano-vfprintf_i.o)
 *fill*         0x00000000800073f9        0x3 
 .rodata._printf_i
                0x00000000800073fc       0x58 z:/downloads/nucleistudio_ide_202204-win64/nucleistudio/toolchain/gcc/bin/../lib/gcc/riscv-nuclei-elf/10.2.0/../../../../riscv-nuclei-elf/lib/rv32imac/ilp32\libg_nano.a(lib_a-nano-vfprintf_i.o)
 .rodata._dtoa_r.str1.4
                0x0000000080007454       0x8d z:/downloads/nucleistudio_ide_202204-win64/nucleistudio/toolchain/gcc/bin/../lib/gcc/riscv-nuclei-elf/10.2.0/../../../../riscv-nuclei-elf/lib/rv32imac/ilp32\libg_nano.a(lib_a-dtoa.o)
                                         0x91 (size before relaxing)
 *fill*         0x00000000800074e1        0x3 
 .rodata.__sf_fake_stderr
                0x00000000800074e4       0x20 z:/downloads/nucleistudio_ide_202204-win64/nucleistudio/toolchain/gcc/bin/../lib/gcc/riscv-nuclei-elf/10.2.0/../../../../riscv-nuclei-elf/lib/rv32imac/ilp32\libg_nano.a(lib_a-findfp.o)
                0x00000000800074e4                __sf_fake_stderr
 .rodata.__sf_fake_stdin
                0x0000000080007504       0x20 z:/downloads/nucleistudio_ide_202204-win64/nucleistudio/toolchain/gcc/bin/../lib/gcc/riscv-nuclei-elf/10.2.0/../../../../riscv-nuclei-elf/lib/rv32imac/ilp32\libg_nano.a(lib_a-findfp.o)
                0x0000000080007504                __sf_fake_stdin
 .rodata.__sf_fake_stdout
                0x0000000080007524       0x20 z:/downloads/nucleistudio_ide_202204-win64/nucleistudio/toolchain/gcc/bin/../lib/gcc/riscv-nuclei-elf/10.2.0/../../../../riscv-nuclei-elf/lib/rv32imac/ilp32\libg_nano.a(lib_a-findfp.o)
                0x0000000080007524                __sf_fake_stdout
 .rodata._Balloc.str1.4
                0x0000000080007544       0x52 z:/downloads/nucleistudio_ide_202204-win64/nucleistudio/toolchain/gcc/bin/../lib/gcc/riscv-nuclei-elf/10.2.0/../../../../riscv-nuclei-elf/lib/rv32imac/ilp32\libg_nano.a(lib_a-mprec.o)
                                         0x6a (size before relaxing)
 .rodata.__multadd.str1.4
                0x0000000080007596       0x11 z:/downloads/nucleistudio_ide_202204-win64/nucleistudio/toolchain/gcc/bin/../lib/gcc/riscv-nuclei-elf/10.2.0/../../../../riscv-nuclei-elf/lib/rv32imac/ilp32\libg_nano.a(lib_a-mprec.o)
 *fill*         0x0000000080007596        0x2 
 .rodata.__mprec_bigtens
                0x0000000080007598       0x28 z:/downloads/nucleistudio_ide_202204-win64/nucleistudio/toolchain/gcc/bin/../lib/gcc/riscv-nuclei-elf/10.2.0/../../../../riscv-nuclei-elf/lib/rv32imac/ilp32\libg_nano.a(lib_a-mprec.o)
                0x0000000080007598                __mprec_bigtens
 .rodata.__mprec_tens
                0x00000000800075c0       0xc8 z:/downloads/nucleistudio_ide_202204-win64/nucleistudio/toolchain/gcc/bin/../lib/gcc/riscv-nuclei-elf/10.2.0/../../../../riscv-nuclei-elf/lib/rv32imac/ilp32\libg_nano.a(lib_a-mprec.o)
                0x00000000800075c0                __mprec_tens
 .rodata.p05.0  0x0000000080007688        0xc z:/downloads/nucleistudio_ide_202204-win64/nucleistudio/toolchain/gcc/bin/../lib/gcc/riscv-nuclei-elf/10.2.0/../../../../riscv-nuclei-elf/lib/rv32imac/ilp32\libg_nano.a(lib_a-mprec.o)
 .rodata._vfprintf_r.str1.4
                0x0000000080007694       0x13 z:/downloads/nucleistudio_ide_202204-win64/nucleistudio/toolchain/gcc/bin/../lib/gcc/riscv-nuclei-elf/10.2.0/../../../../riscv-nuclei-elf/lib/rv32imac/ilp32\libg_nano.a(lib_a-nano-vfprintf.o)
 *fill*         0x00000000800076a7        0x1 
 .rodata.__assert_func.str1.4
                0x00000000800076a8       0x3f z:/downloads/nucleistudio_ide_202204-win64/nucleistudio/toolchain/gcc/bin/../lib/gcc/riscv-nuclei-elf/10.2.0/../../../../riscv-nuclei-elf/lib/rv32imac/ilp32\libg_nano.a(lib_a-assert.o)
                                         0x43 (size before relaxing)
 *fill*         0x00000000800076e7        0x1 
 .rodata._setlocale_r.str1.4
                0x00000000800076e8        0xa z:/downloads/nucleistudio_ide_202204-win64/nucleistudio/toolchain/gcc/bin/../lib/gcc/riscv-nuclei-elf/10.2.0/../../../../riscv-nuclei-elf/lib/rv32imac/ilp32\libg_nano.a(lib_a-locale.o)
                                          0xd (size before relaxing)
 *fill*         0x00000000800076f2        0x2 
 .rodata.str1.4
                0x00000000800076f4        0x2 z:/downloads/nucleistudio_ide_202204-win64/nucleistudio/toolchain/gcc/bin/../lib/gcc/riscv-nuclei-elf/10.2.0/../../../../riscv-nuclei-elf/lib/rv32imac/ilp32\libg_nano.a(lib_a-locale.o)
 *fill*         0x00000000800076f6        0x2 
 .rodata._ctype_
                0x00000000800076f8      0x101 z:/downloads/nucleistudio_ide_202204-win64/nucleistudio/toolchain/gcc/bin/../lib/gcc/riscv-nuclei-elf/10.2.0/../../../../riscv-nuclei-elf/lib/rv32imac/ilp32\libg_nano.a(lib_a-ctype_.o)
                0x00000000800076f8                _ctype_
 *fill*         0x00000000800077f9        0x3 
 .rodata        0x00000000800077fc       0x3c z:/downloads/nucleistudio_ide_202204-win64/nucleistudio/toolchain/gcc/bin/../lib/gcc/riscv-nuclei-elf/10.2.0/rv32imac/ilp32\libgcc.a(divdf3.o)
 .rodata        0x0000000080007838       0x3c z:/downloads/nucleistudio_ide_202204-win64/nucleistudio/toolchain/gcc/bin/../lib/gcc/riscv-nuclei-elf/10.2.0/rv32imac/ilp32\libgcc.a(muldf3.o)
                0x0000000080007874                . = ALIGN (0x4)
                0x0000000080007874                __rt_init_start = .
 *(SORT_BY_NAME(.rti_fn*))
                0x0000000080007874                __rt_init_end = .
                0x0000000080007874                . = ALIGN (0x4)
                0x0000000080007874                __fsymtab_start = .
 *(FSymTab)
                0x0000000080007874                __fsymtab_end = .
                0x0000000080007874                . = ALIGN (0x4)
                0x0000000080007874                __vsymtab_start = .
 *(VSymTab)
                0x0000000080007874                __vsymtab_end = .
 *(.gnu.linkonce.r.*)

.rela.dyn       0x0000000080007874        0x0
 .rela.text._sbrk
                0x0000000080007874        0x0 ./hbird_sdk/SoC/hbirdv2/Common/Source/Stubs/close.o
 .rela.sdata.curbrk.0
                0x0000000080007874        0x0 ./hbird_sdk/SoC/hbirdv2/Common/Source/Stubs/close.o
 .rela.init     0x0000000080007874        0x0 ./hbird_sdk/SoC/hbirdv2/Common/Source/Stubs/close.o
 .rela.text.__libc_fini_array
                0x0000000080007874        0x0 ./hbird_sdk/SoC/hbirdv2/Common/Source/Stubs/close.o
 .rela.text.__libc_init_array
                0x0000000080007874        0x0 ./hbird_sdk/SoC/hbirdv2/Common/Source/Stubs/close.o
 .rela.text.__register_exitproc
                0x0000000080007874        0x0 ./hbird_sdk/SoC/hbirdv2/Common/Source/Stubs/close.o
 .rela.text._vfprintf_r
                0x0000000080007874        0x0 ./hbird_sdk/SoC/hbirdv2/Common/Source/Stubs/close.o

.fini
 *(SORT_NONE(.fini))
                0x0000000080007874                . = ALIGN (0x4)
                [!provide]                        PROVIDE (__etext = .)
                [!provide]                        PROVIDE (_etext = .)
                [!provide]                        PROVIDE (etext = .)
                0x0000000080007874                PROVIDE (_eilm = .)

.preinit_array  0x0000000080007874        0x0
                0x0000000080007874                PROVIDE (__preinit_array_start = .)
 *(.preinit_array)
                0x0000000080007874                PROVIDE (__preinit_array_end = .)

.init_array     0x0000000080007874        0x0
                0x0000000080007874                PROVIDE (__init_array_start = .)
 *(SORT_BY_INIT_PRIORITY(.init_array.*) SORT_BY_INIT_PRIORITY(.ctors.*))
 *(.init_array EXCLUDE_FILE(*crtend?.o *crtend.o *crtbegin?.o *crtbegin.o) .ctors)
                0x0000000080007874                PROVIDE (__init_array_end = .)

.fini_array     0x0000000080007874        0x0
                0x0000000080007874                PROVIDE (__fini_array_start = .)
 *(SORT_BY_INIT_PRIORITY(.fini_array.*) SORT_BY_INIT_PRIORITY(.dtors.*))
 *(.fini_array EXCLUDE_FILE(*crtend?.o *crtend.o *crtbegin?.o *crtbegin.o) .dtors)
                0x0000000080007874                PROVIDE (__fini_array_end = .)

.ctors
 *crtbegin.o(.ctors)
 *crtbegin?.o(.ctors)
 *(EXCLUDE_FILE(*crtend?.o *crtend.o) .ctors)
 *(SORT_BY_NAME(.ctors.*))
 *(.ctors)

.dtors
 *crtbegin.o(.dtors)
 *crtbegin?.o(.dtors)
 *(EXCLUDE_FILE(*crtend?.o *crtend.o) .dtors)
 *(SORT_BY_NAME(.dtors.*))
 *(.dtors)

.lalign         0x0000000080007874        0x0
                0x0000000080007874                . = ALIGN (0x4)
                0x0000000080007874                PROVIDE (_data_lma = .)

.dalign         0x0000000090000000        0x0 load address 0x0000000080007874
                0x0000000090000000                . = ALIGN (0x4)
                0x0000000090000000                PROVIDE (_data = .)

.data           0x0000000090000000      0x234 load address 0x0000000080007874
 *(.data .data.*)
 .data.impure_data
                0x0000000090000000       0x60 z:/downloads/nucleistudio_ide_202204-win64/nucleistudio/toolchain/gcc/bin/../lib/gcc/riscv-nuclei-elf/10.2.0/../../../../riscv-nuclei-elf/lib/rv32imac/ilp32\libg_nano.a(lib_a-impure.o)
 .data.__global_locale
                0x0000000090000060      0x16c z:/downloads/nucleistudio_ide_202204-win64/nucleistudio/toolchain/gcc/bin/../lib/gcc/riscv-nuclei-elf/10.2.0/../../../../riscv-nuclei-elf/lib/rv32imac/ilp32\libg_nano.a(lib_a-locale.o)
                0x0000000090000060                __global_locale
 *(.gnu.linkonce.d.*)
                0x00000000900001d0                . = ALIGN (0x8)
 *fill*         0x00000000900001cc        0x4 
                0x00000000900009d0                PROVIDE (__global_pointer$ = (. + 0x800))
 *(.sdata .sdata.* .sdata*)
 .sdata.curbrk.0
                0x00000000900001d0        0x4 ./hbird_sdk/SoC/hbirdv2/Common/Source/Stubs/sbrk.o
 .sdata.SystemCoreClock
                0x00000000900001d4        0x4 ./hbird_sdk/SoC/hbirdv2/Common/Source/system_hbirdv2.o
                0x00000000900001d4                SystemCoreClock
 .sdata._impure_ptr
                0x00000000900001d8        0x4 z:/downloads/nucleistudio_ide_202204-win64/nucleistudio/toolchain/gcc/bin/../lib/gcc/riscv-nuclei-elf/10.2.0/../../../../riscv-nuclei-elf/lib/rv32imac/ilp32\libg_nano.a(lib_a-impure.o)
                0x00000000900001d8                _impure_ptr
 *(.gnu.linkonce.s.*)
                0x00000000900001e0                . = ALIGN (0x8)
 *fill*         0x00000000900001dc        0x4 
 *(.srodata.cst16)
 *(.srodata.cst8)
 .srodata.cst8  0x00000000900001e0        0x8 z:/downloads/nucleistudio_ide_202204-win64/nucleistudio/toolchain/gcc/bin/../lib/gcc/riscv-nuclei-elf/10.2.0/../../../../riscv-nuclei-elf/lib/rv32imac/ilp32\libg_nano.a(lib_a-nano-vfprintf_float.o)
 .srodata.cst8  0x00000000900001e8       0x48 z:/downloads/nucleistudio_ide_202204-win64/nucleistudio/toolchain/gcc/bin/../lib/gcc/riscv-nuclei-elf/10.2.0/../../../../riscv-nuclei-elf/lib/rv32imac/ilp32\libg_nano.a(lib_a-dtoa.o)
 *(.srodata.cst4)
 *(.srodata.cst2)
 *(.srodata .srodata.*)
 .srodata._global_impure_ptr
                0x0000000090000230        0x4 z:/downloads/nucleistudio_ide_202204-win64/nucleistudio/toolchain/gcc/bin/../lib/gcc/riscv-nuclei-elf/10.2.0/../../../../riscv-nuclei-elf/lib/rv32imac/ilp32\libg_nano.a(lib_a-impure.o)
                0x0000000090000230                _global_impure_ptr
                0x0000000090000234                . = ALIGN (0x4)
                0x0000000090000234                PROVIDE (_edata = .)
                [!provide]                        PROVIDE (edata = .)
                [!provide]                        PROVIDE (_fbss = .)
                0x0000000090000234                PROVIDE (__bss_start = .)

.bss            0x0000000090000234      0x134
 *(.sbss*)
 .sbss.errno    0x0000000090000234        0x4 z:/downloads/nucleistudio_ide_202204-win64/nucleistudio/toolchain/gcc/bin/../lib/gcc/riscv-nuclei-elf/10.2.0/../../../../riscv-nuclei-elf/lib/rv32imac/ilp32\libg_nano.a(lib_a-reent.o)
                0x0000000090000234                errno
 .sbss._global_atexit
                0x0000000090000238        0x4 z:/downloads/nucleistudio_ide_202204-win64/nucleistudio/toolchain/gcc/bin/../lib/gcc/riscv-nuclei-elf/10.2.0/../../../../riscv-nuclei-elf/lib/rv32imac/ilp32\libg_nano.a(lib_a-__call_atexit.o)
                0x0000000090000238                _global_atexit
 .sbss.__malloc_free_list
                0x000000009000023c        0x4 z:/downloads/nucleistudio_ide_202204-win64/nucleistudio/toolchain/gcc/bin/../lib/gcc/riscv-nuclei-elf/10.2.0/../../../../riscv-nuclei-elf/lib/rv32imac/ilp32\libg_nano.a(lib_a-nano-mallocr.o)
                0x000000009000023c                __malloc_free_list
 .sbss.__malloc_sbrk_start
                0x0000000090000240        0x4 z:/downloads/nucleistudio_ide_202204-win64/nucleistudio/toolchain/gcc/bin/../lib/gcc/riscv-nuclei-elf/10.2.0/../../../../riscv-nuclei-elf/lib/rv32imac/ilp32\libg_nano.a(lib_a-nano-mallocr.o)
                0x0000000090000240                __malloc_sbrk_start
 *(.gnu.linkonce.sb.*)
 *(.bss .bss.*)
 .bss.SystemCoreInterruptHandlers
                0x0000000090000244       0x28 ./hbird_sdk/SoC/hbirdv2/Common/Source/system_hbirdv2.o
 .bss.SystemExceptionHandlers
                0x000000009000026c       0x2c ./hbird_sdk/SoC/hbirdv2/Common/Source/system_hbirdv2.o
 .bss.SystemExtInterruptHandlers
                0x0000000090000298       0x44 ./hbird_sdk/SoC/hbirdv2/Common/Source/system_hbirdv2.o
 .bss._global_atexit0
                0x00000000900002dc       0x8c z:/downloads/nucleistudio_ide_202204-win64/nucleistudio/toolchain/gcc/bin/../lib/gcc/riscv-nuclei-elf/10.2.0/../../../../riscv-nuclei-elf/lib/rv32imac/ilp32\libg_nano.a(lib_a-__atexit.o)
 *(.gnu.linkonce.b.*)
 *(COMMON)
                0x0000000090000368                . = ALIGN (0x4)
                0x0000000090000368                . = ALIGN (0x8)
                0x0000000090000368                PROVIDE (_end = .)
                [!provide]                        PROVIDE (end = .)

.stack          0x000000009000f800      0x800 load address 0x0000000090000368
                0x000000009000f800                PROVIDE (_heap_end = .)
                0x0000000000000800                . = __stack_size
 *fill*         0x000000009000f800      0x800 
                0x0000000090010000                PROVIDE (_sp = .)
OUTPUT(nice_ddr200.elf elf32-littleriscv)

.debug_info     0x0000000000000000     0x6f4b
 .debug_info    0x0000000000000000       0xac ./hbird_sdk/SoC/hbirdv2/Common/Source/Stubs/close.o
 .debug_info    0x00000000000000ac       0xb1 ./hbird_sdk/SoC/hbirdv2/Common/Source/Stubs/exit.o
 .debug_info    0x000000000000015d      0x2c8 ./hbird_sdk/SoC/hbirdv2/Common/Source/Stubs/fstat.o
 .debug_info    0x0000000000000425       0x90 ./hbird_sdk/SoC/hbirdv2/Common/Source/Stubs/getpid.o
 .debug_info    0x00000000000004b5       0xa0 ./hbird_sdk/SoC/hbirdv2/Common/Source/Stubs/isatty.o
 .debug_info    0x0000000000000555       0xbb ./hbird_sdk/SoC/hbirdv2/Common/Source/Stubs/kill.o
 .debug_info    0x0000000000000610       0xbd ./hbird_sdk/SoC/hbirdv2/Common/Source/Stubs/lseek.o
 .debug_info    0x00000000000006cd      0x232 ./hbird_sdk/SoC/hbirdv2/Common/Source/Stubs/read.o
 .debug_info    0x00000000000008ff       0xea ./hbird_sdk/SoC/hbirdv2/Common/Source/Stubs/sbrk.o
 .debug_info    0x00000000000009e9      0x3a9 ./hbird_sdk/SoC/hbirdv2/Common/Source/Stubs/write.o
 .debug_info    0x0000000000000d92       0x26 ./hbird_sdk/SoC/hbirdv2/Common/Source/GCC/intexc_hbirdv2.o
 .debug_info    0x0000000000000db8       0x26 ./hbird_sdk/SoC/hbirdv2/Common/Source/GCC/startup_hbirdv2.o
 .debug_info    0x0000000000000dde      0x388 ./hbird_sdk/SoC/hbirdv2/Common/Source/Drivers/hbirdv2_gpio.o
 .debug_info    0x0000000000001166      0x539 ./hbird_sdk/SoC/hbirdv2/Common/Source/Drivers/hbirdv2_uart.o
 .debug_info    0x000000000000169f      0x48d ./hbird_sdk/SoC/hbirdv2/Common/Source/hbirdv2_common.o
 .debug_info    0x0000000000001b2c      0xdef ./hbird_sdk/SoC/hbirdv2/Common/Source/system_hbirdv2.o
 .debug_info    0x000000000000291b      0x89d ./application/demo_nice.o
 .debug_info    0x00000000000031b8      0x493 ./application/insn.o
 .debug_info    0x000000000000364b      0x7c0 z:/downloads/nucleistudio_ide_202204-win64/nucleistudio/toolchain/gcc/bin/../lib/gcc/riscv-nuclei-elf/10.2.0/rv32imac/ilp32\libgcc.a(_udivdi3.o)
 .debug_info    0x0000000000003e0b       0xe5 z:/downloads/nucleistudio_ide_202204-win64/nucleistudio/toolchain/gcc/bin/../lib/gcc/riscv-nuclei-elf/10.2.0/rv32imac/ilp32\libgcc.a(_clz.o)
 .debug_info    0x0000000000003ef0      0x581 z:/downloads/nucleistudio_ide_202204-win64/nucleistudio/toolchain/gcc/bin/../lib/gcc/riscv-nuclei-elf/10.2.0/rv32imac/ilp32\libgcc.a(adddf3.o)
 .debug_info    0x0000000000004471      0x72a z:/downloads/nucleistudio_ide_202204-win64/nucleistudio/toolchain/gcc/bin/../lib/gcc/riscv-nuclei-elf/10.2.0/rv32imac/ilp32\libgcc.a(divdf3.o)
 .debug_info    0x0000000000004b9b      0x255 z:/downloads/nucleistudio_ide_202204-win64/nucleistudio/toolchain/gcc/bin/../lib/gcc/riscv-nuclei-elf/10.2.0/rv32imac/ilp32\libgcc.a(eqdf2.o)
 .debug_info    0x0000000000004df0      0x253 z:/downloads/nucleistudio_ide_202204-win64/nucleistudio/toolchain/gcc/bin/../lib/gcc/riscv-nuclei-elf/10.2.0/rv32imac/ilp32\libgcc.a(gedf2.o)
 .debug_info    0x0000000000005043      0x253 z:/downloads/nucleistudio_ide_202204-win64/nucleistudio/toolchain/gcc/bin/../lib/gcc/riscv-nuclei-elf/10.2.0/rv32imac/ilp32\libgcc.a(ledf2.o)
 .debug_info    0x0000000000005296      0x766 z:/downloads/nucleistudio_ide_202204-win64/nucleistudio/toolchain/gcc/bin/../lib/gcc/riscv-nuclei-elf/10.2.0/rv32imac/ilp32\libgcc.a(muldf3.o)
 .debug_info    0x00000000000059fc      0x581 z:/downloads/nucleistudio_ide_202204-win64/nucleistudio/toolchain/gcc/bin/../lib/gcc/riscv-nuclei-elf/10.2.0/rv32imac/ilp32\libgcc.a(subdf3.o)
 .debug_info    0x0000000000005f7d      0x256 z:/downloads/nucleistudio_ide_202204-win64/nucleistudio/toolchain/gcc/bin/../lib/gcc/riscv-nuclei-elf/10.2.0/rv32imac/ilp32\libgcc.a(unorddf2.o)
 .debug_info    0x00000000000061d3      0x1e7 z:/downloads/nucleistudio_ide_202204-win64/nucleistudio/toolchain/gcc/bin/../lib/gcc/riscv-nuclei-elf/10.2.0/rv32imac/ilp32\libgcc.a(fixdfsi.o)
 .debug_info    0x00000000000063ba      0x29b z:/downloads/nucleistudio_ide_202204-win64/nucleistudio/toolchain/gcc/bin/../lib/gcc/riscv-nuclei-elf/10.2.0/rv32imac/ilp32\libgcc.a(floatsidf.o)
 .debug_info    0x0000000000006655      0x28e z:/downloads/nucleistudio_ide_202204-win64/nucleistudio/toolchain/gcc/bin/../lib/gcc/riscv-nuclei-elf/10.2.0/rv32imac/ilp32\libgcc.a(floatunsidf.o)
 .debug_info    0x00000000000068e3      0x516 z:/downloads/nucleistudio_ide_202204-win64/nucleistudio/toolchain/gcc/bin/../lib/gcc/riscv-nuclei-elf/10.2.0/rv32imac/ilp32\libgcc.a(trunctfdf2.o)
 .debug_info    0x0000000000006df9      0x152 z:/downloads/nucleistudio_ide_202204-win64/nucleistudio/toolchain/gcc/bin/../lib/gcc/riscv-nuclei-elf/10.2.0/rv32imac/ilp32\libgcc.a(_clzsi2.o)

.debug_abbrev   0x0000000000000000     0x258a
 .debug_abbrev  0x0000000000000000       0x6a ./hbird_sdk/SoC/hbirdv2/Common/Source/Stubs/close.o
 .debug_abbrev  0x000000000000006a       0x7c ./hbird_sdk/SoC/hbirdv2/Common/Source/Stubs/exit.o
 .debug_abbrev  0x00000000000000e6       0xc9 ./hbird_sdk/SoC/hbirdv2/Common/Source/Stubs/fstat.o
 .debug_abbrev  0x00000000000001af       0x46 ./hbird_sdk/SoC/hbirdv2/Common/Source/Stubs/getpid.o
 .debug_abbrev  0x00000000000001f5       0x57 ./hbird_sdk/SoC/hbirdv2/Common/Source/Stubs/isatty.o
 .debug_abbrev  0x000000000000024c       0x7b ./hbird_sdk/SoC/hbirdv2/Common/Source/Stubs/kill.o
 .debug_abbrev  0x00000000000002c7       0x68 ./hbird_sdk/SoC/hbirdv2/Common/Source/Stubs/lseek.o
 .debug_abbrev  0x000000000000032f      0x102 ./hbird_sdk/SoC/hbirdv2/Common/Source/Stubs/read.o
 .debug_abbrev  0x0000000000000431       0xa8 ./hbird_sdk/SoC/hbirdv2/Common/Source/Stubs/sbrk.o
 .debug_abbrev  0x00000000000004d9      0x11f ./hbird_sdk/SoC/hbirdv2/Common/Source/Stubs/write.o
 .debug_abbrev  0x00000000000005f8       0x14 ./hbird_sdk/SoC/hbirdv2/Common/Source/GCC/intexc_hbirdv2.o
 .debug_abbrev  0x000000000000060c       0x14 ./hbird_sdk/SoC/hbirdv2/Common/Source/GCC/startup_hbirdv2.o
 .debug_abbrev  0x0000000000000620       0xf2 ./hbird_sdk/SoC/hbirdv2/Common/Source/Drivers/hbirdv2_gpio.o
 .debug_abbrev  0x0000000000000712      0x15f ./hbird_sdk/SoC/hbirdv2/Common/Source/Drivers/hbirdv2_uart.o
 .debug_abbrev  0x0000000000000871      0x1ed ./hbird_sdk/SoC/hbirdv2/Common/Source/hbirdv2_common.o
 .debug_abbrev  0x0000000000000a5e      0x47d ./hbird_sdk/SoC/hbirdv2/Common/Source/system_hbirdv2.o
 .debug_abbrev  0x0000000000000edb      0x17c ./application/demo_nice.o
 .debug_abbrev  0x0000000000001057      0x160 ./application/insn.o
 .debug_abbrev  0x00000000000011b7      0x19d z:/downloads/nucleistudio_ide_202204-win64/nucleistudio/toolchain/gcc/bin/../lib/gcc/riscv-nuclei-elf/10.2.0/rv32imac/ilp32\libgcc.a(_udivdi3.o)
 .debug_abbrev  0x0000000000001354       0x70 z:/downloads/nucleistudio_ide_202204-win64/nucleistudio/toolchain/gcc/bin/../lib/gcc/riscv-nuclei-elf/10.2.0/rv32imac/ilp32\libgcc.a(_clz.o)
 .debug_abbrev  0x00000000000013c4      0x173 z:/downloads/nucleistudio_ide_202204-win64/nucleistudio/toolchain/gcc/bin/../lib/gcc/riscv-nuclei-elf/10.2.0/rv32imac/ilp32\libgcc.a(adddf3.o)
 .debug_abbrev  0x0000000000001537      0x173 z:/downloads/nucleistudio_ide_202204-win64/nucleistudio/toolchain/gcc/bin/../lib/gcc/riscv-nuclei-elf/10.2.0/rv32imac/ilp32\libgcc.a(divdf3.o)
 .debug_abbrev  0x00000000000016aa      0x14b z:/downloads/nucleistudio_ide_202204-win64/nucleistudio/toolchain/gcc/bin/../lib/gcc/riscv-nuclei-elf/10.2.0/rv32imac/ilp32\libgcc.a(eqdf2.o)
 .debug_abbrev  0x00000000000017f5      0x15e z:/downloads/nucleistudio_ide_202204-win64/nucleistudio/toolchain/gcc/bin/../lib/gcc/riscv-nuclei-elf/10.2.0/rv32imac/ilp32\libgcc.a(gedf2.o)
 .debug_abbrev  0x0000000000001953      0x15e z:/downloads/nucleistudio_ide_202204-win64/nucleistudio/toolchain/gcc/bin/../lib/gcc/riscv-nuclei-elf/10.2.0/rv32imac/ilp32\libgcc.a(ledf2.o)
 .debug_abbrev  0x0000000000001ab1      0x185 z:/downloads/nucleistudio_ide_202204-win64/nucleistudio/toolchain/gcc/bin/../lib/gcc/riscv-nuclei-elf/10.2.0/rv32imac/ilp32\libgcc.a(muldf3.o)
 .debug_abbrev  0x0000000000001c36      0x173 z:/downloads/nucleistudio_ide_202204-win64/nucleistudio/toolchain/gcc/bin/../lib/gcc/riscv-nuclei-elf/10.2.0/rv32imac/ilp32\libgcc.a(subdf3.o)
 .debug_abbrev  0x0000000000001da9      0x14b z:/downloads/nucleistudio_ide_202204-win64/nucleistudio/toolchain/gcc/bin/../lib/gcc/riscv-nuclei-elf/10.2.0/rv32imac/ilp32\libgcc.a(unorddf2.o)
 .debug_abbrev  0x0000000000001ef4      0x15e z:/downloads/nucleistudio_ide_202204-win64/nucleistudio/toolchain/gcc/bin/../lib/gcc/riscv-nuclei-elf/10.2.0/rv32imac/ilp32\libgcc.a(fixdfsi.o)
 .debug_abbrev  0x0000000000002052      0x164 z:/downloads/nucleistudio_ide_202204-win64/nucleistudio/toolchain/gcc/bin/../lib/gcc/riscv-nuclei-elf/10.2.0/rv32imac/ilp32\libgcc.a(floatsidf.o)
 .debug_abbrev  0x00000000000021b6      0x164 z:/downloads/nucleistudio_ide_202204-win64/nucleistudio/toolchain/gcc/bin/../lib/gcc/riscv-nuclei-elf/10.2.0/rv32imac/ilp32\libgcc.a(floatunsidf.o)
 .debug_abbrev  0x000000000000231a      0x1a6 z:/downloads/nucleistudio_ide_202204-win64/nucleistudio/toolchain/gcc/bin/../lib/gcc/riscv-nuclei-elf/10.2.0/rv32imac/ilp32\libgcc.a(trunctfdf2.o)
 .debug_abbrev  0x00000000000024c0       0xca z:/downloads/nucleistudio_ide_202204-win64/nucleistudio/toolchain/gcc/bin/../lib/gcc/riscv-nuclei-elf/10.2.0/rv32imac/ilp32\libgcc.a(_clzsi2.o)

.debug_loc      0x0000000000000000     0x7081
 .debug_loc     0x0000000000000000       0x13 ./hbird_sdk/SoC/hbirdv2/Common/Source/Stubs/close.o
 .debug_loc     0x0000000000000013       0x13 ./hbird_sdk/SoC/hbirdv2/Common/Source/Stubs/fstat.o
 .debug_loc     0x0000000000000026       0x13 ./hbird_sdk/SoC/hbirdv2/Common/Source/Stubs/isatty.o
 .debug_loc     0x0000000000000039       0x13 ./hbird_sdk/SoC/hbirdv2/Common/Source/Stubs/kill.o
 .debug_loc     0x000000000000004c       0x13 ./hbird_sdk/SoC/hbirdv2/Common/Source/Stubs/lseek.o
 .debug_loc     0x000000000000005f       0x44 ./hbird_sdk/SoC/hbirdv2/Common/Source/Stubs/read.o
 .debug_loc     0x00000000000000a3       0x13 ./hbird_sdk/SoC/hbirdv2/Common/Source/Stubs/sbrk.o
 .debug_loc     0x00000000000000b6       0x7b ./hbird_sdk/SoC/hbirdv2/Common/Source/Stubs/write.o
 .debug_loc     0x0000000000000131      0x306 ./hbird_sdk/SoC/hbirdv2/Common/Source/Drivers/hbirdv2_gpio.o
 .debug_loc     0x0000000000000437      0x3d3 ./hbird_sdk/SoC/hbirdv2/Common/Source/Drivers/hbirdv2_uart.o
 .debug_loc     0x000000000000080a      0x2af ./hbird_sdk/SoC/hbirdv2/Common/Source/hbirdv2_common.o
 .debug_loc     0x0000000000000ab9      0x410 ./hbird_sdk/SoC/hbirdv2/Common/Source/system_hbirdv2.o
 .debug_loc     0x0000000000000ec9      0x286 ./application/demo_nice.o
 .debug_loc     0x000000000000114f       0xc2 ./application/insn.o
 .debug_loc     0x0000000000001211      0xbdd z:/downloads/nucleistudio_ide_202204-win64/nucleistudio/toolchain/gcc/bin/../lib/gcc/riscv-nuclei-elf/10.2.0/rv32imac/ilp32\libgcc.a(_udivdi3.o)
 .debug_loc     0x0000000000001dee     0x11ec z:/downloads/nucleistudio_ide_202204-win64/nucleistudio/toolchain/gcc/bin/../lib/gcc/riscv-nuclei-elf/10.2.0/rv32imac/ilp32\libgcc.a(adddf3.o)
 .debug_loc     0x0000000000002fda     0x1494 z:/downloads/nucleistudio_ide_202204-win64/nucleistudio/toolchain/gcc/bin/../lib/gcc/riscv-nuclei-elf/10.2.0/rv32imac/ilp32\libgcc.a(divdf3.o)
 .debug_loc     0x000000000000446e       0xa4 z:/downloads/nucleistudio_ide_202204-win64/nucleistudio/toolchain/gcc/bin/../lib/gcc/riscv-nuclei-elf/10.2.0/rv32imac/ilp32\libgcc.a(eqdf2.o)
 .debug_loc     0x0000000000004512      0x135 z:/downloads/nucleistudio_ide_202204-win64/nucleistudio/toolchain/gcc/bin/../lib/gcc/riscv-nuclei-elf/10.2.0/rv32imac/ilp32\libgcc.a(gedf2.o)
 .debug_loc     0x0000000000004647      0x135 z:/downloads/nucleistudio_ide_202204-win64/nucleistudio/toolchain/gcc/bin/../lib/gcc/riscv-nuclei-elf/10.2.0/rv32imac/ilp32\libgcc.a(ledf2.o)
 .debug_loc     0x000000000000477c      0xd56 z:/downloads/nucleistudio_ide_202204-win64/nucleistudio/toolchain/gcc/bin/../lib/gcc/riscv-nuclei-elf/10.2.0/rv32imac/ilp32\libgcc.a(muldf3.o)
 .debug_loc     0x00000000000054d2     0x114d z:/downloads/nucleistudio_ide_202204-win64/nucleistudio/toolchain/gcc/bin/../lib/gcc/riscv-nuclei-elf/10.2.0/rv32imac/ilp32\libgcc.a(subdf3.o)
 .debug_loc     0x000000000000661f       0x61 z:/downloads/nucleistudio_ide_202204-win64/nucleistudio/toolchain/gcc/bin/../lib/gcc/riscv-nuclei-elf/10.2.0/rv32imac/ilp32\libgcc.a(unorddf2.o)
 .debug_loc     0x0000000000006680      0x181 z:/downloads/nucleistudio_ide_202204-win64/nucleistudio/toolchain/gcc/bin/../lib/gcc/riscv-nuclei-elf/10.2.0/rv32imac/ilp32\libgcc.a(fixdfsi.o)
 .debug_loc     0x0000000000006801      0x159 z:/downloads/nucleistudio_ide_202204-win64/nucleistudio/toolchain/gcc/bin/../lib/gcc/riscv-nuclei-elf/10.2.0/rv32imac/ilp32\libgcc.a(floatsidf.o)
 .debug_loc     0x000000000000695a      0x14f z:/downloads/nucleistudio_ide_202204-win64/nucleistudio/toolchain/gcc/bin/../lib/gcc/riscv-nuclei-elf/10.2.0/rv32imac/ilp32\libgcc.a(floatunsidf.o)
 .debug_loc     0x0000000000006aa9      0x56d z:/downloads/nucleistudio_ide_202204-win64/nucleistudio/toolchain/gcc/bin/../lib/gcc/riscv-nuclei-elf/10.2.0/rv32imac/ilp32\libgcc.a(trunctfdf2.o)
 .debug_loc     0x0000000000007016       0x6b z:/downloads/nucleistudio_ide_202204-win64/nucleistudio/toolchain/gcc/bin/../lib/gcc/riscv-nuclei-elf/10.2.0/rv32imac/ilp32\libgcc.a(_clzsi2.o)

.debug_aranges  0x0000000000000000      0x560
 .debug_aranges
                0x0000000000000000       0x20 ./hbird_sdk/SoC/hbirdv2/Common/Source/Stubs/close.o
 .debug_aranges
                0x0000000000000020       0x20 ./hbird_sdk/SoC/hbirdv2/Common/Source/Stubs/exit.o
 .debug_aranges
                0x0000000000000040       0x20 ./hbird_sdk/SoC/hbirdv2/Common/Source/Stubs/fstat.o
 .debug_aranges
                0x0000000000000060       0x20 ./hbird_sdk/SoC/hbirdv2/Common/Source/Stubs/getpid.o
 .debug_aranges
                0x0000000000000080       0x20 ./hbird_sdk/SoC/hbirdv2/Common/Source/Stubs/isatty.o
 .debug_aranges
                0x00000000000000a0       0x20 ./hbird_sdk/SoC/hbirdv2/Common/Source/Stubs/kill.o
 .debug_aranges
                0x00000000000000c0       0x20 ./hbird_sdk/SoC/hbirdv2/Common/Source/Stubs/lseek.o
 .debug_aranges
                0x00000000000000e0       0x20 ./hbird_sdk/SoC/hbirdv2/Common/Source/Stubs/read.o
 .debug_aranges
                0x0000000000000100       0x20 ./hbird_sdk/SoC/hbirdv2/Common/Source/Stubs/sbrk.o
 .debug_aranges
                0x0000000000000120       0x20 ./hbird_sdk/SoC/hbirdv2/Common/Source/Stubs/write.o
 .debug_aranges
                0x0000000000000140       0x20 ./hbird_sdk/SoC/hbirdv2/Common/Source/GCC/intexc_hbirdv2.o
 .debug_aranges
                0x0000000000000160       0x20 ./hbird_sdk/SoC/hbirdv2/Common/Source/GCC/startup_hbirdv2.o
 .debug_aranges
                0x0000000000000180       0x60 ./hbird_sdk/SoC/hbirdv2/Common/Source/Drivers/hbirdv2_gpio.o
 .debug_aranges
                0x00000000000001e0       0x98 ./hbird_sdk/SoC/hbirdv2/Common/Source/Drivers/hbirdv2_uart.o
 .debug_aranges
                0x0000000000000278       0x30 ./hbird_sdk/SoC/hbirdv2/Common/Source/hbirdv2_common.o
 .debug_aranges
                0x00000000000002a8       0x98 ./hbird_sdk/SoC/hbirdv2/Common/Source/system_hbirdv2.o
 .debug_aranges
                0x0000000000000340       0x20 ./application/demo_nice.o
 .debug_aranges
                0x0000000000000360       0x28 ./application/insn.o
 .debug_aranges
                0x0000000000000388       0x20 z:/downloads/nucleistudio_ide_202204-win64/nucleistudio/toolchain/gcc/bin/../lib/gcc/riscv-nuclei-elf/10.2.0/rv32imac/ilp32\libgcc.a(_udivdi3.o)
 .debug_aranges
                0x00000000000003a8       0x18 z:/downloads/nucleistudio_ide_202204-win64/nucleistudio/toolchain/gcc/bin/../lib/gcc/riscv-nuclei-elf/10.2.0/rv32imac/ilp32\libgcc.a(_clz.o)
 .debug_aranges
                0x00000000000003c0       0x20 z:/downloads/nucleistudio_ide_202204-win64/nucleistudio/toolchain/gcc/bin/../lib/gcc/riscv-nuclei-elf/10.2.0/rv32imac/ilp32\libgcc.a(adddf3.o)
 .debug_aranges
                0x00000000000003e0       0x20 z:/downloads/nucleistudio_ide_202204-win64/nucleistudio/toolchain/gcc/bin/../lib/gcc/riscv-nuclei-elf/10.2.0/rv32imac/ilp32\libgcc.a(divdf3.o)
 .debug_aranges
                0x0000000000000400       0x20 z:/downloads/nucleistudio_ide_202204-win64/nucleistudio/toolchain/gcc/bin/../lib/gcc/riscv-nuclei-elf/10.2.0/rv32imac/ilp32\libgcc.a(eqdf2.o)
 .debug_aranges
                0x0000000000000420       0x20 z:/downloads/nucleistudio_ide_202204-win64/nucleistudio/toolchain/gcc/bin/../lib/gcc/riscv-nuclei-elf/10.2.0/rv32imac/ilp32\libgcc.a(gedf2.o)
 .debug_aranges
                0x0000000000000440       0x20 z:/downloads/nucleistudio_ide_202204-win64/nucleistudio/toolchain/gcc/bin/../lib/gcc/riscv-nuclei-elf/10.2.0/rv32imac/ilp32\libgcc.a(ledf2.o)
 .debug_aranges
                0x0000000000000460       0x20 z:/downloads/nucleistudio_ide_202204-win64/nucleistudio/toolchain/gcc/bin/../lib/gcc/riscv-nuclei-elf/10.2.0/rv32imac/ilp32\libgcc.a(muldf3.o)
 .debug_aranges
                0x0000000000000480       0x20 z:/downloads/nucleistudio_ide_202204-win64/nucleistudio/toolchain/gcc/bin/../lib/gcc/riscv-nuclei-elf/10.2.0/rv32imac/ilp32\libgcc.a(subdf3.o)
 .debug_aranges
                0x00000000000004a0       0x20 z:/downloads/nucleistudio_ide_202204-win64/nucleistudio/toolchain/gcc/bin/../lib/gcc/riscv-nuclei-elf/10.2.0/rv32imac/ilp32\libgcc.a(unorddf2.o)
 .debug_aranges
                0x00000000000004c0       0x20 z:/downloads/nucleistudio_ide_202204-win64/nucleistudio/toolchain/gcc/bin/../lib/gcc/riscv-nuclei-elf/10.2.0/rv32imac/ilp32\libgcc.a(fixdfsi.o)
 .debug_aranges
                0x00000000000004e0       0x20 z:/downloads/nucleistudio_ide_202204-win64/nucleistudio/toolchain/gcc/bin/../lib/gcc/riscv-nuclei-elf/10.2.0/rv32imac/ilp32\libgcc.a(floatsidf.o)
 .debug_aranges
                0x0000000000000500       0x20 z:/downloads/nucleistudio_ide_202204-win64/nucleistudio/toolchain/gcc/bin/../lib/gcc/riscv-nuclei-elf/10.2.0/rv32imac/ilp32\libgcc.a(floatunsidf.o)
 .debug_aranges
                0x0000000000000520       0x20 z:/downloads/nucleistudio_ide_202204-win64/nucleistudio/toolchain/gcc/bin/../lib/gcc/riscv-nuclei-elf/10.2.0/rv32imac/ilp32\libgcc.a(trunctfdf2.o)
 .debug_aranges
                0x0000000000000540       0x20 z:/downloads/nucleistudio_ide_202204-win64/nucleistudio/toolchain/gcc/bin/../lib/gcc/riscv-nuclei-elf/10.2.0/rv32imac/ilp32\libgcc.a(_clzsi2.o)

.debug_ranges   0x0000000000000000     0x15b8
 .debug_ranges  0x0000000000000000       0x10 ./hbird_sdk/SoC/hbirdv2/Common/Source/Stubs/close.o
 .debug_ranges  0x0000000000000010       0x10 ./hbird_sdk/SoC/hbirdv2/Common/Source/Stubs/exit.o
 .debug_ranges  0x0000000000000020       0x10 ./hbird_sdk/SoC/hbirdv2/Common/Source/Stubs/fstat.o
 .debug_ranges  0x0000000000000030       0x10 ./hbird_sdk/SoC/hbirdv2/Common/Source/Stubs/getpid.o
 .debug_ranges  0x0000000000000040       0x10 ./hbird_sdk/SoC/hbirdv2/Common/Source/Stubs/isatty.o
 .debug_ranges  0x0000000000000050       0x10 ./hbird_sdk/SoC/hbirdv2/Common/Source/Stubs/kill.o
 .debug_ranges  0x0000000000000060       0x10 ./hbird_sdk/SoC/hbirdv2/Common/Source/Stubs/lseek.o
 .debug_ranges  0x0000000000000070       0x10 ./hbird_sdk/SoC/hbirdv2/Common/Source/Stubs/read.o
 .debug_ranges  0x0000000000000080       0x10 ./hbird_sdk/SoC/hbirdv2/Common/Source/Stubs/sbrk.o
 .debug_ranges  0x0000000000000090       0x28 ./hbird_sdk/SoC/hbirdv2/Common/Source/Stubs/write.o
 .debug_ranges  0x00000000000000b8       0x50 ./hbird_sdk/SoC/hbirdv2/Common/Source/Drivers/hbirdv2_gpio.o
 .debug_ranges  0x0000000000000108       0x88 ./hbird_sdk/SoC/hbirdv2/Common/Source/Drivers/hbirdv2_uart.o
 .debug_ranges  0x0000000000000190      0x3d8 ./hbird_sdk/SoC/hbirdv2/Common/Source/hbirdv2_common.o
 .debug_ranges  0x0000000000000568      0x348 ./hbird_sdk/SoC/hbirdv2/Common/Source/system_hbirdv2.o
 .debug_ranges  0x00000000000008b0       0x70 ./application/demo_nice.o
 .debug_ranges  0x0000000000000920       0x40 ./application/insn.o
 .debug_ranges  0x0000000000000960       0xf8 z:/downloads/nucleistudio_ide_202204-win64/nucleistudio/toolchain/gcc/bin/../lib/gcc/riscv-nuclei-elf/10.2.0/rv32imac/ilp32\libgcc.a(_udivdi3.o)
 .debug_ranges  0x0000000000000a58      0x248 z:/downloads/nucleistudio_ide_202204-win64/nucleistudio/toolchain/gcc/bin/../lib/gcc/riscv-nuclei-elf/10.2.0/rv32imac/ilp32\libgcc.a(adddf3.o)
 .debug_ranges  0x0000000000000ca0      0x198 z:/downloads/nucleistudio_ide_202204-win64/nucleistudio/toolchain/gcc/bin/../lib/gcc/riscv-nuclei-elf/10.2.0/rv32imac/ilp32\libgcc.a(divdf3.o)
 .debug_ranges  0x0000000000000e38       0x48 z:/downloads/nucleistudio_ide_202204-win64/nucleistudio/toolchain/gcc/bin/../lib/gcc/riscv-nuclei-elf/10.2.0/rv32imac/ilp32\libgcc.a(eqdf2.o)
 .debug_ranges  0x0000000000000e80       0x50 z:/downloads/nucleistudio_ide_202204-win64/nucleistudio/toolchain/gcc/bin/../lib/gcc/riscv-nuclei-elf/10.2.0/rv32imac/ilp32\libgcc.a(gedf2.o)
 .debug_ranges  0x0000000000000ed0       0x50 z:/downloads/nucleistudio_ide_202204-win64/nucleistudio/toolchain/gcc/bin/../lib/gcc/riscv-nuclei-elf/10.2.0/rv32imac/ilp32\libgcc.a(ledf2.o)
 .debug_ranges  0x0000000000000f20      0x1e0 z:/downloads/nucleistudio_ide_202204-win64/nucleistudio/toolchain/gcc/bin/../lib/gcc/riscv-nuclei-elf/10.2.0/rv32imac/ilp32\libgcc.a(muldf3.o)
 .debug_ranges  0x0000000000001100      0x250 z:/downloads/nucleistudio_ide_202204-win64/nucleistudio/toolchain/gcc/bin/../lib/gcc/riscv-nuclei-elf/10.2.0/rv32imac/ilp32\libgcc.a(subdf3.o)
 .debug_ranges  0x0000000000001350       0x38 z:/downloads/nucleistudio_ide_202204-win64/nucleistudio/toolchain/gcc/bin/../lib/gcc/riscv-nuclei-elf/10.2.0/rv32imac/ilp32\libgcc.a(unorddf2.o)
 .debug_ranges  0x0000000000001388       0x18 z:/downloads/nucleistudio_ide_202204-win64/nucleistudio/toolchain/gcc/bin/../lib/gcc/riscv-nuclei-elf/10.2.0/rv32imac/ilp32\libgcc.a(fixdfsi.o)
 .debug_ranges  0x00000000000013a0       0x68 z:/downloads/nucleistudio_ide_202204-win64/nucleistudio/toolchain/gcc/bin/../lib/gcc/riscv-nuclei-elf/10.2.0/rv32imac/ilp32\libgcc.a(floatsidf.o)
 .debug_ranges  0x0000000000001408       0x70 z:/downloads/nucleistudio_ide_202204-win64/nucleistudio/toolchain/gcc/bin/../lib/gcc/riscv-nuclei-elf/10.2.0/rv32imac/ilp32\libgcc.a(floatunsidf.o)
 .debug_ranges  0x0000000000001478      0x120 z:/downloads/nucleistudio_ide_202204-win64/nucleistudio/toolchain/gcc/bin/../lib/gcc/riscv-nuclei-elf/10.2.0/rv32imac/ilp32\libgcc.a(trunctfdf2.o)
 .debug_ranges  0x0000000000001598       0x20 z:/downloads/nucleistudio_ide_202204-win64/nucleistudio/toolchain/gcc/bin/../lib/gcc/riscv-nuclei-elf/10.2.0/rv32imac/ilp32\libgcc.a(_clzsi2.o)

.debug_line     0x0000000000000000     0xa93e
 .debug_line    0x0000000000000000       0x75 ./hbird_sdk/SoC/hbirdv2/Common/Source/Stubs/close.o
 .debug_line    0x0000000000000075       0xd7 ./hbird_sdk/SoC/hbirdv2/Common/Source/Stubs/exit.o
 .debug_line    0x000000000000014c      0x1d3 ./hbird_sdk/SoC/hbirdv2/Common/Source/Stubs/fstat.o
 .debug_line    0x000000000000031f       0x6c ./hbird_sdk/SoC/hbirdv2/Common/Source/Stubs/getpid.o
 .debug_line    0x000000000000038b       0x6c ./hbird_sdk/SoC/hbirdv2/Common/Source/Stubs/isatty.o
 .debug_line    0x00000000000003f7       0x74 ./hbird_sdk/SoC/hbirdv2/Common/Source/Stubs/kill.o
 .debug_line    0x000000000000046b       0x6b ./hbird_sdk/SoC/hbirdv2/Common/Source/Stubs/lseek.o
 .debug_line    0x00000000000004d6      0x2ac ./hbird_sdk/SoC/hbirdv2/Common/Source/Stubs/read.o
 .debug_line    0x0000000000000782      0x12a ./hbird_sdk/SoC/hbirdv2/Common/Source/Stubs/sbrk.o
 .debug_line    0x00000000000008ac      0x5cf ./hbird_sdk/SoC/hbirdv2/Common/Source/Stubs/write.o
 .debug_line    0x0000000000000e7b       0x97 ./hbird_sdk/SoC/hbirdv2/Common/Source/GCC/intexc_hbirdv2.o
 .debug_line    0x0000000000000f12      0x163 ./hbird_sdk/SoC/hbirdv2/Common/Source/GCC/startup_hbirdv2.o
 .debug_line    0x0000000000001075      0x558 ./hbird_sdk/SoC/hbirdv2/Common/Source/Drivers/hbirdv2_gpio.o
 .debug_line    0x00000000000015cd      0x8c6 ./hbird_sdk/SoC/hbirdv2/Common/Source/Drivers/hbirdv2_uart.o
 .debug_line    0x0000000000001e93      0x97f ./hbird_sdk/SoC/hbirdv2/Common/Source/hbirdv2_common.o
 .debug_line    0x0000000000002812      0xc63 ./hbird_sdk/SoC/hbirdv2/Common/Source/system_hbirdv2.o
 .debug_line    0x0000000000003475      0x638 ./application/demo_nice.o
 .debug_line    0x0000000000003aad      0xf74 ./application/insn.o
 .debug_line    0x0000000000004a21      0x768 z:/downloads/nucleistudio_ide_202204-win64/nucleistudio/toolchain/gcc/bin/../lib/gcc/riscv-nuclei-elf/10.2.0/rv32imac/ilp32\libgcc.a(_udivdi3.o)
 .debug_line    0x0000000000005189       0x72 z:/downloads/nucleistudio_ide_202204-win64/nucleistudio/toolchain/gcc/bin/../lib/gcc/riscv-nuclei-elf/10.2.0/rv32imac/ilp32\libgcc.a(_clz.o)
 .debug_line    0x00000000000051fb     0x102c z:/downloads/nucleistudio_ide_202204-win64/nucleistudio/toolchain/gcc/bin/../lib/gcc/riscv-nuclei-elf/10.2.0/rv32imac/ilp32\libgcc.a(adddf3.o)
 .debug_line    0x0000000000006227      0xf83 z:/downloads/nucleistudio_ide_202204-win64/nucleistudio/toolchain/gcc/bin/../lib/gcc/riscv-nuclei-elf/10.2.0/rv32imac/ilp32\libgcc.a(divdf3.o)
 .debug_line    0x00000000000071aa      0x269 z:/downloads/nucleistudio_ide_202204-win64/nucleistudio/toolchain/gcc/bin/../lib/gcc/riscv-nuclei-elf/10.2.0/rv32imac/ilp32\libgcc.a(eqdf2.o)
 .debug_line    0x0000000000007413      0x2fe z:/downloads/nucleistudio_ide_202204-win64/nucleistudio/toolchain/gcc/bin/../lib/gcc/riscv-nuclei-elf/10.2.0/rv32imac/ilp32\libgcc.a(gedf2.o)
 .debug_line    0x0000000000007711      0x2fe z:/downloads/nucleistudio_ide_202204-win64/nucleistudio/toolchain/gcc/bin/../lib/gcc/riscv-nuclei-elf/10.2.0/rv32imac/ilp32\libgcc.a(ledf2.o)
 .debug_line    0x0000000000007a0f      0xdbe z:/downloads/nucleistudio_ide_202204-win64/nucleistudio/toolchain/gcc/bin/../lib/gcc/riscv-nuclei-elf/10.2.0/rv32imac/ilp32\libgcc.a(muldf3.o)
 .debug_line    0x00000000000087cd     0x1091 z:/downloads/nucleistudio_ide_202204-win64/nucleistudio/toolchain/gcc/bin/../lib/gcc/riscv-nuclei-elf/10.2.0/rv32imac/ilp32\libgcc.a(subdf3.o)
 .debug_line    0x000000000000985e      0x1b4 z:/downloads/nucleistudio_ide_202204-win64/nucleistudio/toolchain/gcc/bin/../lib/gcc/riscv-nuclei-elf/10.2.0/rv32imac/ilp32\libgcc.a(unorddf2.o)
 .debug_line    0x0000000000009a12      0x22d z:/downloads/nucleistudio_ide_202204-win64/nucleistudio/toolchain/gcc/bin/../lib/gcc/riscv-nuclei-elf/10.2.0/rv32imac/ilp32\libgcc.a(fixdfsi.o)
 .debug_line    0x0000000000009c3f      0x267 z:/downloads/nucleistudio_ide_202204-win64/nucleistudio/toolchain/gcc/bin/../lib/gcc/riscv-nuclei-elf/10.2.0/rv32imac/ilp32\libgcc.a(floatsidf.o)
 .debug_line    0x0000000000009ea6      0x287 z:/downloads/nucleistudio_ide_202204-win64/nucleistudio/toolchain/gcc/bin/../lib/gcc/riscv-nuclei-elf/10.2.0/rv32imac/ilp32\libgcc.a(floatunsidf.o)
 .debug_line    0x000000000000a12d      0x713 z:/downloads/nucleistudio_ide_202204-win64/nucleistudio/toolchain/gcc/bin/../lib/gcc/riscv-nuclei-elf/10.2.0/rv32imac/ilp32\libgcc.a(trunctfdf2.o)
 .debug_line    0x000000000000a840       0xfe z:/downloads/nucleistudio_ide_202204-win64/nucleistudio/toolchain/gcc/bin/../lib/gcc/riscv-nuclei-elf/10.2.0/rv32imac/ilp32\libgcc.a(_clzsi2.o)

.debug_str      0x0000000000000000     0x1e6c
 .debug_str     0x0000000000000000      0x245 ./hbird_sdk/SoC/hbirdv2/Common/Source/Stubs/close.o
                                        0x28a (size before relaxing)
 .debug_str     0x0000000000000245       0x40 ./hbird_sdk/SoC/hbirdv2/Common/Source/Stubs/exit.o
                                        0x283 (size before relaxing)
 .debug_str     0x0000000000000285      0x141 ./hbird_sdk/SoC/hbirdv2/Common/Source/Stubs/fstat.o
                                        0x3db (size before relaxing)
 .debug_str     0x00000000000003c6       0x3e ./hbird_sdk/SoC/hbirdv2/Common/Source/Stubs/getpid.o
                                        0x286 (size before relaxing)
 .debug_str     0x0000000000000404       0x3e ./hbird_sdk/SoC/hbirdv2/Common/Source/Stubs/isatty.o
                                        0x286 (size before relaxing)
 .debug_str     0x0000000000000442       0x3a ./hbird_sdk/SoC/hbirdv2/Common/Source/Stubs/kill.o
                                        0x288 (size before relaxing)
 .debug_str     0x000000000000047c       0x4a ./hbird_sdk/SoC/hbirdv2/Common/Source/Stubs/lseek.o
                                        0x297 (size before relaxing)
 .debug_str     0x00000000000004c6       0x66 ./hbird_sdk/SoC/hbirdv2/Common/Source/Stubs/read.o
                                        0x2df (size before relaxing)
 .debug_str     0x000000000000052c       0x5a ./hbird_sdk/SoC/hbirdv2/Common/Source/Stubs/sbrk.o
                                        0x2a7 (size before relaxing)
 .debug_str     0x0000000000000586       0x49 ./hbird_sdk/SoC/hbirdv2/Common/Source/Stubs/write.o
                                        0x2ea (size before relaxing)
 .debug_str     0x00000000000005cf       0x4a ./hbird_sdk/SoC/hbirdv2/Common/Source/GCC/intexc_hbirdv2.o
                                         0x80 (size before relaxing)
 .debug_str     0x0000000000000619       0x3d ./hbird_sdk/SoC/hbirdv2/Common/Source/GCC/startup_hbirdv2.o
                                         0x81 (size before relaxing)
 .debug_str     0x0000000000000656      0x18d ./hbird_sdk/SoC/hbirdv2/Common/Source/Drivers/hbirdv2_gpio.o
                                        0x3f1 (size before relaxing)
 .debug_str     0x00000000000007e3      0x204 ./hbird_sdk/SoC/hbirdv2/Common/Source/Drivers/hbirdv2_uart.o
                                        0x4b3 (size before relaxing)
 .debug_str     0x00000000000009e7      0x128 ./hbird_sdk/SoC/hbirdv2/Common/Source/hbirdv2_common.o
                                        0x391 (size before relaxing)
 .debug_str     0x0000000000000b0f      0x596 ./hbird_sdk/SoC/hbirdv2/Common/Source/system_hbirdv2.o
                                        0x8d2 (size before relaxing)
 .debug_str     0x00000000000010a5       0xd0 ./application/demo_nice.o
                                        0x364 (size before relaxing)
 .debug_str     0x0000000000001175       0x71 ./application/insn.o
                                        0x2ff (size before relaxing)
 .debug_str     0x00000000000011e6      0x272 z:/downloads/nucleistudio_ide_202204-win64/nucleistudio/toolchain/gcc/bin/../lib/gcc/riscv-nuclei-elf/10.2.0/rv32imac/ilp32\libgcc.a(_udivdi3.o)
                                        0x33a (size before relaxing)
 .debug_str     0x0000000000001458       0xb3 z:/downloads/nucleistudio_ide_202204-win64/nucleistudio/toolchain/gcc/bin/../lib/gcc/riscv-nuclei-elf/10.2.0/rv32imac/ilp32\libgcc.a(_clz.o)
                                        0x281 (size before relaxing)
 .debug_str     0x000000000000150b      0x1bd z:/downloads/nucleistudio_ide_202204-win64/nucleistudio/toolchain/gcc/bin/../lib/gcc/riscv-nuclei-elf/10.2.0/rv32imac/ilp32\libgcc.a(adddf3.o)
                                        0x37b (size before relaxing)
 .debug_str     0x00000000000016c8      0x1b7 z:/downloads/nucleistudio_ide_202204-win64/nucleistudio/toolchain/gcc/bin/../lib/gcc/riscv-nuclei-elf/10.2.0/rv32imac/ilp32\libgcc.a(divdf3.o)
                                        0x43d (size before relaxing)
 .debug_str     0x000000000000187f       0x72 z:/downloads/nucleistudio_ide_202204-win64/nucleistudio/toolchain/gcc/bin/../lib/gcc/riscv-nuclei-elf/10.2.0/rv32imac/ilp32\libgcc.a(eqdf2.o)
                                        0x28c (size before relaxing)
 .debug_str     0x00000000000018f1       0x77 z:/downloads/nucleistudio_ide_202204-win64/nucleistudio/toolchain/gcc/bin/../lib/gcc/riscv-nuclei-elf/10.2.0/rv32imac/ilp32\libgcc.a(gedf2.o)
                                        0x2b0 (size before relaxing)
 .debug_str     0x0000000000001968       0x53 z:/downloads/nucleistudio_ide_202204-win64/nucleistudio/toolchain/gcc/bin/../lib/gcc/riscv-nuclei-elf/10.2.0/rv32imac/ilp32\libgcc.a(ledf2.o)
                                        0x2b0 (size before relaxing)
 .debug_str     0x00000000000019bb      0x17a z:/downloads/nucleistudio_ide_202204-win64/nucleistudio/toolchain/gcc/bin/../lib/gcc/riscv-nuclei-elf/10.2.0/rv32imac/ilp32\libgcc.a(muldf3.o)
                                        0x495 (size before relaxing)
 .debug_str     0x0000000000001b35       0x55 z:/downloads/nucleistudio_ide_202204-win64/nucleistudio/toolchain/gcc/bin/../lib/gcc/riscv-nuclei-elf/10.2.0/rv32imac/ilp32\libgcc.a(subdf3.o)
                                        0x37b (size before relaxing)
 .debug_str     0x0000000000001b8a       0x59 z:/downloads/nucleistudio_ide_202204-win64/nucleistudio/toolchain/gcc/bin/../lib/gcc/riscv-nuclei-elf/10.2.0/rv32imac/ilp32\libgcc.a(unorddf2.o)
                                        0x292 (size before relaxing)
 .debug_str     0x0000000000001be3       0x6a z:/downloads/nucleistudio_ide_202204-win64/nucleistudio/toolchain/gcc/bin/../lib/gcc/riscv-nuclei-elf/10.2.0/rv32imac/ilp32\libgcc.a(fixdfsi.o)
                                        0x289 (size before relaxing)
 .debug_str     0x0000000000001c4d       0x88 z:/downloads/nucleistudio_ide_202204-win64/nucleistudio/toolchain/gcc/bin/../lib/gcc/riscv-nuclei-elf/10.2.0/rv32imac/ilp32\libgcc.a(floatsidf.o)
                                        0x328 (size before relaxing)
 .debug_str     0x0000000000001cd5       0x5f z:/downloads/nucleistudio_ide_202204-win64/nucleistudio/toolchain/gcc/bin/../lib/gcc/riscv-nuclei-elf/10.2.0/rv32imac/ilp32\libgcc.a(floatunsidf.o)
                                        0x325 (size before relaxing)
 .debug_str     0x0000000000001d34      0x138 z:/downloads/nucleistudio_ide_202204-win64/nucleistudio/toolchain/gcc/bin/../lib/gcc/riscv-nuclei-elf/10.2.0/rv32imac/ilp32\libgcc.a(trunctfdf2.o)
                                        0x454 (size before relaxing)
 .debug_str     0x0000000000001e6c      0x29e z:/downloads/nucleistudio_ide_202204-win64/nucleistudio/toolchain/gcc/bin/../lib/gcc/riscv-nuclei-elf/10.2.0/rv32imac/ilp32\libgcc.a(_clzsi2.o)

.comment        0x0000000000000000       0x12
 .comment       0x0000000000000000       0x12 ./hbird_sdk/SoC/hbirdv2/Common/Source/Stubs/close.o
                                         0x13 (size before relaxing)
 .comment       0x0000000000000012       0x13 ./hbird_sdk/SoC/hbirdv2/Common/Source/Stubs/exit.o
 .comment       0x0000000000000012       0x13 ./hbird_sdk/SoC/hbirdv2/Common/Source/Stubs/fstat.o
 .comment       0x0000000000000012       0x13 ./hbird_sdk/SoC/hbirdv2/Common/Source/Stubs/getpid.o
 .comment       0x0000000000000012       0x13 ./hbird_sdk/SoC/hbirdv2/Common/Source/Stubs/isatty.o
 .comment       0x0000000000000012       0x13 ./hbird_sdk/SoC/hbirdv2/Common/Source/Stubs/kill.o
 .comment       0x0000000000000012       0x13 ./hbird_sdk/SoC/hbirdv2/Common/Source/Stubs/lseek.o
 .comment       0x0000000000000012       0x13 ./hbird_sdk/SoC/hbirdv2/Common/Source/Stubs/read.o
 .comment       0x0000000000000012       0x13 ./hbird_sdk/SoC/hbirdv2/Common/Source/Stubs/sbrk.o
 .comment       0x0000000000000012       0x13 ./hbird_sdk/SoC/hbirdv2/Common/Source/Stubs/write.o
 .comment       0x0000000000000012       0x13 ./hbird_sdk/SoC/hbirdv2/Common/Source/Drivers/hbirdv2_gpio.o
 .comment       0x0000000000000012       0x13 ./hbird_sdk/SoC/hbirdv2/Common/Source/Drivers/hbirdv2_uart.o
 .comment       0x0000000000000012       0x13 ./hbird_sdk/SoC/hbirdv2/Common/Source/hbirdv2_common.o
 .comment       0x0000000000000012       0x13 ./hbird_sdk/SoC/hbirdv2/Common/Source/system_hbirdv2.o
 .comment       0x0000000000000012       0x13 ./application/demo_nice.o
 .comment       0x0000000000000012       0x13 ./application/insn.o
 .comment       0x0000000000000012       0x13 z:/downloads/nucleistudio_ide_202204-win64/nucleistudio/toolchain/gcc/bin/../lib/gcc/riscv-nuclei-elf/10.2.0/rv32imac/ilp32\libgcc.a(_udivdi3.o)
 .comment       0x0000000000000012       0x13 z:/downloads/nucleistudio_ide_202204-win64/nucleistudio/toolchain/gcc/bin/../lib/gcc/riscv-nuclei-elf/10.2.0/rv32imac/ilp32\libgcc.a(_clz.o)
 .comment       0x0000000000000012       0x13 z:/downloads/nucleistudio_ide_202204-win64/nucleistudio/toolchain/gcc/bin/../lib/gcc/riscv-nuclei-elf/10.2.0/../../../../riscv-nuclei-elf/lib/rv32imac/ilp32\libg_nano.a(lib_a-atexit.o)
 .comment       0x0000000000000012       0x13 z:/downloads/nucleistudio_ide_202204-win64/nucleistudio/toolchain/gcc/bin/../lib/gcc/riscv-nuclei-elf/10.2.0/../../../../riscv-nuclei-elf/lib/rv32imac/ilp32\libg_nano.a(lib_a-fini.o)
 .comment       0x0000000000000012       0x13 z:/downloads/nucleistudio_ide_202204-win64/nucleistudio/toolchain/gcc/bin/../lib/gcc/riscv-nuclei-elf/10.2.0/../../../../riscv-nuclei-elf/lib/rv32imac/ilp32\libg_nano.a(lib_a-init.o)
 .comment       0x0000000000000012       0x13 z:/downloads/nucleistudio_ide_202204-win64/nucleistudio/toolchain/gcc/bin/../lib/gcc/riscv-nuclei-elf/10.2.0/../../../../riscv-nuclei-elf/lib/rv32imac/ilp32\libg_nano.a(lib_a-nano-vfprintf_float.o)
 .comment       0x0000000000000012       0x13 z:/downloads/nucleistudio_ide_202204-win64/nucleistudio/toolchain/gcc/bin/../lib/gcc/riscv-nuclei-elf/10.2.0/../../../../riscv-nuclei-elf/lib/rv32imac/ilp32\libg_nano.a(lib_a-nano-vfprintf_i.o)
 .comment       0x0000000000000012       0x13 z:/downloads/nucleistudio_ide_202204-win64/nucleistudio/toolchain/gcc/bin/../lib/gcc/riscv-nuclei-elf/10.2.0/../../../../riscv-nuclei-elf/lib/rv32imac/ilp32\libg_nano.a(lib_a-printf.o)
 .comment       0x0000000000000012       0x13 z:/downloads/nucleistudio_ide_202204-win64/nucleistudio/toolchain/gcc/bin/../lib/gcc/riscv-nuclei-elf/10.2.0/../../../../riscv-nuclei-elf/lib/rv32imac/ilp32\libg_nano.a(lib_a-putchar.o)
 .comment       0x0000000000000012       0x13 z:/downloads/nucleistudio_ide_202204-win64/nucleistudio/toolchain/gcc/bin/../lib/gcc/riscv-nuclei-elf/10.2.0/../../../../riscv-nuclei-elf/lib/rv32imac/ilp32\libg_nano.a(lib_a-puts.o)
 .comment       0x0000000000000012       0x13 z:/downloads/nucleistudio_ide_202204-win64/nucleistudio/toolchain/gcc/bin/../lib/gcc/riscv-nuclei-elf/10.2.0/../../../../riscv-nuclei-elf/lib/rv32imac/ilp32\libg_nano.a(lib_a-reent.o)
 .comment       0x0000000000000012       0x13 z:/downloads/nucleistudio_ide_202204-win64/nucleistudio/toolchain/gcc/bin/../lib/gcc/riscv-nuclei-elf/10.2.0/../../../../riscv-nuclei-elf/lib/rv32imac/ilp32\libg_nano.a(lib_a-strlen.o)
 .comment       0x0000000000000012       0x13 z:/downloads/nucleistudio_ide_202204-win64/nucleistudio/toolchain/gcc/bin/../lib/gcc/riscv-nuclei-elf/10.2.0/../../../../riscv-nuclei-elf/lib/rv32imac/ilp32\libg_nano.a(lib_a-sysisatty.o)
 .comment       0x0000000000000012       0x13 z:/downloads/nucleistudio_ide_202204-win64/nucleistudio/toolchain/gcc/bin/../lib/gcc/riscv-nuclei-elf/10.2.0/../../../../riscv-nuclei-elf/lib/rv32imac/ilp32\libg_nano.a(lib_a-wbuf.o)
 .comment       0x0000000000000012       0x13 z:/downloads/nucleistudio_ide_202204-win64/nucleistudio/toolchain/gcc/bin/../lib/gcc/riscv-nuclei-elf/10.2.0/../../../../riscv-nuclei-elf/lib/rv32imac/ilp32\libg_nano.a(lib_a-wsetup.o)
 .comment       0x0000000000000012       0x13 z:/downloads/nucleistudio_ide_202204-win64/nucleistudio/toolchain/gcc/bin/../lib/gcc/riscv-nuclei-elf/10.2.0/../../../../riscv-nuclei-elf/lib/rv32imac/ilp32\libg_nano.a(lib_a-__atexit.o)
 .comment       0x0000000000000012       0x13 z:/downloads/nucleistudio_ide_202204-win64/nucleistudio/toolchain/gcc/bin/../lib/gcc/riscv-nuclei-elf/10.2.0/../../../../riscv-nuclei-elf/lib/rv32imac/ilp32\libg_nano.a(lib_a-__call_atexit.o)
 .comment       0x0000000000000012       0x13 z:/downloads/nucleistudio_ide_202204-win64/nucleistudio/toolchain/gcc/bin/../lib/gcc/riscv-nuclei-elf/10.2.0/../../../../riscv-nuclei-elf/lib/rv32imac/ilp32\libg_nano.a(lib_a-dtoa.o)
 .comment       0x0000000000000012       0x13 z:/downloads/nucleistudio_ide_202204-win64/nucleistudio/toolchain/gcc/bin/../lib/gcc/riscv-nuclei-elf/10.2.0/../../../../riscv-nuclei-elf/lib/rv32imac/ilp32\libg_nano.a(lib_a-fflush.o)
 .comment       0x0000000000000012       0x13 z:/downloads/nucleistudio_ide_202204-win64/nucleistudio/toolchain/gcc/bin/../lib/gcc/riscv-nuclei-elf/10.2.0/../../../../riscv-nuclei-elf/lib/rv32imac/ilp32\libg_nano.a(lib_a-findfp.o)